Archive member included to satisfy reference by file (symbol)

/usr/lib/gcc/arm-none-eabi/13.2.1/thumb/v6-m/nofp/libgcc.a(_dvmd_tls.o)
                              CMakeFiles/pico_enclosure_system.dir/home/nout/pico-sdk/src/rp2_common/pico_divider/divider_hardware.S.o (__aeabi_idiv0)
/usr/lib/gcc/arm-none-eabi/13.2.1/../../../arm-none-eabi/lib/thumb/v6-m/nofp/libg.a(libc_a-calloc.o)
                              CMakeFiles/pico_enclosure_system.dir/home/nout/pico-sdk/src/rp2_common/pico_malloc/malloc.c.o (calloc)
/usr/lib/gcc/arm-none-eabi/13.2.1/../../../arm-none-eabi/lib/thumb/v6-m/nofp/libg.a(libc_a-impure.o)
                              /usr/lib/gcc/arm-none-eabi/13.2.1/../../../arm-none-eabi/lib/thumb/v6-m/nofp/libg.a(libc_a-calloc.o) (_impure_ptr)
/usr/lib/gcc/arm-none-eabi/13.2.1/../../../arm-none-eabi/lib/thumb/v6-m/nofp/libg.a(libc_a-callocr.o)
                              /usr/lib/gcc/arm-none-eabi/13.2.1/../../../arm-none-eabi/lib/thumb/v6-m/nofp/libg.a(libc_a-calloc.o) (_calloc_r)
/usr/lib/gcc/arm-none-eabi/13.2.1/../../../arm-none-eabi/lib/thumb/v6-m/nofp/libg.a(libc_a-realloc.o)
                              CMakeFiles/pico_enclosure_system.dir/home/nout/pico-sdk/src/rp2_common/pico_malloc/malloc.c.o (realloc)
/usr/lib/gcc/arm-none-eabi/13.2.1/../../../arm-none-eabi/lib/thumb/v6-m/nofp/libg.a(libc_a-mallocr.o)
                              /usr/lib/gcc/arm-none-eabi/13.2.1/../../../arm-none-eabi/lib/thumb/v6-m/nofp/libg.a(libc_a-callocr.o) (_malloc_r)
/usr/lib/gcc/arm-none-eabi/13.2.1/../../../arm-none-eabi/lib/thumb/v6-m/nofp/libg.a(libc_a-freer.o)
                              /usr/lib/gcc/arm-none-eabi/13.2.1/../../../arm-none-eabi/lib/thumb/v6-m/nofp/libg.a(libc_a-mallocr.o) (_free_r)
/usr/lib/gcc/arm-none-eabi/13.2.1/../../../arm-none-eabi/lib/thumb/v6-m/nofp/libg.a(libc_a-memcmp.o)
                              CMakeFiles/pico_enclosure_system.dir/home/nout/pico-sdk/src/rp2_common/pico_atomic/atomic.c.o (memcmp)
/usr/lib/gcc/arm-none-eabi/13.2.1/../../../arm-none-eabi/lib/thumb/v6-m/nofp/libg.a(libc_a-malloc.o)
                              CMakeFiles/pico_enclosure_system.dir/home/nout/pico-sdk/src/rp2_common/pico_malloc/malloc.c.o (malloc)
/usr/lib/gcc/arm-none-eabi/13.2.1/../../../arm-none-eabi/lib/thumb/v6-m/nofp/libg.a(libc_a-sysconf.o)
                              /usr/lib/gcc/arm-none-eabi/13.2.1/../../../arm-none-eabi/lib/thumb/v6-m/nofp/libg.a(libc_a-mallocr.o) (sysconf)
/usr/lib/gcc/arm-none-eabi/13.2.1/../../../arm-none-eabi/lib/thumb/v6-m/nofp/libg.a(libc_a-init.o)
                              /usr/lib/gcc/arm-none-eabi/13.2.1/../../../arm-none-eabi/lib/thumb/v6-m/nofp/crt0.o (__libc_init_array)
/usr/lib/gcc/arm-none-eabi/13.2.1/../../../arm-none-eabi/lib/thumb/v6-m/nofp/libg.a(libc_a-reallocr.o)
                              /usr/lib/gcc/arm-none-eabi/13.2.1/../../../arm-none-eabi/lib/thumb/v6-m/nofp/libg.a(libc_a-realloc.o) (_realloc_r)
/usr/lib/gcc/arm-none-eabi/13.2.1/../../../arm-none-eabi/lib/thumb/v6-m/nofp/libg.a(libc_a-mktime.o)
                              CMakeFiles/pico_enclosure_system.dir/home/nout/pico-sdk/src/common/pico_util/datetime.c.o (mktime)
/usr/lib/gcc/arm-none-eabi/13.2.1/../../../arm-none-eabi/lib/thumb/v6-m/nofp/libg.a(libc_a-mlock.o)
                              /usr/lib/gcc/arm-none-eabi/13.2.1/../../../arm-none-eabi/lib/thumb/v6-m/nofp/libg.a(libc_a-mallocr.o) (__malloc_lock)
/usr/lib/gcc/arm-none-eabi/13.2.1/../../../arm-none-eabi/lib/thumb/v6-m/nofp/libg.a(libc_a-findfp.o)
                              /usr/lib/gcc/arm-none-eabi/13.2.1/../../../arm-none-eabi/lib/thumb/v6-m/nofp/libg.a(libc_a-impure.o) (__sf)
/usr/lib/gcc/arm-none-eabi/13.2.1/../../../arm-none-eabi/lib/thumb/v6-m/nofp/libg.a(libc_a-tzlock.o)
                              /usr/lib/gcc/arm-none-eabi/13.2.1/../../../arm-none-eabi/lib/thumb/v6-m/nofp/libg.a(libc_a-mktime.o) (__tz_lock)
/usr/lib/gcc/arm-none-eabi/13.2.1/../../../arm-none-eabi/lib/thumb/v6-m/nofp/libg.a(libc_a-ctype_.o)
                              CMakeFiles/pico_enclosure_system.dir/home/nout/pico-sdk/lib/tinyusb/src/tusb.c.o (_ctype_)
/usr/lib/gcc/arm-none-eabi/13.2.1/../../../arm-none-eabi/lib/thumb/v6-m/nofp/libg.a(libc_a-atexit.o)
                              /usr/lib/gcc/arm-none-eabi/13.2.1/../../../arm-none-eabi/lib/thumb/v6-m/nofp/crt0.o (atexit)
/usr/lib/gcc/arm-none-eabi/13.2.1/../../../arm-none-eabi/lib/thumb/v6-m/nofp/libg.a(libc_a-lcltime_r.o)
                              CMakeFiles/pico_enclosure_system.dir/home/nout/pico-sdk/src/common/pico_util/datetime.c.o (localtime_r)
/usr/lib/gcc/arm-none-eabi/13.2.1/../../../arm-none-eabi/lib/thumb/v6-m/nofp/libg.a(libc_a-strlen-stub.o)
                              CMakeFiles/pico_enclosure_system.dir/home/nout/pico-sdk/src/rp2_common/pico_stdio/stdio.c.o (strlen)
/usr/lib/gcc/arm-none-eabi/13.2.1/../../../arm-none-eabi/lib/thumb/v6-m/nofp/libg.a(libc_a-sbrkr.o)
[...]
Memory Configuration

Name             Origin             Length             Attributes
FLASH            0x10000000         0x00200000         xr
RAM              0x20000000         0x00040000         xrw
SCRATCH_X        0x20040000         0x00001000         xrw
SCRATCH_Y        0x20041000         0x00001000         xrw
*default*        0x00000000         0xffffffff

Linker script and memory map

LOAD /usr/lib/gcc/arm-none-eabi/13.2.1/thumb/v6-m/nofp/crti.o
LOAD /usr/lib/gcc/arm-none-eabi/13.2.1/thumb/v6-m/nofp/crtbegin.o
LOAD /usr/lib/gcc/arm-none-eabi/13.2.1/../../../arm-none-eabi/lib/thumb/v6-m/nofp/crt0.o

.flash_begin    0x10000000        0x0
                0x10000000                        __flash_binary_start = .

.boot2          0x10000000      0x100
                0x10000000                        __boot2_start__ = .
 *(.boot2)
 .boot2         0x10000000      0x100 pico-sdk/src/rp2040/boot_stage2/CMakeFiles/bs2_default_library.dir/bs2_default_padded_checksummed.S.o
                0x10000100                        __boot2_end__ = .
                0x00000001                        ASSERT (((__boot2_end__ - __boot2_start__) == 0x100), ERROR: Pico second stage bootloader must be 256 bytes in size)

.text           0x10000100     0x7220
                0x10000100                        __logical_binary_start = .
 *(.vectors)
 .vectors       0x10000100       0xd4 CMakeFiles/pico_enclosure_system.dir/home/nout/pico-sdk/src/rp2_common/pico_crt0/crt0.S.o
                0x10000100                __vectors
                0x10000100                __VECTOR_TABLE
                0x100001c0                isr_invalid
                0x100001c0                __default_isrs_start
                0x100001c2                isr_nmi
                0x100001c4                isr_hardfault
                0x100001c6                isr_svcall
                0x100001c8                isr_pendsv
                0x100001ca                isr_systick
                0x100001cc                isr_irq30
                0x100001cc                __unhandled_user_irq
                0x100001cc                isr_irq13
                0x100001cc                isr_irq27
                0x100001cc                isr_irq31
                0x100001cc                isr_irq5
                0x100001cc                isr_irq11
                0x100001cc                isr_irq23
                0x100001cc                isr_irq18
                0x100001cc                isr_irq28
                0x100001cc                isr_irq19
                0x100001cc                isr_irq0
                0x100001cc                isr_irq6
                0x100001cc                isr_irq22
                0x100001cc                isr_irq17
                0x100001cc                isr_irq14
                0x100001cc                isr_irq2
                0x100001cc                isr_irq10
                0x100001cc                isr_irq8
                0x100001cc                isr_irq24
                0x100001cc                isr_irq1
                0x100001cc                isr_irq7
                0x100001cc                isr_irq21
                0x100001cc                isr_irq20
                0x100001cc                isr_irq15
                0x100001cc                isr_irq25
                0x100001cc                isr_irq4
                0x100001cc                isr_irq16
                0x100001cc                isr_irq29
                0x100001cc                isr_irq26
                0x100001cc                __default_isrs_end
                0x100001cc                isr_irq3
                0x100001cc                isr_irq12
                0x100001cc                isr_irq9
                0x100001d2                unhandled_user_irq_num_in_r0
 *(.binary_info_header)
 .binary_info_header
                0x100001d4       0x14 CMakeFiles/pico_enclosure_system.dir/home/nout/pico-sdk/src/rp2_common/pico_crt0/crt0.S.o
                0x100001e8                        __binary_info_header_end = .
 *(.embedded_block)
                0x100001e8                        __embedded_block_end = .
 *(.reset)
 .reset         0x100001e8       0x9c CMakeFiles/pico_enclosure_system.dir/home/nout/pico-sdk/src/rp2_common/pico_crt0/crt0.S.o
                0x100001e8                _entry_point
 *(.init)
 .init          0x10000284        0x4 /usr/lib/gcc/arm-none-eabi/13.2.1/thumb/v6-m/nofp/crti.o
                0x10000284                _init
 *(EXCLUDE_FILE(*libm.a: *libc.a:*lib_a-mem*.o *libgcc.a:) .text*)
 .text          0x10000288       0x98 /usr/lib/gcc/arm-none-eabi/13.2.1/thumb/v6-m/nofp/crtbegin.o
 .text.protothread1
                0x10000320       0x88 CMakeFiles/pico_enclosure_system.dir/src/main.c.o
 .text.init_pmod
                0x100003a8       0x16 CMakeFiles/pico_enclosure_system.dir/src/main.c.o
                0x100003a8                init_pmod
 *fill*         0x100003be        0x2 
 .text.main     0x100003c0       0x50 CMakeFiles/pico_enclosure_system.dir/src/main.c.o
                0x100003c0                main
 .text.encoder_isr
                0x10000410       0x60 CMakeFiles/pico_enclosure_system.dir/src/rotary_encoder_module.c.o
                0x10000410                encoder_isr
 .text.rotary_encoder_init
                0x10000470       0x44 CMakeFiles/pico_enclosure_system.dir/src/rotary_encoder_module.c.o
                0x10000470                rotary_encoder_init
 .text.get_encoder_pos
                0x100004b4        0xc CMakeFiles/pico_enclosure_system.dir/src/rotary_encoder_module.c.o
                0x100004b4                get_encoder_pos
 .text.mijn_spi_init
                0x100004c0       0x62 CMakeFiles/pico_enclosure_system.dir/src/spi_lib.c.o
                0x100004c0                mijn_spi_init
 .text.mijn_spi_send
                0x10000522       0x7e CMakeFiles/pico_enclosure_system.dir/src/spi_lib.c.o
                0x10000522                mijn_spi_send
 .text.spi_send_command
                0x100005a0       0x12 CMakeFiles/pico_enclosure_system.dir/src/spi_lib.c.o
                0x100005a0                spi_send_command
 .text.spi_send_data
                0x100005b2       0x12 CMakeFiles/pico_enclosure_system.dir/src/spi_lib.c.o
                0x100005b2                spi_send_data
 .text.oled_init
                0x100005c4       0x44 CMakeFiles/pico_enclosure_system.dir/src/oled_lib.c.o
                0x100005c4                oled_init
 .text.oled_clear
                0x10000608       0x46 CMakeFiles/pico_enclosure_system.dir/src/oled_lib.c.o
                0x10000608                oled_clear
 *fill*         0x1000064e        0x2 
 .text.oled_draw_char
                0x10000650       0x60 CMakeFiles/pico_enclosure_system.dir/src/oled_lib.c.o
                0x10000650                oled_draw_char
 .text.oled_draw_text
                0x100006b0       0x3e CMakeFiles/pico_enclosure_system.dir/src/oled_lib.c.o
                0x100006b0                oled_draw_text
 *fill*         0x100006ee        0x2 
 .text.gpio_set_function
                0x100006f0       0x34 CMakeFiles/pico_enclosure_system.dir/home/nout/pico-sdk/src/rp2_common/hardware_gpio/gpio.c.o
                0x100006f0                gpio_set_function
 .text.gpio_set_pulls
                0x10000724       0x38 CMakeFiles/pico_enclosure_system.dir/home/nout/pico-sdk/src/rp2_common/hardware_gpio/gpio.c.o
                0x10000724                gpio_set_pulls
 .text.gpio_set_irq_callback
                0x1000075c       0x48 CMakeFiles/pico_enclosure_system.dir/home/nout/pico-sdk/src/rp2_common/hardware_gpio/gpio.c.o
                0x1000075c                gpio_set_irq_callback
 .text.gpio_acknowledge_irq
                0x100007a4       0x18 CMakeFiles/pico_enclosure_system.dir/home/nout/pico-sdk/src/rp2_common/hardware_gpio/gpio.c.o
                0x100007a4                gpio_acknowledge_irq
 .text._gpio_set_irq_enabled
                0x100007bc       0x38 CMakeFiles/pico_enclosure_system.dir/home/nout/pico-sdk/src/rp2_common/hardware_gpio/gpio.c.o
 .text.gpio_set_irq_enabled
                0x100007f4       0x50 CMakeFiles/pico_enclosure_system.dir/home/nout/pico-sdk/src/rp2_common/hardware_gpio/gpio.c.o
                0x100007f4                gpio_set_irq_enabled
 .text.gpio_set_irq_enabled_with_callback
                0x10000844       0x28 CMakeFiles/pico_enclosure_system.dir/home/nout/pico-sdk/src/rp2_common/hardware_gpio/gpio.c.o
                0x10000844                gpio_set_irq_enabled_with_callback
 .text.gpio_default_irq_handler
                0x1000086c       0xa0 CMakeFiles/pico_enclosure_system.dir/home/nout/pico-sdk/src/rp2_common/hardware_gpio/gpio.c.o
 .text.gpio_init
                0x1000090c       0x16 CMakeFiles/pico_enclosure_system.dir/home/nout/pico-sdk/src/rp2_common/hardware_gpio/gpio.c.o
                0x1000090c                gpio_init
 *fill*         0x10000922        0x2 
 .text.rp2040_chip_version
                0x10000924       0x54 CMakeFiles/pico_enclosure_system.dir/home/nout/pico-sdk/src/rp2040/pico_platform/platform.c.o
                0x10000924                rp2040_chip_version
 .text.panic    0x10000978       0x30 CMakeFiles/pico_enclosure_system.dir/home/nout/pico-sdk/src/rp2_common/pico_platform_panic/panic.c.o
                0x10000978                panic
 .text.hw_claim_lock
                0x100009a8       0x18 CMakeFiles/pico_enclosure_system.dir/home/nout/pico-sdk/src/common/hardware_claim/claim.c.o
                0x100009a8                hw_claim_lock
 .text.hw_claim_unlock
                0x100009c0       0x14 CMakeFiles/pico_enclosure_system.dir/home/nout/pico-sdk/src/common/hardware_claim/claim.c.o
                0x100009c0                hw_claim_unlock
 .text.hw_claim_or_assert
                0x100009d4       0x32 CMakeFiles/pico_enclosure_system.dir/home/nout/pico-sdk/src/common/hardware_claim/claim.c.o
                0x100009d4                hw_claim_or_assert
 .text.hw_claim_unused_from_range
                0x10000a06       0x50 CMakeFiles/pico_enclosure_system.dir/home/nout/pico-sdk/src/common/hardware_claim/claim.c.o
                0x10000a06                hw_claim_unused_from_range
 *fill*         0x10000a56        0x2 
 .text.next_striped_spin_lock_num
                0x10000a58       0x1c CMakeFiles/pico_enclosure_system.dir/home/nout/pico-sdk/src/rp2_common/hardware_sync/sync.c.o
                0x10000a58                next_striped_spin_lock_num
 .text.spin_lock_claim_unused
                0x10000a74       0x24 CMakeFiles/pico_enclosure_system.dir/home/nout/pico-sdk/src/rp2_common/hardware_sync/sync.c.o
                0x10000a74                spin_lock_claim_unused
 .text.spin_locks_reset
                0x10000a98       0x20 CMakeFiles/pico_enclosure_system.dir/home/nout/pico-sdk/src/rp2_common/hardware_sync_spin_lock/sync_spin_lock.c.o
                0x10000a98                spin_locks_reset
 .text.set_raw_irq_handler_and_unlock
                0x10000ab8       0x28 CMakeFiles/pico_enclosure_system.dir/home/nout/pico-sdk/src/rp2_common/hardware_irq/irq.c.o
 .text.nvic_ipr0
                0x10000ae0        0x8 CMakeFiles/pico_enclosure_system.dir/home/nout/pico-sdk/src/rp2_common/hardware_irq/irq.c.o
 .text.runtime_init_per_core_irq_priorities
                0x10000ae8       0x1c CMakeFiles/pico_enclosure_system.dir/home/nout/pico-sdk/src/rp2_common/hardware_irq/irq.c.o
                0x10000ae8                runtime_init_per_core_irq_priorities
 .text.resolve_j_16
                0x10000b04       0x30 CMakeFiles/pico_enclosure_system.dir/home/nout/pico-sdk/src/rp2_common/hardware_irq/irq.c.o
 .text.make_j_16
                0x10000b34       0x48 CMakeFiles/pico_enclosure_system.dir/home/nout/pico-sdk/src/rp2_common/hardware_irq/irq.c.o
 .text.insert_bl_32
                0x10000b7c       0x40 CMakeFiles/pico_enclosure_system.dir/home/nout/pico-sdk/src/rp2_common/hardware_irq/irq.c.o
 .text.irq_is_enabled
                0x10000bbc       0x18 CMakeFiles/pico_enclosure_system.dir/home/nout/pico-sdk/src/rp2_common/hardware_irq/irq.c.o
                0x10000bbc                irq_is_enabled
 .text.irq_set_mask_n_enabled
                0x10000bd4       0x1c CMakeFiles/pico_enclosure_system.dir/home/nout/pico-sdk/src/rp2_common/hardware_irq/irq.c.o
                0x10000bd4                irq_set_mask_n_enabled
 .text.irq_set_enabled
                0x10000bf0       0x14 CMakeFiles/pico_enclosure_system.dir/home/nout/pico-sdk/src/rp2_common/hardware_irq/irq.c.o
                0x10000bf0                irq_set_enabled
 .text.irq_set_pending
                0x10000c04       0x10 CMakeFiles/pico_enclosure_system.dir/home/nout/pico-sdk/src/rp2_common/hardware_irq/irq.c.o
                0x10000c04                irq_set_pending
 .text.irq_get_vtable_handler
                0x10000c14       0x10 CMakeFiles/pico_enclosure_system.dir/home/nout/pico-sdk/src/rp2_common/hardware_irq/irq.c.o
                0x10000c14                irq_get_vtable_handler
 .text.irq_has_handler
                0x10000c24       0x20 CMakeFiles/pico_enclosure_system.dir/home/nout/pico-sdk/src/rp2_common/hardware_irq/irq.c.o
                0x10000c24                irq_has_handler
 .text.irq_has_shared_handler
                0x10000c44       0x1c CMakeFiles/pico_enclosure_system.dir/home/nout/pico-sdk/src/rp2_common/hardware_irq/irq.c.o
                0x10000c44                irq_has_shared_handler
 .text.irq_set_exclusive_handler
                0x10000c60       0x54 CMakeFiles/pico_enclosure_system.dir/home/nout/pico-sdk/src/rp2_common/hardware_irq/irq.c.o
                0x10000c60                irq_set_exclusive_handler
 .text.irq_add_shared_handler
                0x10000cb4      0x218 CMakeFiles/pico_enclosure_system.dir/home/nout/pico-sdk/src/rp2_common/hardware_irq/irq.c.o
                0x10000cb4                irq_add_shared_handler
 .text.irq_remove_handler
                0x10000ecc      0x18c CMakeFiles/pico_enclosure_system.dir/home/nout/pico-sdk/src/rp2_common/hardware_irq/irq.c.o
                0x10000ecc                irq_remove_handler
 .text.irq_add_tail_to_free_list
                0x10001058       0xf0 CMakeFiles/pico_enclosure_system.dir/home/nout/pico-sdk/src/rp2_common/hardware_irq/irq.c.o
                0x10001058                irq_add_tail_to_free_list
 .text.user_irq_claim_unused
                0x10001148       0x2c CMakeFiles/pico_enclosure_system.dir/home/nout/pico-sdk/src/rp2_common/hardware_irq/irq.c.o
                0x10001148                user_irq_claim_unused
 .text.lock_init
                0x10001174       0x10 CMakeFiles/pico_enclosure_system.dir/home/nout/pico-sdk/src/common/pico_sync/lock_core.c.o
                0x10001174                lock_init
 .text.mutex_init
                0x10001184       0x1a CMakeFiles/pico_enclosure_system.dir/home/nout/pico-sdk/src/common/pico_sync/mutex.c.o
                0x10001184                mutex_init
 .text.recursive_mutex_init
                0x1000119e       0x1e CMakeFiles/pico_enclosure_system.dir/home/nout/pico-sdk/src/common/pico_sync/mutex.c.o
                0x1000119e                recursive_mutex_init
 .text.runtime_init_mutex
                0x100011bc       0x4c CMakeFiles/pico_enclosure_system.dir/home/nout/pico-sdk/src/common/pico_sync/mutex.c.o
                0x100011bc                runtime_init_mutex
 .text.critical_section_init_with_lock_num
                0x10001208       0x14 CMakeFiles/pico_enclosure_system.dir/home/nout/pico-sdk/src/common/pico_sync/critical_section.c.o
                0x10001208                critical_section_init_with_lock_num
 .text.critical_section_init
                0x1000121c       0x14 CMakeFiles/pico_enclosure_system.dir/home/nout/pico-sdk/src/common/pico_sync/critical_section.c.o
                0x1000121c                critical_section_init
 .text.ta_set_timeout
                0x10001230       0x24 CMakeFiles/pico_enclosure_system.dir/home/nout/pico-sdk/src/common/pico_time/time.c.o
 .text.make_alarm_id
                0x10001254        0x6 CMakeFiles/pico_enclosure_system.dir/home/nout/pico-sdk/src/common/pico_time/time.c.o
 *fill*         0x1000125a        0x2 
 .text.sleep_until_callback
                0x1000125c       0x30 CMakeFiles/pico_enclosure_system.dir/home/nout/pico-sdk/src/common/pico_time/time.c.o
 .text.alarm_pool_irq_handler
                0x1000128c      0x2e8 CMakeFiles/pico_enclosure_system.dir/home/nout/pico-sdk/src/common/pico_time/time.c.o
 .text.ta_enable_irq_handler
                0x10001574       0x2c CMakeFiles/pico_enclosure_system.dir/home/nout/pico-sdk/src/common/pico_time/time.c.o
 .text.alarm_pool_post_alloc_init
                0x100015a0       0x78 CMakeFiles/pico_enclosure_system.dir/home/nout/pico-sdk/src/common/pico_time/time.c.o
 .text.alarm_pool_get_default
                0x10001618       0x2c CMakeFiles/pico_enclosure_system.dir/home/nout/pico-sdk/src/common/pico_time/time.c.o
                0x10001618                alarm_pool_get_default
 .text.alarm_pool_add_alarm_at_force_in_context
                0x10001644       0xa4 CMakeFiles/pico_enclosure_system.dir/home/nout/pico-sdk/src/common/pico_time/time.c.o
                0x10001644                alarm_pool_add_alarm_at_force_in_context
 .text.alarm_pool_add_alarm_at
                0x100016e8       0x3c CMakeFiles/pico_enclosure_system.dir/home/nout/pico-sdk/src/common/pico_time/time.c.o
                0x100016e8                alarm_pool_add_alarm_at
 .text.add_alarm_at
                0x10001724       0x2e CMakeFiles/pico_enclosure_system.dir/home/nout/pico-sdk/src/common/pico_time/time.c.o
 *fill*         0x10001752        0x2 
 .text.alarm_pool_cancel_alarm
                0x10001754       0x78 CMakeFiles/pico_enclosure_system.dir/home/nout/pico-sdk/src/common/pico_time/time.c.o
                0x10001754                alarm_pool_cancel_alarm
 .text.cancel_alarm
                0x100017cc       0x10 CMakeFiles/pico_enclosure_system.dir/home/nout/pico-sdk/src/common/pico_time/time.c.o
 .text.alarm_pool_core_num
                0x100017dc        0x4 CMakeFiles/pico_enclosure_system.dir/home/nout/pico-sdk/src/common/pico_time/time.c.o
                0x100017dc                alarm_pool_core_num
 .text.sleep_until
                0x100017e0       0xc0 CMakeFiles/pico_enclosure_system.dir/home/nout/pico-sdk/src/common/pico_time/time.c.o
                0x100017e0                sleep_until
 .text.sleep_us
                0x100018a0       0x24 CMakeFiles/pico_enclosure_system.dir/home/nout/pico-sdk/src/common/pico_time/time.c.o
                0x100018a0                sleep_us
 .text.sleep_ms
                0x100018c4       0x14 CMakeFiles/pico_enclosure_system.dir/home/nout/pico-sdk/src/common/pico_time/time.c.o
                0x100018c4                sleep_ms
 .text.best_effort_wfe_or_timeout
                0x100018d8      0x12c CMakeFiles/pico_enclosure_system.dir/home/nout/pico-sdk/src/common/pico_time/time.c.o
                0x100018d8                best_effort_wfe_or_timeout
 .text.alarm_pool_get_default_timer
                0x10001a04        0x8 CMakeFiles/pico_enclosure_system.dir/home/nout/pico-sdk/src/common/pico_time/time.c.o
                0x10001a04                alarm_pool_get_default_timer
 .text.runtime_init_default_alarm_pool
                0x10001a0c       0x38 CMakeFiles/pico_enclosure_system.dir/home/nout/pico-sdk/src/common/pico_time/time.c.o
                0x10001a0c                runtime_init_default_alarm_pool
 .text.timer_hardware_alarm_claim
                0x10001a44       0x14 CMakeFiles/pico_enclosure_system.dir/home/nout/pico-sdk/src/rp2_common/hardware_timer/timer.c.o
                0x10001a44                timer_hardware_alarm_claim
 .text.timer_time_us_64
                0x10001a58       0x10 CMakeFiles/pico_enclosure_system.dir/home/nout/pico-sdk/src/rp2_common/hardware_timer/timer.c.o
                0x10001a58                timer_time_us_64
 .text.timer_busy_wait_until
                0x10001a68       0x1a CMakeFiles/pico_enclosure_system.dir/home/nout/pico-sdk/src/rp2_common/hardware_timer/timer.c.o
                0x10001a68                timer_busy_wait_until
 *fill*         0x10001a82        0x2 
 .text.time_us_64
                0x10001a84       0x10 CMakeFiles/pico_enclosure_system.dir/home/nout/pico-sdk/src/rp2_common/hardware_timer/timer.c.o
                0x10001a84                time_us_64
 .text.busy_wait_until
                0x10001a94       0x14 CMakeFiles/pico_enclosure_system.dir/home/nout/pico-sdk/src/rp2_common/hardware_timer/timer.c.o
                0x10001a94                busy_wait_until
 .text.clock_configure_internal
                0x10001aa8       0xc4 CMakeFiles/pico_enclosure_system.dir/home/nout/pico-sdk/src/rp2_common/hardware_clocks/clocks.c.o
 .text.clock_configure_int_divider
                0x10001b6c       0x28 CMakeFiles/pico_enclosure_system.dir/home/nout/pico-sdk/src/rp2_common/hardware_clocks/clocks.c.o
                0x10001b6c                clock_configure_int_divider
 .text.clock_configure_undivided
                0x10001b94       0x12 CMakeFiles/pico_enclosure_system.dir/home/nout/pico-sdk/src/rp2_common/hardware_clocks/clocks.c.o
                0x10001b94                clock_configure_undivided
 *fill*         0x10001ba6        0x2 
 .text.clock_get_hz
                0x10001ba8        0xc CMakeFiles/pico_enclosure_system.dir/home/nout/pico-sdk/src/rp2_common/hardware_clocks/clocks.c.o
                0x10001ba8                clock_get_hz
 .text.pll_init
                0x10001bb4      0x124 CMakeFiles/pico_enclosure_system.dir/home/nout/pico-sdk/src/rp2_common/hardware_pll/pll.c.o
                0x10001bb4                pll_init
 .text.watchdog_update
                0x10001cd8       0x14 CMakeFiles/pico_enclosure_system.dir/home/nout/pico-sdk/src/rp2_common/hardware_watchdog/watchdog.c.o
                0x10001cd8                watchdog_update
 .text._watchdog_enable
                0x10001cec       0x7c CMakeFiles/pico_enclosure_system.dir/home/nout/pico-sdk/src/rp2_common/hardware_watchdog/watchdog.c.o
                0x10001cec                _watchdog_enable
 .text.watchdog_reboot
                0x10001d68       0x48 CMakeFiles/pico_enclosure_system.dir/home/nout/pico-sdk/src/rp2_common/hardware_watchdog/watchdog.c.o
                0x10001d68                watchdog_reboot
 .text.tick_start
                0x10001db0       0x10 CMakeFiles/pico_enclosure_system.dir/home/nout/pico-sdk/src/rp2_common/hardware_ticks/ticks.c.o
                0x10001db0                tick_start
 .text.rom_func_lookup
                0x10001dc0       0x10 CMakeFiles/pico_enclosure_system.dir/home/nout/pico-sdk/src/rp2_common/pico_bootrom/bootrom.c.o
                0x10001dc0                rom_func_lookup
 .text.rom_data_lookup
                0x10001dd0       0x10 CMakeFiles/pico_enclosure_system.dir/home/nout/pico-sdk/src/rp2_common/pico_bootrom/bootrom.c.o
                0x10001dd0                rom_data_lookup
 .text.rom_funcs_lookup
                0x10001de0       0x36 CMakeFiles/pico_enclosure_system.dir/home/nout/pico-sdk/src/rp2_common/pico_bootrom/bootrom.c.o
                0x10001de0                rom_funcs_lookup
 *fill*         0x10001e16        0x2 
 .text.rom_reset_usb_boot_extra
                0x10001e18       0x24 CMakeFiles/pico_enclosure_system.dir/home/nout/pico-sdk/src/rp2_common/pico_bootrom/bootrom.c.o
                0x10001e18                rom_reset_usb_boot_extra
 .text.xosc_init
                0x10001e3c       0x2c CMakeFiles/pico_enclosure_system.dir/home/nout/pico-sdk/src/rp2_common/hardware_xosc/xosc.c.o
                0x10001e3c                xosc_init
 .text.runtime_run_initializers_from
                0x10001e68       0x18 CMakeFiles/pico_enclosure_system.dir/home/nout/pico-sdk/src/rp2_common/pico_runtime/runtime.c.o
 .text.first_per_core_initializer
                0x10001e80        0x2 CMakeFiles/pico_enclosure_system.dir/home/nout/pico-sdk/src/rp2_common/pico_runtime/runtime.c.o
 *fill*         0x10001e82        0x2 
 .text.runtime_run_initializers
                0x10001e84       0x10 CMakeFiles/pico_enclosure_system.dir/home/nout/pico-sdk/src/rp2_common/pico_runtime/runtime.c.o
                0x10001e84                runtime_run_initializers
 .text.runtime_init_early_resets
                0x10001e94       0x2c CMakeFiles/pico_enclosure_system.dir/home/nout/pico-sdk/src/rp2_common/pico_runtime_init/runtime_init.c.o
                0x10001e94                runtime_init_early_resets
 .text.runtime_init_usb_power_down
                0x10001ec0       0x1c CMakeFiles/pico_enclosure_system.dir/home/nout/pico-sdk/src/rp2_common/pico_runtime_init/runtime_init.c.o
                0x10001ec0                runtime_init_usb_power_down
 .text.runtime_init_post_clock_resets
                0x10001edc       0x20 CMakeFiles/pico_enclosure_system.dir/home/nout/pico-sdk/src/rp2_common/pico_runtime_init/runtime_init.c.o
                0x10001edc                runtime_init_post_clock_resets
 .text.runtime_init_rp2040_gpio_ie_disable
                0x10001efc       0x14 CMakeFiles/pico_enclosure_system.dir/home/nout/pico-sdk/src/rp2_common/pico_runtime_init/runtime_init.c.o
                0x10001efc                runtime_init_rp2040_gpio_ie_disable
 .text.runtime_init_spin_locks_reset
                0x10001f10        0x8 CMakeFiles/pico_enclosure_system.dir/home/nout/pico-sdk/src/rp2_common/pico_runtime_init/runtime_init.c.o
                0x10001f10                runtime_init_spin_locks_reset
 .text.runtime_init_install_ram_vector_table
                0x10001f18       0x1c CMakeFiles/pico_enclosure_system.dir/home/nout/pico-sdk/src/rp2_common/pico_runtime_init/runtime_init.c.o
                0x10001f18                runtime_init_install_ram_vector_table
 .text.start_all_ticks
                0x10001f34       0x28 CMakeFiles/pico_enclosure_system.dir/home/nout/pico-sdk/src/rp2_common/pico_runtime_init/runtime_init_clocks.c.o
 .text.runtime_init_clocks
                0x10001f5c       0xcc CMakeFiles/pico_enclosure_system.dir/home/nout/pico-sdk/src/rp2_common/pico_runtime_init/runtime_init_clocks.c.o
                0x10001f5c                runtime_init_clocks
 .text          0x10002028       0x10 CMakeFiles/pico_enclosure_system.dir/home/nout/pico-sdk/src/rp2_common/pico_bit_ops/bit_ops_aeabi.S.o
 .text.__wrap___aeabi_idiv
                0x10002038       0x50 CMakeFiles/pico_enclosure_system.dir/home/nout/pico-sdk/src/rp2_common/pico_divider/divider_hardware.S.o
                0x10002038                __wrap___aeabi_idivmod
                0x10002038                divmod_s32s32
                0x10002038                div_s32s32
                0x10002038                __wrap___aeabi_idiv
                0x10002040                divmod_s32s32_unsafe
                0x1000206c                divmod_s32s32_savestate
 .text.__wrap___aeabi_uidiv
                0x10002088       0x4c CMakeFiles/pico_enclosure_system.dir/home/nout/pico-sdk/src/rp2_common/pico_divider/divider_hardware.S.o
                0x10002088                __wrap___aeabi_uidiv
                0x10002088                __wrap___aeabi_uidivmod
                0x10002088                div_u32u32
                0x10002088                divmod_u32u32
                0x10002090                divmod_u32u32_unsafe
                0x100020b8                divmod_u32u32_savestate
 .text.__wrap___aeabi_ldiv
                0x100020d4      0x424 CMakeFiles/pico_enclosure_system.dir/home/nout/pico-sdk/src/rp2_common/pico_divider/divider_hardware.S.o
                0x100020d4                div_s64s64
                0x100020d4                divmod_s64s64
                0x100020d4                __wrap___aeabi_ldivmod
                0x10002104                div_u64u64
                0x10002104                divmod_u64u64
                0x10002104                __wrap___aeabi_uldivmod
                0x10002114                divmod_u64u64_savestate
                0x10002134                divmod_s64s64_unsafe
                0x100021bc                divmod_u64u64_unsafe
 .text.__wrap___aeabi_darithmetic
                0x100024f8       0x80 CMakeFiles/pico_enclosure_system.dir/home/nout/pico-sdk/src/rp2_common/pico_double/double_aeabi_rp2040.S.o
                0x100024f8                __wrap___aeabi_drsub
                0x100024fe                __wrap___aeabi_dsub
                0x10002510                __wrap___aeabi_dadd
                0x10002522                __wrap___aeabi_ddiv
                0x1000255e                __wrap___aeabi_dmul
 .text.__wrap___aeabi_cdcmple
                0x10002578       0x6c CMakeFiles/pico_enclosure_system.dir/home/nout/pico-sdk/src/rp2_common/pico_double/double_aeabi_rp2040.S.o
                0x10002578                __wrap___aeabi_cdrcmple
                0x10002588                __wrap___aeabi_cdcmple
                0x10002588                __wrap___aeabi_cdcmpeq
 .text.__wrap___aeabi_dcmplt
                0x100025e4        0xc CMakeFiles/pico_enclosure_system.dir/home/nout/pico-sdk/src/rp2_common/pico_double/double_aeabi_rp2040.S.o
                0x100025e4                __wrap___aeabi_dcmplt
 .text.__wrap___aeabi_dcmple
                0x100025f0       0x10 CMakeFiles/pico_enclosure_system.dir/home/nout/pico-sdk/src/rp2_common/pico_double/double_aeabi_rp2040.S.o
                0x100025f0                __wrap___aeabi_dcmple
 .text.__wrap___aeabi_dcmpge
                0x10002600       0x10 CMakeFiles/pico_enclosure_system.dir/home/nout/pico-sdk/src/rp2_common/pico_double/double_aeabi_rp2040.S.o
                0x10002600                __wrap___aeabi_dcmpge
 .text.__wrap___aeabi_dcmpgt
                0x10002610        0xa CMakeFiles/pico_enclosure_system.dir/home/nout/pico-sdk/src/rp2_common/pico_double/double_aeabi_rp2040.S.o
                0x10002610                __wrap___aeabi_dcmpgt
 .text.__wrap___aeabi_dcmpun
                0x1000261a       0x18 CMakeFiles/pico_enclosure_system.dir/home/nout/pico-sdk/src/rp2_common/pico_double/double_aeabi_rp2040.S.o
                0x1000261a                __wrap___aeabi_dcmpun
 *fill*         0x10002632        0x2 
 .text.__wrap___aeabi_i2d
                0x10002634       0x38 CMakeFiles/pico_enclosure_system.dir/home/nout/pico-sdk/src/rp2_common/pico_double/double_aeabi_rp2040.S.o
                0x10002634                __wrap___aeabi_ui2d
                0x10002634                uint2double
                0x1000263c                __wrap___aeabi_i2d
                0x1000263c                int2double
 .text.__wrap___aeabi_d2iz
                0x1000266c       0x48 CMakeFiles/pico_enclosure_system.dir/home/nout/pico-sdk/src/rp2_common/pico_double/double_aeabi_rp2040.S.o
                0x1000266c                __wrap___aeabi_d2iz
                0x1000266c                double2int_z
 .text.__wrap___aeabi_d2uiz
                0x100026b4       0x18 CMakeFiles/pico_enclosure_system.dir/home/nout/pico-sdk/src/rp2_common/pico_double/double_aeabi_rp2040.S.o
                0x100026b4                double2uint_z
                0x100026b4                double2uint
                0x100026b4                __wrap___aeabi_d2uiz
 .text.__aeabi_double_init
                0x100026cc       0xcc CMakeFiles/pico_enclosure_system.dir/home/nout/pico-sdk/src/rp2_common/pico_double/double_init_rom_rp2040.c.o
                0x100026cc                __aeabi_double_init
 .text.double_table_shim_on_use_helper
                0x10002798       0x34 CMakeFiles/pico_enclosure_system.dir/home/nout/pico-sdk/src/rp2_common/pico_double/double_v1_rom_shim_rp2040.S.o
                0x10002798                double_table_shim_on_use_helper
 .text.__wrap___aeabi_dsub
                0x100027cc       0x10 CMakeFiles/pico_enclosure_system.dir/home/nout/pico-sdk/src/rp2_common/pico_double/double_v1_rom_shim_rp2040.S.o
                0x100027cc                drsub_shim
                0x100027d2                dsub_shim
 .text.dadd_shim
                0x100027dc      0x15c CMakeFiles/pico_enclosure_system.dir/home/nout/pico-sdk/src/rp2_common/pico_double/double_v1_rom_shim_rp2040.S.o
                0x100027dc                dadd_shim
 .text.dmul_shim
                0x10002938      0x15c CMakeFiles/pico_enclosure_system.dir/home/nout/pico-sdk/src/rp2_common/pico_double/double_v1_rom_shim_rp2040.S.o
                0x10002938                dmul_shim
 .text.ddiv_shim
                0x10002a94      0x1b0 CMakeFiles/pico_enclosure_system.dir/home/nout/pico-sdk/src/rp2_common/pico_double/double_v1_rom_shim_rp2040.S.o
                0x10002a94                ddiv_shim
 .text.double2uint_shim
                0x10002c44        0xe CMakeFiles/pico_enclosure_system.dir/home/nout/pico-sdk/src/rp2_common/pico_double/double_v1_rom_shim_rp2040.S.o
                0x10002c44                double2uint_shim
                0x10002c46                double2ufix_shim
 *fill*         0x10002c52        0x2 
 .text.double2uint64_shim
                0x10002c54       0x70 CMakeFiles/pico_enclosure_system.dir/home/nout/pico-sdk/src/rp2_common/pico_double/double_v1_rom_shim_rp2040.S.o
                0x10002c54                double2uint64_shim
                0x10002c56                double2ufix64_shim
                0x10002c76                d2fix_a
 .text.dunpacks
                0x10002cc4       0x3c CMakeFiles/pico_enclosure_system.dir/home/nout/pico-sdk/src/rp2_common/pico_double/double_v1_rom_shim_rp2040.S.o
                0x10002cc4                dunpacks
 .text.__aeabi_lmul
                0x10002d00       0x32 CMakeFiles/pico_enclosure_system.dir/home/nout/pico-sdk/src/rp2_common/pico_int64_ops/pico_int64_ops_aeabi.S.o
                0x10002d00                __wrap___aeabi_lmul
 *fill*         0x10002d32        0x2 
 .text.__aeabi_float_init
                0x10002d34       0xfc CMakeFiles/pico_enclosure_system.dir/home/nout/pico-sdk/src/rp2_common/pico_float/float_init_rom_rp2040.c.o
                0x10002d34                __aeabi_float_init
 .text.float_table_shim_on_use_helper
                0x10002e30       0x34 CMakeFiles/pico_enclosure_system.dir/home/nout/pico-sdk/src/rp2_common/pico_float/float_v1_rom_shim_rp2040.S.o
                0x10002e30                float_table_shim_on_use_helper
 .text          0x10002e64       0x10 CMakeFiles/pico_enclosure_system.dir/home/nout/pico-sdk/src/rp2_common/pico_mem_ops/mem_ops_aeabi.S.o
                0x10002e64                __aeabi_mem_init
 .text.memset   0x10002e74        0xc CMakeFiles/pico_enclosure_system.dir/home/nout/pico-sdk/src/rp2_common/pico_mem_ops/mem_ops_aeabi.S.o
                0x10002e74                __wrap_memset
 .text.memcpy   0x10002e80        0xc CMakeFiles/pico_enclosure_system.dir/home/nout/pico-sdk/src/rp2_common/pico_mem_ops/mem_ops_aeabi.S.o
                0x10002e80                __wrap___aeabi_memcpy
                0x10002e80                __wrap_memcpy
 .text._out_buffer
                0x10002e8c        0x8 CMakeFiles/pico_enclosure_system.dir/home/nout/pico-sdk/src/rp2_common/pico_printf/printf.c.o
 .text._out_null
                0x10002e94        0x2 CMakeFiles/pico_enclosure_system.dir/home/nout/pico-sdk/src/rp2_common/pico_printf/printf.c.o
 .text._out_fct
                0x10002e96        0xe CMakeFiles/pico_enclosure_system.dir/home/nout/pico-sdk/src/rp2_common/pico_printf/printf.c.o
 .text._atoi    0x10002ea4       0x24 CMakeFiles/pico_enclosure_system.dir/home/nout/pico-sdk/src/rp2_common/pico_printf/printf.c.o
 .text._out_rev
                0x10002ec8       0xae CMakeFiles/pico_enclosure_system.dir/home/nout/pico-sdk/src/rp2_common/pico_printf/printf.c.o
 .text._ntoa_format
                0x10002f76      0x110 CMakeFiles/pico_enclosure_system.dir/home/nout/pico-sdk/src/rp2_common/pico_printf/printf.c.o
 .text._ntoa_long
                0x10003086       0xbc CMakeFiles/pico_enclosure_system.dir/home/nout/pico-sdk/src/rp2_common/pico_printf/printf.c.o
 .text._ntoa_long_long
                0x10003142      0x10e CMakeFiles/pico_enclosure_system.dir/home/nout/pico-sdk/src/rp2_common/pico_printf/printf.c.o
 .text._etoa    0x10003250      0x420 CMakeFiles/pico_enclosure_system.dir/home/nout/pico-sdk/src/rp2_common/pico_printf/printf.c.o
 .text._ftoa    0x10003670      0x354 CMakeFiles/pico_enclosure_system.dir/home/nout/pico-sdk/src/rp2_common/pico_printf/printf.c.o
 .text._vsnprintf
                0x100039c4      0x668 CMakeFiles/pico_enclosure_system.dir/home/nout/pico-sdk/src/rp2_common/pico_printf/printf.c.o
 .text.__wrap_snprintf
                0x1000402c       0x28 CMakeFiles/pico_enclosure_system.dir/home/nout/pico-sdk/src/rp2_common/pico_printf/printf.c.o
                0x1000402c                __wrap_snprintf
 .text.vfctprintf
                0x10004054       0x20 CMakeFiles/pico_enclosure_system.dir/home/nout/pico-sdk/src/rp2_common/pico_printf/printf.c.o
                0x10004054                vfctprintf
 .text._exit    0x10004074        0x4 CMakeFiles/pico_enclosure_system.dir/home/nout/pico-sdk/src/rp2_common/pico_clib_interface/newlib_interface.c.o
                0x10004074                _exit
 .text.exit     0x10004078        0x6 CMakeFiles/pico_enclosure_system.dir/home/nout/pico-sdk/src/rp2_common/pico_clib_interface/newlib_interface.c.o
                0x10004078                exit
 *fill*         0x1000407e        0x2 
 .text.__assert_func
                0x10004080       0x38 CMakeFiles/pico_enclosure_system.dir/home/nout/pico-sdk/src/rp2_common/pico_clib_interface/newlib_interface.c.o
                0x10004080                __assert_func
 .text.runtime_init
                0x100040b8       0x28 CMakeFiles/pico_enclosure_system.dir/home/nout/pico-sdk/src/rp2_common/pico_clib_interface/newlib_interface.c.o
                0x100040b8                runtime_init
 .text.stdio_out_chars_no_crlf
                0x100040e0        0xe CMakeFiles/pico_enclosure_system.dir/home/nout/pico-sdk/src/rp2_common/pico_stdio/stdio.c.o
 *fill*         0x100040ee        0x2 
 .text.stdio_out_chars_crlf
                0x100040f0       0x80 CMakeFiles/pico_enclosure_system.dir/home/nout/pico-sdk/src/rp2_common/pico_stdio/stdio.c.o
 .text.stdio_stack_buffer_flush
                0x10004170       0x44 CMakeFiles/pico_enclosure_system.dir/home/nout/pico-sdk/src/rp2_common/pico_stdio/stdio.c.o
 .text.stdio_buffered_printer
                0x100041b4       0x20 CMakeFiles/pico_enclosure_system.dir/home/nout/pico-sdk/src/rp2_common/pico_stdio/stdio.c.o
 .text.stdout_serialize_begin
                0x100041d4       0x30 CMakeFiles/pico_enclosure_system.dir/home/nout/pico-sdk/src/rp2_common/pico_stdio/stdio.c.o
                0x100041d4                stdout_serialize_begin
 .text.stdout_serialize_end
                0x10004204       0x10 CMakeFiles/pico_enclosure_system.dir/home/nout/pico-sdk/src/rp2_common/pico_stdio/stdio.c.o
                0x10004204                stdout_serialize_end
 .text.stdio_put_string
                0x10004214       0x94 CMakeFiles/pico_enclosure_system.dir/home/nout/pico-sdk/src/rp2_common/pico_stdio/stdio.c.o
                0x10004214                stdio_put_string
 .text.stdio_set_driver_enabled
                0x100042a8       0x2c CMakeFiles/pico_enclosure_system.dir/home/nout/pico-sdk/src/rp2_common/pico_stdio/stdio.c.o
                0x100042a8                stdio_set_driver_enabled
 .text.stdio_flush
                0x100042d4       0x20 CMakeFiles/pico_enclosure_system.dir/home/nout/pico-sdk/src/rp2_common/pico_stdio/stdio.c.o
                0x100042d4                stdio_flush
 .text.stdio_init_all
                0x100042f4        0x8 CMakeFiles/pico_enclosure_system.dir/home/nout/pico-sdk/src/rp2_common/pico_stdio/stdio.c.o
                0x100042f4                stdio_init_all
 .text.__wrap_puts
                0x100042fc       0x1e CMakeFiles/pico_enclosure_system.dir/home/nout/pico-sdk/src/rp2_common/pico_stdio/stdio.c.o
                0x100042fc                __wrap_puts
                0x100042fc                stdio_puts
 *fill*         0x1000431a        0x2 
 .text.__wrap_vprintf
                0x1000431c       0x40 CMakeFiles/pico_enclosure_system.dir/home/nout/pico-sdk/src/rp2_common/pico_stdio/stdio.c.o
                0x1000431c                __wrap_vprintf
                0x1000431c                stdio_vprintf
 .text.__wrap_printf
                0x1000435c       0x18 CMakeFiles/pico_enclosure_system.dir/home/nout/pico-sdk/src/rp2_common/pico_stdio/stdio.c.o
                0x1000435c                stdio_printf
                0x1000435c                __wrap_printf
 .text.resetd_init
                0x10004374        0x2 CMakeFiles/pico_enclosure_system.dir/home/nout/pico-sdk/src/rp2_common/pico_stdio_usb/reset_interface.c.o
 *fill*         0x10004376        0x2 
 .text.resetd_reset
                0x10004378        0xc CMakeFiles/pico_enclosure_system.dir/home/nout/pico-sdk/src/rp2_common/pico_stdio_usb/reset_interface.c.o
 .text.resetd_open
                0x10004384       0x34 CMakeFiles/pico_enclosure_system.dir/home/nout/pico-sdk/src/rp2_common/pico_stdio_usb/reset_interface.c.o
 .text.resetd_xfer_cb
                0x100043b8        0x4 CMakeFiles/pico_enclosure_system.dir/home/nout/pico-sdk/src/rp2_common/pico_stdio_usb/reset_interface.c.o
 .text.resetd_control_xfer_cb
                0x100043bc       0x60 CMakeFiles/pico_enclosure_system.dir/home/nout/pico-sdk/src/rp2_common/pico_stdio_usb/reset_interface.c.o
 .text.tud_descriptor_bos_cb
                0x1000441c        0x8 CMakeFiles/pico_enclosure_system.dir/home/nout/pico-sdk/src/rp2_common/pico_stdio_usb/reset_interface.c.o
                0x1000441c                tud_descriptor_bos_cb
 .text.tud_vendor_control_xfer_cb
                0x10004424       0x38 CMakeFiles/pico_enclosure_system.dir/home/nout/pico-sdk/src/rp2_common/pico_stdio_usb/reset_interface.c.o
                0x10004424                tud_vendor_control_xfer_cb
 .text.usbd_app_driver_get_cb
                0x1000445c        0xc CMakeFiles/pico_enclosure_system.dir/home/nout/pico-sdk/src/rp2_common/pico_stdio_usb/reset_interface.c.o
                0x1000445c                usbd_app_driver_get_cb
 .text.tud_cdc_line_coding_cb
                0x10004468       0x2c CMakeFiles/pico_enclosure_system.dir/home/nout/pico-sdk/src/rp2_common/pico_stdio_usb/reset_interface.c.o
                0x10004468                tud_cdc_line_coding_cb
 .text.stdio_usb_set_chars_available_callback
                0x10004494       0x14 CMakeFiles/pico_enclosure_system.dir/home/nout/pico-sdk/src/rp2_common/pico_stdio_usb/stdio_usb.c.o
                0x10004494                stdio_usb_set_chars_available_callback
 .text.stdio_usb_out_flush
                0x100044a8       0x4c CMakeFiles/pico_enclosure_system.dir/home/nout/pico-sdk/src/rp2_common/pico_stdio_usb/stdio_usb.c.o
 .text.usb_irq  0x100044f4       0x10 CMakeFiles/pico_enclosure_system.dir/home/nout/pico-sdk/src/rp2_common/pico_stdio_usb/stdio_usb.c.o
 .text.critical_section_enter_blocking
                0x10004504       0x16 CMakeFiles/pico_enclosure_system.dir/home/nout/pico-sdk/src/rp2_common/pico_stdio_usb/stdio_usb.c.o
 *fill*         0x1000451a        0x2 
 .text.timer_task
                0x1000451c       0x60 CMakeFiles/pico_enclosure_system.dir/home/nout/pico-sdk/src/rp2_common/pico_stdio_usb/stdio_usb.c.o
 .text.alarm_pool_add_alarm_in_us
                0x1000457c       0x40 CMakeFiles/pico_enclosure_system.dir/home/nout/pico-sdk/src/rp2_common/pico_stdio_usb/stdio_usb.c.o
 .text.add_alarm_in_us
                0x100045bc       0x2e CMakeFiles/pico_enclosure_system.dir/home/nout/pico-sdk/src/rp2_common/pico_stdio_usb/stdio_usb.c.o
 *fill*         0x100045ea        0x2 
 .text.low_priority_worker_irq
                0x100045ec       0xa0 CMakeFiles/pico_enclosure_system.dir/home/nout/pico-sdk/src/rp2_common/pico_stdio_usb/stdio_usb.c.o
 .text.stdio_usb_init
                0x1000468c       0xe0 CMakeFiles/pico_enclosure_system.dir/home/nout/pico-sdk/src/rp2_common/pico_stdio_usb/stdio_usb.c.o
                0x1000468c                stdio_usb_init
 .text.stdio_usb_connected
                0x1000476c        0xa CMakeFiles/pico_enclosure_system.dir/home/nout/pico-sdk/src/rp2_common/pico_stdio_usb/stdio_usb.c.o
                0x1000476c                stdio_usb_connected
 *fill*         0x10004776        0x2 
 .text.stdio_usb_in_chars
                0x10004778       0x98 CMakeFiles/pico_enclosure_system.dir/home/nout/pico-sdk/src/rp2_common/pico_stdio_usb/stdio_usb.c.o
                0x10004778                stdio_usb_in_chars
 .text.stdio_usb_out_chars
                0x10004810       0xe8 CMakeFiles/pico_enclosure_system.dir/home/nout/pico-sdk/src/rp2_common/pico_stdio_usb/stdio_usb.c.o
 .text.tud_descriptor_device_cb
                0x100048f8        0x8 CMakeFiles/pico_enclosure_system.dir/home/nout/pico-sdk/src/rp2_common/pico_stdio_usb/stdio_usb_descriptors.c.o
                0x100048f8                tud_descriptor_device_cb
 .text.tud_descriptor_configuration_cb
                0x10004900        0x8 CMakeFiles/pico_enclosure_system.dir/home/nout/pico-sdk/src/rp2_common/pico_stdio_usb/stdio_usb_descriptors.c.o
                0x10004900                tud_descriptor_configuration_cb
 .text.tud_descriptor_string_cb
                0x10004908       0x6c CMakeFiles/pico_enclosure_system.dir/home/nout/pico-sdk/src/rp2_common/pico_stdio_usb/stdio_usb_descriptors.c.o
                0x10004908                tud_descriptor_string_cb
 .text._retrieve_unique_id_on_boot
                0x10004974       0x10 CMakeFiles/pico_enclosure_system.dir/home/nout/pico-sdk/src/rp2_common/pico_unique_id/unique_id.c.o
 .text.pico_get_unique_board_id_string
                0x10004984       0x5c CMakeFiles/pico_enclosure_system.dir/home/nout/pico-sdk/src/rp2_common/pico_unique_id/unique_id.c.o
                0x10004984                pico_get_unique_board_id_string
 .text.flash_get_unique_id
                0x100049e0       0x40 CMakeFiles/pico_enclosure_system.dir/home/nout/pico-sdk/src/rp2_common/hardware_flash/flash.c.o
                0x100049e0                flash_get_unique_id
 .text.hw_endpoint_init
                0x10004a20       0xbc CMakeFiles/pico_enclosure_system.dir/home/nout/pico-sdk/lib/tinyusb/src/portable/raspberrypi/rp2040/dcd_rp2040.c.o
 .text.hw_endpoint_alloc
                0x10004adc       0x48 CMakeFiles/pico_enclosure_system.dir/home/nout/pico-sdk/lib/tinyusb/src/portable/raspberrypi/rp2040/dcd_rp2040.c.o
 .text.hw_endpoint_open
                0x10004b24       0x50 CMakeFiles/pico_enclosure_system.dir/home/nout/pico-sdk/lib/tinyusb/src/portable/raspberrypi/rp2040/dcd_rp2040.c.o
 .text.hw_endpoint_xfer
                0x10004b74       0x20 CMakeFiles/pico_enclosure_system.dir/home/nout/pico-sdk/lib/tinyusb/src/portable/raspberrypi/rp2040/dcd_rp2040.c.o
 .text.dcd_int_enable
                0x10004b94       0x2c CMakeFiles/pico_enclosure_system.dir/home/nout/pico-sdk/lib/tinyusb/src/portable/raspberrypi/rp2040/dcd_rp2040.c.o
                0x10004b94                dcd_int_enable
 .text.dcd_set_address
                0x10004bc0       0x2c CMakeFiles/pico_enclosure_system.dir/home/nout/pico-sdk/lib/tinyusb/src/portable/raspberrypi/rp2040/dcd_rp2040.c.o
                0x10004bc0                dcd_set_address
 .text.dcd_connect
                0x10004bec       0x10 CMakeFiles/pico_enclosure_system.dir/home/nout/pico-sdk/lib/tinyusb/src/portable/raspberrypi/rp2040/dcd_rp2040.c.o
                0x10004bec                dcd_connect
 .text.dcd_init
                0x10004bfc       0x80 CMakeFiles/pico_enclosure_system.dir/home/nout/pico-sdk/lib/tinyusb/src/portable/raspberrypi/rp2040/dcd_rp2040.c.o
                0x10004bfc                dcd_init
 .text.dcd_sof_enable
                0x10004c7c       0x1c CMakeFiles/pico_enclosure_system.dir/home/nout/pico-sdk/lib/tinyusb/src/portable/raspberrypi/rp2040/dcd_rp2040.c.o
                0x10004c7c                dcd_sof_enable
 .text.dcd_edpt0_status_complete
                0x10004c98       0x1c CMakeFiles/pico_enclosure_system.dir/home/nout/pico-sdk/lib/tinyusb/src/portable/raspberrypi/rp2040/dcd_rp2040.c.o
                0x10004c98                dcd_edpt0_status_complete
 .text.dcd_edpt_open
                0x10004cb4       0x26 CMakeFiles/pico_enclosure_system.dir/home/nout/pico-sdk/lib/tinyusb/src/portable/raspberrypi/rp2040/dcd_rp2040.c.o
                0x10004cb4                dcd_edpt_open
 .text.dcd_edpt_close_all
                0x10004cda        0x8 CMakeFiles/pico_enclosure_system.dir/home/nout/pico-sdk/lib/tinyusb/src/portable/raspberrypi/rp2040/dcd_rp2040.c.o
                0x10004cda                dcd_edpt_close_all
 *fill*         0x10004ce2        0x2 
 .text.dcd_edpt_xfer
                0x10004ce4       0x30 CMakeFiles/pico_enclosure_system.dir/home/nout/pico-sdk/lib/tinyusb/src/portable/raspberrypi/rp2040/dcd_rp2040.c.o
                0x10004ce4                dcd_edpt_xfer
 .text.dcd_edpt_stall
                0x10004d14       0x3c CMakeFiles/pico_enclosure_system.dir/home/nout/pico-sdk/lib/tinyusb/src/portable/raspberrypi/rp2040/dcd_rp2040.c.o
                0x10004d14                dcd_edpt_stall
 .text.dcd_edpt_clear_stall
                0x10004d50       0x30 CMakeFiles/pico_enclosure_system.dir/home/nout/pico-sdk/lib/tinyusb/src/portable/raspberrypi/rp2040/dcd_rp2040.c.o
                0x10004d50                dcd_edpt_clear_stall
 .text.unaligned_memcpy
                0x10004d80       0x14 CMakeFiles/pico_enclosure_system.dir/home/nout/pico-sdk/lib/tinyusb/src/portable/raspberrypi/rp2040/rp2040_usb.c.o
 .text.rp2040_usb_init
                0x10004d94       0x44 CMakeFiles/pico_enclosure_system.dir/home/nout/pico-sdk/lib/tinyusb/src/portable/raspberrypi/rp2040/rp2040_usb.c.o
                0x10004d94                rp2040_usb_init
 .text.hw_endpoint_xfer_start
                0x10004dd8       0x60 CMakeFiles/pico_enclosure_system.dir/home/nout/pico-sdk/lib/tinyusb/src/portable/raspberrypi/rp2040/rp2040_usb.c.o
                0x10004dd8                hw_endpoint_xfer_start
 .text.configuration_reset
                0x10004e38       0x84 CMakeFiles/pico_enclosure_system.dir/home/nout/pico-sdk/lib/tinyusb/src/device/usbd.c.o
 .text.critical_section_enter_blocking
                0x10004ebc       0x16 CMakeFiles/pico_enclosure_system.dir/home/nout/pico-sdk/lib/tinyusb/src/device/usbd.c.o
 .text.usbd_reset
                0x10004ed2        0xc CMakeFiles/pico_enclosure_system.dir/home/nout/pico-sdk/lib/tinyusb/src/device/usbd.c.o
 .text.invoke_class_control
                0x10004ede       0x1a CMakeFiles/pico_enclosure_system.dir/home/nout/pico-sdk/lib/tinyusb/src/device/usbd.c.o
 .text.process_set_config
                0x10004ef8      0x1b0 CMakeFiles/pico_enclosure_system.dir/home/nout/pico-sdk/lib/tinyusb/src/device/usbd.c.o
 .text.tud_event_hook_cb
                0x100050a8        0x2 CMakeFiles/pico_enclosure_system.dir/home/nout/pico-sdk/lib/tinyusb/src/device/usbd.c.o
                0x100050a8                tud_event_hook_cb
 .text.tud_sof_cb
                0x100050aa        0x2 CMakeFiles/pico_enclosure_system.dir/home/nout/pico-sdk/lib/tinyusb/src/device/usbd.c.o
                0x100050aa                tud_sof_cb
 .text.tud_descriptor_device_qualifier_cb
                0x100050ac        0x4 CMakeFiles/pico_enclosure_system.dir/home/nout/pico-sdk/lib/tinyusb/src/device/usbd.c.o
                0x100050ac                tud_descriptor_device_qualifier_cb
 .text.tud_descriptor_other_speed_configuration_cb
                0x100050b0        0x4 CMakeFiles/pico_enclosure_system.dir/home/nout/pico-sdk/lib/tinyusb/src/device/usbd.c.o
                0x100050b0                tud_descriptor_other_speed_configuration_cb
 .text.process_get_descriptor
                0x100050b4       0xe0 CMakeFiles/pico_enclosure_system.dir/home/nout/pico-sdk/lib/tinyusb/src/device/usbd.c.o
 .text.tud_mount_cb
                0x10005194        0x2 CMakeFiles/pico_enclosure_system.dir/home/nout/pico-sdk/lib/tinyusb/src/device/usbd.c.o
                0x10005194                tud_mount_cb
 .text.tud_umount_cb
                0x10005196        0x2 CMakeFiles/pico_enclosure_system.dir/home/nout/pico-sdk/lib/tinyusb/src/device/usbd.c.o
                0x10005196                tud_umount_cb
 .text.tud_suspend_cb
                0x10005198        0x2 CMakeFiles/pico_enclosure_system.dir/home/nout/pico-sdk/lib/tinyusb/src/device/usbd.c.o
                0x10005198                tud_suspend_cb
 .text.tud_resume_cb
                0x1000519a        0x2 CMakeFiles/pico_enclosure_system.dir/home/nout/pico-sdk/lib/tinyusb/src/device/usbd.c.o
                0x1000519a                tud_resume_cb
 .text.tud_mounted
                0x1000519c       0x10 CMakeFiles/pico_enclosure_system.dir/home/nout/pico-sdk/lib/tinyusb/src/device/usbd.c.o
                0x1000519c                tud_mounted
 .text.tud_suspended
                0x100051ac       0x10 CMakeFiles/pico_enclosure_system.dir/home/nout/pico-sdk/lib/tinyusb/src/device/usbd.c.o
                0x100051ac                tud_suspended
 .text.tud_inited
                0x100051bc       0x14 CMakeFiles/pico_enclosure_system.dir/home/nout/pico-sdk/lib/tinyusb/src/device/usbd.c.o
                0x100051bc                tud_inited
 .text.tud_rhport_init
                0x100051d0      0x100 CMakeFiles/pico_enclosure_system.dir/home/nout/pico-sdk/lib/tinyusb/src/device/usbd.c.o
                0x100051d0                tud_rhport_init
 .text.usbd_edpt_open
                0x100052d0       0x60 CMakeFiles/pico_enclosure_system.dir/home/nout/pico-sdk/lib/tinyusb/src/device/usbd.c.o
                0x100052d0                usbd_edpt_open
 .text.usbd_open_edpt_pair
                0x10005330       0x88 CMakeFiles/pico_enclosure_system.dir/home/nout/pico-sdk/lib/tinyusb/src/device/usbd.c.o
                0x10005330                usbd_open_edpt_pair
 .text.usbd_edpt_claim
                0x100053b8       0x28 CMakeFiles/pico_enclosure_system.dir/home/nout/pico-sdk/lib/tinyusb/src/device/usbd.c.o
                0x100053b8                usbd_edpt_claim
 .text.usbd_edpt_release
                0x100053e0       0x28 CMakeFiles/pico_enclosure_system.dir/home/nout/pico-sdk/lib/tinyusb/src/device/usbd.c.o
                0x100053e0                usbd_edpt_release
 .text.usbd_edpt_xfer
                0x10005408       0x88 CMakeFiles/pico_enclosure_system.dir/home/nout/pico-sdk/lib/tinyusb/src/device/usbd.c.o
                0x10005408                usbd_edpt_xfer
 .text.usbd_edpt_stall
                0x10005490       0x34 CMakeFiles/pico_enclosure_system.dir/home/nout/pico-sdk/lib/tinyusb/src/device/usbd.c.o
                0x10005490                usbd_edpt_stall
 .text.usbd_edpt_clear_stall
                0x100054c4       0x34 CMakeFiles/pico_enclosure_system.dir/home/nout/pico-sdk/lib/tinyusb/src/device/usbd.c.o
                0x100054c4                usbd_edpt_clear_stall
 .text.usbd_edpt_stalled
                0x100054f8       0x1c CMakeFiles/pico_enclosure_system.dir/home/nout/pico-sdk/lib/tinyusb/src/device/usbd.c.o
                0x100054f8                usbd_edpt_stalled
 .text.process_control_request
                0x10005514      0x38c CMakeFiles/pico_enclosure_system.dir/home/nout/pico-sdk/lib/tinyusb/src/device/usbd.c.o
 .text.tud_task_ext
                0x100058a0      0x1c4 CMakeFiles/pico_enclosure_system.dir/home/nout/pico-sdk/lib/tinyusb/src/device/usbd.c.o
                0x100058a0                tud_task_ext
 .text.status_stage_xact
                0x10005a64       0x1a CMakeFiles/pico_enclosure_system.dir/home/nout/pico-sdk/lib/tinyusb/src/device/usbd_control.c.o
 *fill*         0x10005a7e        0x2 
 .text.data_stage_xact
                0x10005a80       0x60 CMakeFiles/pico_enclosure_system.dir/home/nout/pico-sdk/lib/tinyusb/src/device/usbd_control.c.o
 .text.tud_control_status
                0x10005ae0       0x28 CMakeFiles/pico_enclosure_system.dir/home/nout/pico-sdk/lib/tinyusb/src/device/usbd_control.c.o
                0x10005ae0                tud_control_status
 .text.tud_control_xfer
                0x10005b08       0x98 CMakeFiles/pico_enclosure_system.dir/home/nout/pico-sdk/lib/tinyusb/src/device/usbd_control.c.o
                0x10005b08                tud_control_xfer
 .text.usbd_control_reset
                0x10005ba0       0x14 CMakeFiles/pico_enclosure_system.dir/home/nout/pico-sdk/lib/tinyusb/src/device/usbd_control.c.o
                0x10005ba0                usbd_control_reset
 .text.usbd_control_set_complete_callback
                0x10005bb4        0xc CMakeFiles/pico_enclosure_system.dir/home/nout/pico-sdk/lib/tinyusb/src/device/usbd_control.c.o
                0x10005bb4                usbd_control_set_complete_callback
 .text.usbd_control_set_request
                0x10005bc0       0x1c CMakeFiles/pico_enclosure_system.dir/home/nout/pico-sdk/lib/tinyusb/src/device/usbd_control.c.o
                0x10005bc0                usbd_control_set_request
 .text.usbd_control_xfer_cb
                0x10005bdc       0xe0 CMakeFiles/pico_enclosure_system.dir/home/nout/pico-sdk/lib/tinyusb/src/device/usbd_control.c.o
                0x10005bdc                usbd_control_xfer_cb
 .text._prep_out_transaction
                0x10005cbc       0xa0 CMakeFiles/pico_enclosure_system.dir/home/nout/pico-sdk/lib/tinyusb/src/class/cdc/cdc_device.c.o
 .text.tud_cdc_n_connected
                0x10005d5c       0x38 CMakeFiles/pico_enclosure_system.dir/home/nout/pico-sdk/lib/tinyusb/src/class/cdc/cdc_device.c.o
                0x10005d5c                tud_cdc_n_connected
 .text.tud_cdc_n_available
                0x10005d94       0x18 CMakeFiles/pico_enclosure_system.dir/home/nout/pico-sdk/lib/tinyusb/src/class/cdc/cdc_device.c.o
                0x10005d94                tud_cdc_n_available
 .text.tud_cdc_n_read
                0x10005dac       0x38 CMakeFiles/pico_enclosure_system.dir/home/nout/pico-sdk/lib/tinyusb/src/class/cdc/cdc_device.c.o
                0x10005dac                tud_cdc_n_read
 .text.tud_cdc_n_write_flush
                0x10005de4       0xbc CMakeFiles/pico_enclosure_system.dir/home/nout/pico-sdk/lib/tinyusb/src/class/cdc/cdc_device.c.o
                0x10005de4                tud_cdc_n_write_flush
 .text.tud_cdc_n_write
                0x10005ea0       0x48 CMakeFiles/pico_enclosure_system.dir/home/nout/pico-sdk/lib/tinyusb/src/class/cdc/cdc_device.c.o
                0x10005ea0                tud_cdc_n_write
 .text.tud_cdc_n_write_available
                0x10005ee8       0x18 CMakeFiles/pico_enclosure_system.dir/home/nout/pico-sdk/lib/tinyusb/src/class/cdc/cdc_device.c.o
                0x10005ee8                tud_cdc_n_write_available
 .text.cdcd_init
                0x10005f00       0xac CMakeFiles/pico_enclosure_system.dir/home/nout/pico-sdk/lib/tinyusb/src/class/cdc/cdc_device.c.o
                0x10005f00                cdcd_init
 .text.cdcd_deinit
                0x10005fac       0x48 CMakeFiles/pico_enclosure_system.dir/home/nout/pico-sdk/lib/tinyusb/src/class/cdc/cdc_device.c.o
                0x10005fac                cdcd_deinit
 .text.cdcd_reset
                0x10005ff4       0x70 CMakeFiles/pico_enclosure_system.dir/home/nout/pico-sdk/lib/tinyusb/src/class/cdc/cdc_device.c.o
                0x10005ff4                cdcd_reset
 .text.cdcd_open
                0x10006064       0xec CMakeFiles/pico_enclosure_system.dir/home/nout/pico-sdk/lib/tinyusb/src/class/cdc/cdc_device.c.o
                0x10006064                cdcd_open
 .text.cdcd_control_xfer_cb
                0x10006150      0x140 CMakeFiles/pico_enclosure_system.dir/home/nout/pico-sdk/lib/tinyusb/src/class/cdc/cdc_device.c.o
                0x10006150                cdcd_control_xfer_cb
 .text.cdcd_xfer_cb
                0x10006290      0x148 CMakeFiles/pico_enclosure_system.dir/home/nout/pico-sdk/lib/tinyusb/src/class/cdc/cdc_device.c.o
                0x10006290                cdcd_xfer_cb
 .text.tud_vendor_n_mounted
                0x100063d8       0x3c CMakeFiles/pico_enclosure_system.dir/home/nout/pico-sdk/lib/tinyusb/src/class/vendor/vendor_device.c.o
                0x100063d8                tud_vendor_n_mounted
 .text.tud_vendor_n_write_flush
                0x10006414       0x20 CMakeFiles/pico_enclosure_system.dir/home/nout/pico-sdk/lib/tinyusb/src/class/vendor/vendor_device.c.o
                0x10006414                tud_vendor_n_write_flush
 .text.vendord_init
                0x10006434       0x9c CMakeFiles/pico_enclosure_system.dir/home/nout/pico-sdk/lib/tinyusb/src/class/vendor/vendor_device.c.o
                0x10006434                vendord_init
 .text.vendord_deinit
                0x100064d0       0x34 CMakeFiles/pico_enclosure_system.dir/home/nout/pico-sdk/lib/tinyusb/src/class/vendor/vendor_device.c.o
                0x100064d0                vendord_deinit
 .text.vendord_reset
                0x10006504       0x50 CMakeFiles/pico_enclosure_system.dir/home/nout/pico-sdk/lib/tinyusb/src/class/vendor/vendor_device.c.o
                0x10006504                vendord_reset
 .text.vendord_open
                0x10006554      0x14c CMakeFiles/pico_enclosure_system.dir/home/nout/pico-sdk/lib/tinyusb/src/class/vendor/vendor_device.c.o
                0x10006554                vendord_open
 .text.vendord_xfer_cb
                0x100066a0       0xd8 CMakeFiles/pico_enclosure_system.dir/home/nout/pico-sdk/lib/tinyusb/src/class/vendor/vendor_device.c.o
                0x100066a0                vendord_xfer_cb
 .text.tusb_rhport_init
                0x10006778       0x7c CMakeFiles/pico_enclosure_system.dir/home/nout/pico-sdk/lib/tinyusb/src/tusb.c.o
                0x10006778                tusb_rhport_init
 .text.tu_edpt_claim
                0x100067f4       0x50 CMakeFiles/pico_enclosure_system.dir/home/nout/pico-sdk/lib/tinyusb/src/tusb.c.o
                0x100067f4                tu_edpt_claim
 .text.tu_edpt_release
                0x10006844       0x38 CMakeFiles/pico_enclosure_system.dir/home/nout/pico-sdk/lib/tinyusb/src/tusb.c.o
                0x10006844                tu_edpt_release
 .text.tu_edpt_validate
                0x1000687c       0xac CMakeFiles/pico_enclosure_system.dir/home/nout/pico-sdk/lib/tinyusb/src/tusb.c.o
                0x1000687c                tu_edpt_validate
 .text.tu_edpt_bind_driver
                0x10006928       0x26 CMakeFiles/pico_enclosure_system.dir/home/nout/pico-sdk/lib/tinyusb/src/tusb.c.o
                0x10006928                tu_edpt_bind_driver
 .text.tu_edpt_stream_init
                0x1000694e       0x62 CMakeFiles/pico_enclosure_system.dir/home/nout/pico-sdk/lib/tinyusb/src/tusb.c.o
                0x1000694e                tu_edpt_stream_init
 .text.tu_edpt_stream_deinit
                0x100069b0        0x4 CMakeFiles/pico_enclosure_system.dir/home/nout/pico-sdk/lib/tinyusb/src/tusb.c.o
                0x100069b0                tu_edpt_stream_deinit
 .text.tu_edpt_stream_write_zlp_if_needed
                0x100069b4       0x80 CMakeFiles/pico_enclosure_system.dir/home/nout/pico-sdk/lib/tinyusb/src/tusb.c.o
                0x100069b4                tu_edpt_stream_write_zlp_if_needed
 .text.tu_edpt_stream_write_xfer
                0x10006a34       0x84 CMakeFiles/pico_enclosure_system.dir/home/nout/pico-sdk/lib/tinyusb/src/tusb.c.o
                0x10006a34                tu_edpt_stream_write_xfer
 .text.tu_edpt_stream_read_xfer
                0x10006ab8       0xf4 CMakeFiles/pico_enclosure_system.dir/home/nout/pico-sdk/lib/tinyusb/src/tusb.c.o
                0x10006ab8                tu_edpt_stream_read_xfer
 .text.advance_index
                0x10006bac       0x1a CMakeFiles/pico_enclosure_system.dir/home/nout/pico-sdk/lib/tinyusb/src/common/tusb_fifo.c.o
 .text._tu_fifo_peek
                0x10006bc6       0x56 CMakeFiles/pico_enclosure_system.dir/home/nout/pico-sdk/lib/tinyusb/src/common/tusb_fifo.c.o
 .text._ff_pull_n
                0x10006c1c       0x68 CMakeFiles/pico_enclosure_system.dir/home/nout/pico-sdk/lib/tinyusb/src/common/tusb_fifo.c.o
 .text._tu_fifo_peek_n
                0x10006c84       0x6a CMakeFiles/pico_enclosure_system.dir/home/nout/pico-sdk/lib/tinyusb/src/common/tusb_fifo.c.o
 .text._tu_fifo_read_n
                0x10006cee       0x4e CMakeFiles/pico_enclosure_system.dir/home/nout/pico-sdk/lib/tinyusb/src/common/tusb_fifo.c.o
 .text._ff_push_n
                0x10006d3c       0x68 CMakeFiles/pico_enclosure_system.dir/home/nout/pico-sdk/lib/tinyusb/src/common/tusb_fifo.c.o
 .text._tu_fifo_write_n
                0x10006da4       0xf0 CMakeFiles/pico_enclosure_system.dir/home/nout/pico-sdk/lib/tinyusb/src/common/tusb_fifo.c.o
 .text.tu_fifo_config
                0x10006e94       0x7c CMakeFiles/pico_enclosure_system.dir/home/nout/pico-sdk/lib/tinyusb/src/common/tusb_fifo.c.o
                0x10006e94                tu_fifo_config
 .text.tu_fifo_count
                0x10006f10       0x2a CMakeFiles/pico_enclosure_system.dir/home/nout/pico-sdk/lib/tinyusb/src/common/tusb_fifo.c.o
                0x10006f10                tu_fifo_count
 .text.tu_fifo_empty
                0x10006f3a        0xe CMakeFiles/pico_enclosure_system.dir/home/nout/pico-sdk/lib/tinyusb/src/common/tusb_fifo.c.o
                0x10006f3a                tu_fifo_empty
 .text.tu_fifo_full
                0x10006f48       0x28 CMakeFiles/pico_enclosure_system.dir/home/nout/pico-sdk/lib/tinyusb/src/common/tusb_fifo.c.o
                0x10006f48                tu_fifo_full
 .text.tu_fifo_remaining
                0x10006f70       0x2c CMakeFiles/pico_enclosure_system.dir/home/nout/pico-sdk/lib/tinyusb/src/common/tusb_fifo.c.o
                0x10006f70                tu_fifo_remaining
 .text.tu_fifo_read
                0x10006f9c       0x42 CMakeFiles/pico_enclosure_system.dir/home/nout/pico-sdk/lib/tinyusb/src/common/tusb_fifo.c.o
                0x10006f9c                tu_fifo_read
 .text.tu_fifo_read_n
                0x10006fde        0xa CMakeFiles/pico_enclosure_system.dir/home/nout/pico-sdk/lib/tinyusb/src/common/tusb_fifo.c.o
                0x10006fde                tu_fifo_read_n
 .text.tu_fifo_write
                0x10006fe8       0x64 CMakeFiles/pico_enclosure_system.dir/home/nout/pico-sdk/lib/tinyusb/src/common/tusb_fifo.c.o
                0x10006fe8                tu_fifo_write
 .text.tu_fifo_write_n
                0x1000704c        0xa CMakeFiles/pico_enclosure_system.dir/home/nout/pico-sdk/lib/tinyusb/src/common/tusb_fifo.c.o
                0x1000704c                tu_fifo_write_n
 .text.tu_fifo_clear
                0x10007056       0x3e CMakeFiles/pico_enclosure_system.dir/home/nout/pico-sdk/lib/tinyusb/src/common/tusb_fifo.c.o
                0x10007056                tu_fifo_clear
 .text.tu_fifo_set_overwritable
                0x10007094       0x46 CMakeFiles/pico_enclosure_system.dir/home/nout/pico-sdk/lib/tinyusb/src/common/tusb_fifo.c.o
                0x10007094                tu_fifo_set_overwritable
 *fill*         0x100070da        0x2 
 .text          0x100070dc       0x10 /usr/lib/gcc/arm-none-eabi/13.2.1/../../../arm-none-eabi/lib/thumb/v6-m/nofp/libg.a(libc_a-atexit.o)
                0x100070dc                atexit
 .text          0x100070ec       0x5c /usr/lib/gcc/arm-none-eabi/13.2.1/../../../arm-none-eabi/lib/thumb/v6-m/nofp/libg.a(libc_a-strlen-stub.o)
                0x100070ec                strlen
 .text          0x10007148       0x28 /usr/lib/gcc/arm-none-eabi/13.2.1/../../../arm-none-eabi/lib/thumb/v6-m/nofp/libg.a(libc_a-fini.o)
                0x10007148                __libc_fini_array
 .text          0x10007170       0x78 /usr/lib/gcc/arm-none-eabi/13.2.1/../../../arm-none-eabi/lib/thumb/v6-m/nofp/libg.a(libc_a-__atexit.o)
                0x10007170                __register_exitproc
 .text.startup  0x100071e8       0x18 /usr/lib/gcc/arm-none-eabi/13.2.1/../../../arm-none-eabi/lib/thumb/v6-m/nofp/libg.a(libc_a-__call_atexit.o)
 *(.fini)
 .fini          0x10007200        0x4 /usr/lib/gcc/arm-none-eabi/13.2.1/thumb/v6-m/nofp/crti.o
                0x10007200                _fini
 *fill*         0x10007204        0x4 
 .fini.__stub   0x10007208       0xd0 linker stubs
 *crtbegin.o(.ctors)
 *crtbegin?.o(.ctors)
 *(EXCLUDE_FILE(*crtend.o *crtend?.o) .ctors)
 *(SORT_BY_NAME(.ctors.*))
 *(.ctors)
 *crtbegin.o(.dtors)
 *crtbegin?.o(.dtors)
 *(EXCLUDE_FILE(*crtend.o *crtend?.o) .dtors)
 *(SORT_BY_NAME(.dtors.*))
 *(.dtors)
                0x100072d8                        . = ALIGN (0x4)
                0x100072d8                        PROVIDE (__preinit_array_start = .)
 *(SORT_BY_NAME(.preinit_array.*))
 .preinit_array.00100
                0x100072d8        0x4 CMakeFiles/pico_enclosure_system.dir/home/nout/pico-sdk/src/rp2_common/pico_runtime_init/runtime_init.c.o
                0x100072d8                __pre_init_runtime_init_early_resets
 .preinit_array.00101
                0x100072dc        0x4 CMakeFiles/pico_enclosure_system.dir/home/nout/pico-sdk/src/rp2_common/pico_runtime_init/runtime_init.c.o
                0x100072dc                __pre_init_runtime_init_usb_power_down
 .preinit_array.00275
                0x100072e0        0x4 CMakeFiles/pico_enclosure_system.dir/home/nout/pico-sdk/src/rp2_common/pico_bit_ops/bit_ops_aeabi.S.o
 .preinit_array.00300
                0x100072e4        0x4 CMakeFiles/pico_enclosure_system.dir/home/nout/pico-sdk/src/rp2_common/pico_mem_ops/mem_ops_aeabi.S.o
 .preinit_array.00350
                0x100072e8        0x4 CMakeFiles/pico_enclosure_system.dir/home/nout/pico-sdk/src/rp2_common/pico_double/double_aeabi_rp2040.S.o
 .preinit_array.00350
                0x100072ec        0x4 CMakeFiles/pico_enclosure_system.dir/home/nout/pico-sdk/src/rp2_common/pico_float/float_aeabi_rp2040.S.o
 .preinit_array.00500
                0x100072f0        0x4 CMakeFiles/pico_enclosure_system.dir/home/nout/pico-sdk/src/rp2_common/pico_runtime_init/runtime_init.c.o
                0x100072f0                __pre_init_runtime_init_clocks
 .preinit_array.00600
                0x100072f4        0x4 CMakeFiles/pico_enclosure_system.dir/home/nout/pico-sdk/src/rp2_common/pico_runtime_init/runtime_init.c.o
                0x100072f4                __pre_init_runtime_init_post_clock_resets
 .preinit_array.00700
                0x100072f8        0x4 CMakeFiles/pico_enclosure_system.dir/home/nout/pico-sdk/src/rp2_common/pico_runtime_init/runtime_init.c.o
                0x100072f8                __pre_init_runtime_init_rp2040_gpio_ie_disable
 .preinit_array.01000
                0x100072fc        0x4 CMakeFiles/pico_enclosure_system.dir/home/nout/pico-sdk/src/rp2_common/pico_runtime_init/runtime_init.c.o
                0x100072fc                __pre_init_runtime_init_spin_locks_reset
 .preinit_array.01100
                0x10007300        0x4 CMakeFiles/pico_enclosure_system.dir/home/nout/pico-sdk/src/common/pico_sync/mutex.c.o
                0x10007300                __pre_init_runtime_init_mutex
 .preinit_array.10080
                0x10007304        0x4 CMakeFiles/pico_enclosure_system.dir/home/nout/pico-sdk/src/rp2_common/pico_runtime_init/runtime_init.c.o
                0x10007304                __pre_init_runtime_init_install_ram_vector_table
 .preinit_array.11000
                0x10007308        0x4 CMakeFiles/pico_enclosure_system.dir/home/nout/pico-sdk/src/common/pico_time/time.c.o
                0x10007308                __pre_init_runtime_init_default_alarm_pool
 .preinit_array.YYYYY
                0x1000730c        0x4 CMakeFiles/pico_enclosure_system.dir/home/nout/pico-sdk/src/rp2_common/pico_runtime/runtime.c.o
                0x1000730c                __pre_init_first_per_core_initializer
 .preinit_array.ZZZZZ.01200
                0x10007310        0x4 CMakeFiles/pico_enclosure_system.dir/home/nout/pico-sdk/src/rp2_common/hardware_irq/irq.c.o
                0x10007310                __pre_init_runtime_init_per_core_irq_priorities
 *(.preinit_array)
                0x10007314                        PROVIDE (__preinit_array_end = .)
                0x10007314                        . = ALIGN (0x4)
                0x10007314                        PROVIDE (__init_array_start = .)
 *(SORT_BY_NAME(.init_array.*))
 .init_array.00000
                0x10007314        0x4 /usr/lib/gcc/arm-none-eabi/13.2.1/../../../arm-none-eabi/lib/thumb/v6-m/nofp/libg.a(libc_a-__call_atexit.o)
 *(.init_array)
 .init_array    0x10007318        0x4 /usr/lib/gcc/arm-none-eabi/13.2.1/thumb/v6-m/nofp/crtbegin.o
 .init_array    0x1000731c        0x4 CMakeFiles/pico_enclosure_system.dir/home/nout/pico-sdk/src/rp2_common/pico_unique_id/unique_id.c.o
                0x10007320                        PROVIDE (__init_array_end = .)
                0x10007320                        . = ALIGN (0x4)
                0x10007320                        PROVIDE (__fini_array_start = .)
 *(SORT_BY_NAME(.fini_array.*))
 *(.fini_array)
                0x10007320                        PROVIDE (__fini_array_end = .)
 *(.eh_frame*)
 .eh_frame      0x10007320        0x0 /usr/lib/gcc/arm-none-eabi/13.2.1/thumb/v6-m/nofp/crtbegin.o
                0x10007320                        . = ALIGN (0x4)

.glue_7         0x10007320        0x0
 .glue_7        0x10007320        0x0 linker stubs

.glue_7t        0x10007320        0x0
 .glue_7t       0x10007320        0x0 linker stubs

.vfp11_veneer   0x10007320        0x0
 .vfp11_veneer  0x10007320        0x0 linker stubs

.v4_bx          0x10007320        0x0
 .v4_bx         0x10007320        0x0 linker stubs

.iplt           0x10007320        0x0
 .iplt          0x10007320        0x0 /usr/lib/gcc/arm-none-eabi/13.2.1/thumb/v6-m/nofp/crtbegin.o

.rodata         0x10007320     0x1678
 *(EXCLUDE_FILE(*libm.a: *libc.a:*lib_a-mem*.o *libgcc.a:) .rodata*)
 .rodata.protothread1.str1.4
                0x10007320      0xc2f CMakeFiles/pico_enclosure_system.dir/src/main.c.o
                                 0x29 (size before relaxing)
 .rodata.main.str1.4
                0x10007f4f       0x20 CMakeFiles/pico_enclosure_system.dir/src/main.c.o
 *fill*         0x10007f4f        0x1 
 .rodata.font5x7
                0x10007f50      0x1e0 CMakeFiles/pico_enclosure_system.dir/src/font5x7.c.o
                0x10007f50                font5x7
 .rodata        0x10008130       0x1a CMakeFiles/pico_enclosure_system.dir/src/oled_lib.c.o
 .rodata.gpio_add_raw_irq_handler_with_order_priority_masked.str1.4
                0x1000814a       0x64 CMakeFiles/pico_enclosure_system.dir/home/nout/pico-sdk/src/rp2_common/hardware_gpio/gpio.c.o
 .rodata.gpio_set_irq_enabled.str1.4
                0x1000814a       0x2a CMakeFiles/pico_enclosure_system.dir/home/nout/pico-sdk/src/rp2_common/hardware_gpio/gpio.c.o
 *fill*         0x1000814a        0x2 
 .rodata.__func__.4
                0x1000814c       0x15 CMakeFiles/pico_enclosure_system.dir/home/nout/pico-sdk/src/rp2_common/hardware_gpio/gpio.c.o
 .rodata.rp2040_chip_version.str1.4
                0x10008161       0x6d CMakeFiles/pico_enclosure_system.dir/home/nout/pico-sdk/src/rp2040/pico_platform/platform.c.o
 *fill*         0x10008161        0x3 
 .rodata.__func__.0
                0x10008164       0x14 CMakeFiles/pico_enclosure_system.dir/home/nout/pico-sdk/src/rp2040/pico_platform/platform.c.o
 .rodata.panic.str1.4
                0x10008178       0x12 CMakeFiles/pico_enclosure_system.dir/home/nout/pico-sdk/src/rp2_common/pico_platform_panic/panic.c.o
 .rodata.spin_lock_claim_unused.str1.4
                0x10008178       0x1b CMakeFiles/pico_enclosure_system.dir/home/nout/pico-sdk/src/rp2_common/hardware_sync/sync.c.o
 .rodata.resolve_j_16.str1.4
                0x10008178       0x4e CMakeFiles/pico_enclosure_system.dir/home/nout/pico-sdk/src/rp2_common/hardware_irq/irq.c.o
 .rodata.make_j_16.str1.4
                0x10008178       0x30 CMakeFiles/pico_enclosure_system.dir/home/nout/pico-sdk/src/rp2_common/hardware_irq/irq.c.o
 .rodata.insert_bl_32.str1.4
                0x10008178       0x10 CMakeFiles/pico_enclosure_system.dir/home/nout/pico-sdk/src/rp2_common/hardware_irq/irq.c.o
 .rodata.irq_set_exclusive_handler.str1.4
                0x10008178       0x36 CMakeFiles/pico_enclosure_system.dir/home/nout/pico-sdk/src/rp2_common/hardware_irq/irq.c.o
 .rodata.irq_add_shared_handler.str1.4
                0x10008178       0xd2 CMakeFiles/pico_enclosure_system.dir/home/nout/pico-sdk/src/rp2_common/hardware_irq/irq.c.o
 .rodata.irq_remove_handler.str1.4
                0x10008178       0x3a CMakeFiles/pico_enclosure_system.dir/home/nout/pico-sdk/src/rp2_common/hardware_irq/irq.c.o
 .rodata.irq_add_tail_to_free_list.str1.4
                0x10008178       0x3a CMakeFiles/pico_enclosure_system.dir/home/nout/pico-sdk/src/rp2_common/hardware_irq/irq.c.o
 .rodata.user_irq_claim_unused.str1.4
                0x10008178       0x1b CMakeFiles/pico_enclosure_system.dir/home/nout/pico-sdk/src/rp2_common/hardware_irq/irq.c.o
 .rodata.__func__.0
                0x10008178       0x1a CMakeFiles/pico_enclosure_system.dir/home/nout/pico-sdk/src/rp2_common/hardware_irq/irq.c.o
 *fill*         0x10008192        0x2 
 .rodata.__func__.1
                0x10008194        0xd CMakeFiles/pico_enclosure_system.dir/home/nout/pico-sdk/src/rp2_common/hardware_irq/irq.c.o
 *fill*         0x100081a1        0x3 
 .rodata.__func__.2
                0x100081a4       0x13 CMakeFiles/pico_enclosure_system.dir/home/nout/pico-sdk/src/rp2_common/hardware_irq/irq.c.o
 *fill*         0x100081b7        0x1 
 .rodata.__func__.3
                0x100081b8        0xa CMakeFiles/pico_enclosure_system.dir/home/nout/pico-sdk/src/rp2_common/hardware_irq/irq.c.o
 *fill*         0x100081c2        0x2 
 .rodata.__func__.4
                0x100081c4        0xd CMakeFiles/pico_enclosure_system.dir/home/nout/pico-sdk/src/rp2_common/hardware_irq/irq.c.o
 *fill*         0x100081d1        0x3 
 .rodata.__func__.5
                0x100081d4       0x17 CMakeFiles/pico_enclosure_system.dir/home/nout/pico-sdk/src/rp2_common/hardware_irq/irq.c.o
 *fill*         0x100081eb        0x1 
 .rodata.__func__.6
                0x100081ec       0x1a CMakeFiles/pico_enclosure_system.dir/home/nout/pico-sdk/src/rp2_common/hardware_irq/irq.c.o
 .rodata.runtime_init_mutex.str1.4
                0x10008206       0x51 CMakeFiles/pico_enclosure_system.dir/home/nout/pico-sdk/src/common/pico_sync/mutex.c.o
 .rodata.str1.4
                0x10008206       0x51 CMakeFiles/pico_enclosure_system.dir/home/nout/pico-sdk/src/common/pico_sync/mutex.c.o
 *fill*         0x10008206        0x2 
 .rodata.__func__.1
                0x10008208        0xb CMakeFiles/pico_enclosure_system.dir/home/nout/pico-sdk/src/common/pico_sync/mutex.c.o
 *fill*         0x10008213        0x1 
 .rodata.__func__.3
                0x10008214       0x18 CMakeFiles/pico_enclosure_system.dir/home/nout/pico-sdk/src/common/pico_sync/mutex.c.o
 .rodata.__func__.6
                0x1000822c       0x13 CMakeFiles/pico_enclosure_system.dir/home/nout/pico-sdk/src/common/pico_sync/mutex.c.o
 .rodata.alarm_pool_irq_handler.str1.4
                0x1000823f       0x5c CMakeFiles/pico_enclosure_system.dir/home/nout/pico-sdk/src/common/pico_time/time.c.o
 .rodata.alarm_pool_get_default.str1.4
                0x1000823f       0x21 CMakeFiles/pico_enclosure_system.dir/home/nout/pico-sdk/src/common/pico_time/time.c.o
 .rodata.sleep_until.str1.4
                0x1000823f       0x4d CMakeFiles/pico_enclosure_system.dir/home/nout/pico-sdk/src/common/pico_time/time.c.o
 *fill*         0x1000823f        0x1 
 .rodata.__func__.1
                0x10008240       0x17 CMakeFiles/pico_enclosure_system.dir/home/nout/pico-sdk/src/common/pico_time/time.c.o
 *fill*         0x10008257        0x1 
 .rodata.__func__.2
                0x10008258       0x17 CMakeFiles/pico_enclosure_system.dir/home/nout/pico-sdk/src/common/pico_time/time.c.o
 .rodata.timer_hardware_alarm_claim.str1.4
                0x1000826f       0x22 CMakeFiles/pico_enclosure_system.dir/home/nout/pico-sdk/src/rp2_common/hardware_timer/timer.c.o
 .rodata.pll_init.str1.4
                0x1000826f      0x10c CMakeFiles/pico_enclosure_system.dir/home/nout/pico-sdk/src/rp2_common/hardware_pll/pll.c.o
 *fill*         0x1000826f        0x1 
 .rodata.__func__.0
                0x10008270        0x9 CMakeFiles/pico_enclosure_system.dir/home/nout/pico-sdk/src/rp2_common/hardware_pll/pll.c.o
 .rodata.__aeabi_double_init.str1.4
                0x10008279       0x8c CMakeFiles/pico_enclosure_system.dir/home/nout/pico-sdk/src/rp2_common/pico_double/double_init_rom_rp2040.c.o
 *fill*         0x10008279        0x3 
 .rodata.__func__.0
                0x1000827c       0x14 CMakeFiles/pico_enclosure_system.dir/home/nout/pico-sdk/src/rp2_common/pico_double/double_init_rom_rp2040.c.o
 .rodata.__aeabi_float_init.str1.4
                0x10008290       0x7e CMakeFiles/pico_enclosure_system.dir/home/nout/pico-sdk/src/rp2_common/pico_float/float_init_rom_rp2040.c.o
 .rodata.__func__.0
                0x10008290       0x13 CMakeFiles/pico_enclosure_system.dir/home/nout/pico-sdk/src/rp2_common/pico_float/float_init_rom_rp2040.c.o
 .rodata.str1.4
                0x100082a3       0x4c CMakeFiles/pico_enclosure_system.dir/home/nout/pico-sdk/src/rp2_common/pico_standard_binary_info/standard_binary_info.c.o
 *fill*         0x100082a3        0x1 
 .rodata.__bi_84
                0x100082a4        0xc CMakeFiles/pico_enclosure_system.dir/home/nout/pico-sdk/src/rp2_common/pico_standard_binary_info/standard_binary_info.c.o
 .rodata.__bi_78
                0x100082b0        0xc CMakeFiles/pico_enclosure_system.dir/home/nout/pico-sdk/src/rp2_common/pico_standard_binary_info/standard_binary_info.c.o
 .rodata.__bi_54
                0x100082bc        0xc CMakeFiles/pico_enclosure_system.dir/home/nout/pico-sdk/src/rp2_common/pico_standard_binary_info/standard_binary_info.c.o
 .rodata.__bi_48
                0x100082c8        0xc CMakeFiles/pico_enclosure_system.dir/home/nout/pico-sdk/src/rp2_common/pico_standard_binary_info/standard_binary_info.c.o
 .rodata.__bi_42
                0x100082d4        0xc CMakeFiles/pico_enclosure_system.dir/home/nout/pico-sdk/src/rp2_common/pico_standard_binary_info/standard_binary_info.c.o
 .rodata.__bi_34
                0x100082e0        0xc CMakeFiles/pico_enclosure_system.dir/home/nout/pico-sdk/src/rp2_common/pico_standard_binary_info/standard_binary_info.c.o
 .rodata.__bi_26
                0x100082ec        0xc CMakeFiles/pico_enclosure_system.dir/home/nout/pico-sdk/src/rp2_common/pico_standard_binary_info/standard_binary_info.c.o
 .rodata._ftoa.str1.4
                0x100082f8       0x15 CMakeFiles/pico_enclosure_system.dir/home/nout/pico-sdk/src/rp2_common/pico_printf/printf.c.o
 .rodata._vsnprintf
                0x100082f8      0x19c CMakeFiles/pico_enclosure_system.dir/home/nout/pico-sdk/src/rp2_common/pico_printf/printf.c.o
 *fill*         0x10008494        0x4 
 .rodata.pow10.0
                0x10008498       0x50 CMakeFiles/pico_enclosure_system.dir/home/nout/pico-sdk/src/rp2_common/pico_printf/printf.c.o
 .rodata.__assert_func.str1.4
                0x100084e8       0x43 CMakeFiles/pico_enclosure_system.dir/home/nout/pico-sdk/src/rp2_common/pico_clib_interface/newlib_interface.c.o
 .rodata.crlf_str.0
                0x100084e8        0x2 CMakeFiles/pico_enclosure_system.dir/home/nout/pico-sdk/src/rp2_common/pico_stdio/stdio.c.o
 *fill*         0x100084ea        0x2 
 .rodata._resetd_driver
                0x100084ec       0x20 CMakeFiles/pico_enclosure_system.dir/home/nout/pico-sdk/src/rp2_common/pico_stdio_usb/reset_interface.c.o
 .rodata.desc_ms_os_20
                0x1000850c       0xa6 CMakeFiles/pico_enclosure_system.dir/home/nout/pico-sdk/src/rp2_common/pico_stdio_usb/reset_interface.c.o
 *fill*         0x100085b2        0x2 
 .rodata.desc_bos
                0x100085b4       0x21 CMakeFiles/pico_enclosure_system.dir/home/nout/pico-sdk/src/rp2_common/pico_stdio_usb/reset_interface.c.o
                0x100085b4                desc_bos
 .rodata.stdio_usb_init.str1.4
                0x100085d5       0x46 CMakeFiles/pico_enclosure_system.dir/home/nout/pico-sdk/src/rp2_common/pico_stdio_usb/stdio_usb.c.o
 .rodata.str1.4
                0x100085d5       0x13 CMakeFiles/pico_enclosure_system.dir/home/nout/pico-sdk/src/rp2_common/pico_stdio_usb/stdio_usb.c.o
 *fill*         0x100085d5        0x3 
 .rodata.__bi_197.1
                0x100085d8        0xc CMakeFiles/pico_enclosure_system.dir/home/nout/pico-sdk/src/rp2_common/pico_stdio_usb/stdio_usb.c.o
 .rodata.__func__.2
                0x100085e4        0xf CMakeFiles/pico_enclosure_system.dir/home/nout/pico-sdk/src/rp2_common/pico_stdio_usb/stdio_usb.c.o
 .rodata.str1.4
                0x100085f3       0x2a CMakeFiles/pico_enclosure_system.dir/home/nout/pico-sdk/src/rp2_common/pico_stdio_usb/stdio_usb_descriptors.c.o
 *fill*         0x100085f3        0x1 
 .rodata.usbd_desc_str
                0x100085f4       0x18 CMakeFiles/pico_enclosure_system.dir/home/nout/pico-sdk/src/rp2_common/pico_stdio_usb/stdio_usb_descriptors.c.o
 .rodata.usbd_desc_cfg
                0x1000860c       0x54 CMakeFiles/pico_enclosure_system.dir/home/nout/pico-sdk/src/rp2_common/pico_stdio_usb/stdio_usb_descriptors.c.o
 .rodata.usbd_desc_device
                0x10008660       0x12 CMakeFiles/pico_enclosure_system.dir/home/nout/pico-sdk/src/rp2_common/pico_stdio_usb/stdio_usb_descriptors.c.o
 .rodata.pico_get_unique_board_id_string.str1.4
                0x10008672       0x46 CMakeFiles/pico_enclosure_system.dir/home/nout/pico-sdk/src/rp2_common/pico_unique_id/unique_id.c.o
 *fill*         0x10008672        0x2 
 .rodata.__func__.0
                0x10008674       0x20 CMakeFiles/pico_enclosure_system.dir/home/nout/pico-sdk/src/rp2_common/pico_unique_id/unique_id.c.o
 .rodata.str1.4
                0x10008694      0x189 CMakeFiles/pico_enclosure_system.dir/home/nout/pico-sdk/src/rp2_common/hardware_flash/flash.c.o
 .rodata.__func__.0
                0x10008694        0xd CMakeFiles/pico_enclosure_system.dir/home/nout/pico-sdk/src/rp2_common/hardware_flash/flash.c.o
 .rodata.hw_endpoint_alloc.str1.4
                0x100086a1       0x91 CMakeFiles/pico_enclosure_system.dir/home/nout/pico-sdk/lib/tinyusb/src/portable/raspberrypi/rp2040/dcd_rp2040.c.o
 .rodata.str1.4
                0x100086a1       0x14 CMakeFiles/pico_enclosure_system.dir/home/nout/pico-sdk/lib/tinyusb/src/portable/raspberrypi/rp2040/dcd_rp2040.c.o
 .rodata.dcd_int_enable.str1.4
                0x100086a1        0xc CMakeFiles/pico_enclosure_system.dir/home/nout/pico-sdk/lib/tinyusb/src/portable/raspberrypi/rp2040/dcd_rp2040.c.o
 *fill*         0x100086a1        0x3 
 .rodata.__func__.0
                0x100086a4        0xe CMakeFiles/pico_enclosure_system.dir/home/nout/pico-sdk/lib/tinyusb/src/portable/raspberrypi/rp2040/dcd_rp2040.c.o
 *fill*         0x100086b2        0x2 
 .rodata.__func__.3
                0x100086b4       0x10 CMakeFiles/pico_enclosure_system.dir/home/nout/pico-sdk/lib/tinyusb/src/portable/raspberrypi/rp2040/dcd_rp2040.c.o
 .rodata.__func__.5
                0x100086c4        0xf CMakeFiles/pico_enclosure_system.dir/home/nout/pico-sdk/lib/tinyusb/src/portable/raspberrypi/rp2040/dcd_rp2040.c.o
 *fill*         0x100086d3        0x1 
 .rodata.__func__.6
                0x100086d4       0x12 CMakeFiles/pico_enclosure_system.dir/home/nout/pico-sdk/lib/tinyusb/src/portable/raspberrypi/rp2040/dcd_rp2040.c.o
 *fill*         0x100086e6        0x2 
 .rodata.__func__.7
                0x100086e8        0x9 CMakeFiles/pico_enclosure_system.dir/home/nout/pico-sdk/lib/tinyusb/src/portable/raspberrypi/rp2040/dcd_rp2040.c.o
 .rodata.str1.4
                0x100086f1       0xd8 CMakeFiles/pico_enclosure_system.dir/home/nout/pico-sdk/lib/tinyusb/src/portable/raspberrypi/rp2040/rp2040_usb.c.o
 .rodata.hw_endpoint_xfer_start.str1.4
                0x100086f1       0x38 CMakeFiles/pico_enclosure_system.dir/home/nout/pico-sdk/lib/tinyusb/src/portable/raspberrypi/rp2040/rp2040_usb.c.o
 *fill*         0x100086f1        0x3 
 .rodata.__func__.0
                0x100086f4        0xf CMakeFiles/pico_enclosure_system.dir/home/nout/pico-sdk/lib/tinyusb/src/portable/raspberrypi/rp2040/rp2040_usb.c.o
 .rodata.configuration_reset.str1.4
                0x10008703       0x17 CMakeFiles/pico_enclosure_system.dir/home/nout/pico-sdk/lib/tinyusb/src/device/usbd.c.o
 *fill*         0x10008703        0x1 
 .rodata.process_get_descriptor
                0x10008704       0x40 CMakeFiles/pico_enclosure_system.dir/home/nout/pico-sdk/lib/tinyusb/src/device/usbd.c.o
 .rodata        0x10008744       0x1c CMakeFiles/pico_enclosure_system.dir/home/nout/pico-sdk/lib/tinyusb/src/device/usbd.c.o
 .rodata.process_control_request
                0x10008760       0x28 CMakeFiles/pico_enclosure_system.dir/home/nout/pico-sdk/lib/tinyusb/src/device/usbd.c.o
 .rodata.tud_task_ext
                0x10008788       0x24 CMakeFiles/pico_enclosure_system.dir/home/nout/pico-sdk/lib/tinyusb/src/device/usbd.c.o
 .rodata.__func__.3
                0x100087ac        0xf CMakeFiles/pico_enclosure_system.dir/home/nout/pico-sdk/lib/tinyusb/src/device/usbd.c.o
 *fill*         0x100087bb        0x1 
 .rodata.__func__.4
                0x100087bc        0xf CMakeFiles/pico_enclosure_system.dir/home/nout/pico-sdk/lib/tinyusb/src/device/usbd.c.o
 *fill*         0x100087cb        0x1 
 .rodata.__func__.5
                0x100087cc       0x14 CMakeFiles/pico_enclosure_system.dir/home/nout/pico-sdk/lib/tinyusb/src/device/usbd.c.o
 .rodata.__func__.6
                0x100087e0        0xc CMakeFiles/pico_enclosure_system.dir/home/nout/pico-sdk/lib/tinyusb/src/device/usbd.c.o
 .rodata.__func__.7
                0x100087ec       0x17 CMakeFiles/pico_enclosure_system.dir/home/nout/pico-sdk/lib/tinyusb/src/device/usbd.c.o
 *fill*         0x10008803        0x1 
 .rodata.__func__.8
                0x10008804       0x13 CMakeFiles/pico_enclosure_system.dir/home/nout/pico-sdk/lib/tinyusb/src/device/usbd.c.o
 *fill*         0x10008817        0x1 
 .rodata.__func__.9
                0x10008818       0x18 CMakeFiles/pico_enclosure_system.dir/home/nout/pico-sdk/lib/tinyusb/src/device/usbd.c.o
 .rodata.__func__.10
                0x10008830       0x14 CMakeFiles/pico_enclosure_system.dir/home/nout/pico-sdk/lib/tinyusb/src/device/usbd.c.o
 .rodata.__func__.11
                0x10008844        0xd CMakeFiles/pico_enclosure_system.dir/home/nout/pico-sdk/lib/tinyusb/src/device/usbd.c.o
 *fill*         0x10008851        0x3 
 .rodata.__func__.12
                0x10008854       0x10 CMakeFiles/pico_enclosure_system.dir/home/nout/pico-sdk/lib/tinyusb/src/device/usbd.c.o
 .rodata._usbd_driver
                0x10008864       0x40 CMakeFiles/pico_enclosure_system.dir/home/nout/pico-sdk/lib/tinyusb/src/device/usbd.c.o
 .rodata.tud_control_xfer.str1.4
                0x100088a4       0x17 CMakeFiles/pico_enclosure_system.dir/home/nout/pico-sdk/lib/tinyusb/src/device/usbd_control.c.o
 .rodata.__func__.0
                0x100088a4       0x15 CMakeFiles/pico_enclosure_system.dir/home/nout/pico-sdk/lib/tinyusb/src/device/usbd_control.c.o
 *fill*         0x100088b9        0x3 
 .rodata.__func__.1
                0x100088bc       0x11 CMakeFiles/pico_enclosure_system.dir/home/nout/pico-sdk/lib/tinyusb/src/device/usbd_control.c.o
 .rodata.tud_cdc_n_write_flush.str1.4
                0x100088cd       0x17 CMakeFiles/pico_enclosure_system.dir/home/nout/pico-sdk/lib/tinyusb/src/class/cdc/cdc_device.c.o
 *fill*         0x100088cd        0x3 
 .rodata.__func__.0
                0x100088d0        0xd CMakeFiles/pico_enclosure_system.dir/home/nout/pico-sdk/lib/tinyusb/src/class/cdc/cdc_device.c.o
 *fill*         0x100088dd        0x3 
 .rodata.__func__.1
                0x100088e0        0xa CMakeFiles/pico_enclosure_system.dir/home/nout/pico-sdk/lib/tinyusb/src/class/cdc/cdc_device.c.o
 *fill*         0x100088ea        0x2 
 .rodata.__func__.3
                0x100088ec       0x16 CMakeFiles/pico_enclosure_system.dir/home/nout/pico-sdk/lib/tinyusb/src/class/cdc/cdc_device.c.o
 .rodata.vendord_open.str1.4
                0x10008902       0x17 CMakeFiles/pico_enclosure_system.dir/home/nout/pico-sdk/lib/tinyusb/src/class/vendor/vendor_device.c.o
 *fill*         0x10008902        0x2 
 .rodata.__func__.0
                0x10008904        0xd CMakeFiles/pico_enclosure_system.dir/home/nout/pico-sdk/lib/tinyusb/src/class/vendor/vendor_device.c.o
 .rodata.tusb_rhport_init.str1.4
                0x10008911       0x17 CMakeFiles/pico_enclosure_system.dir/home/nout/pico-sdk/lib/tinyusb/src/tusb.c.o
 *fill*         0x10008911        0x3 
 .rodata.__func__.0
                0x10008914       0x19 CMakeFiles/pico_enclosure_system.dir/home/nout/pico-sdk/lib/tinyusb/src/tusb.c.o
 *fill*         0x1000892d        0x3 
 .rodata.__func__.2
                0x10008930       0x1a CMakeFiles/pico_enclosure_system.dir/home/nout/pico-sdk/lib/tinyusb/src/tusb.c.o
 *fill*         0x1000894a        0x2 
 .rodata.__func__.3
                0x1000894c       0x23 CMakeFiles/pico_enclosure_system.dir/home/nout/pico-sdk/lib/tinyusb/src/tusb.c.o
 *fill*         0x1000896f        0x1 
 .rodata.__func__.4
                0x10008970       0x11 CMakeFiles/pico_enclosure_system.dir/home/nout/pico-sdk/lib/tinyusb/src/tusb.c.o
 *fill*         0x10008981        0x3 
 .rodata.__func__.5
                0x10008984       0x11 CMakeFiles/pico_enclosure_system.dir/home/nout/pico-sdk/lib/tinyusb/src/tusb.c.o
                0x10008998                        . = ALIGN (0x4)
 *fill*         0x10008995        0x3 
 *(SORT_BY_ALIGNMENT(SORT_BY_NAME(.flashdata*)))
                0x10008998                        . = ALIGN (0x4)

.ARM.extab
 *(.ARM.extab* .gnu.linkonce.armextab.*)
                0x10008998                        __exidx_start = .

.ARM.exidx
 *(.ARM.exidx* .gnu.linkonce.armexidx.*)
                0x10008998                        __exidx_end = .
                0x10008998                        . = ALIGN (0x4)
                0x10008998                        __binary_info_start = .

.binary_info    0x10008998       0x20
 *(.binary_info.keep.*)
 .binary_info.keep.__bi_ptr84