Archive member included to satisfy reference by file (symbol)

/usr/lib/gcc/arm-none-eabi/13.2.1/thumb/v6-m/nofp/libgcc.a(_dvmd_tls.o)
                              CMakeFiles/pico_enclosure_system.dir/home/nout/pico-sdk/src/rp2_common/pico_divider/divider_hardware.S.o (__aeabi_idiv0)
/usr/lib/gcc/arm-none-eabi/13.2.1/../../../arm-none-eabi/lib/thumb/v6-m/nofp/libg.a(libc_a-calloc.o)
                              CMakeFiles/pico_enclosure_system.dir/home/nout/pico-sdk/src/rp2_common/pico_malloc/malloc.c.o (calloc)
/usr/lib/gcc/arm-none-eabi/13.2.1/../../../arm-none-eabi/lib/thumb/v6-m/nofp/libg.a(libc_a-impure.o)
                              /usr/lib/gcc/arm-none-eabi/13.2.1/../../../arm-none-eabi/lib/thumb/v6-m/nofp/libg.a(libc_a-calloc.o) (_impure_ptr)
/usr/lib/gcc/arm-none-eabi/13.2.1/../../../arm-none-eabi/lib/thumb/v6-m/nofp/libg.a(libc_a-callocr.o)
                              /usr/lib/gcc/arm-none-eabi/13.2.1/../../../arm-none-eabi/lib/thumb/v6-m/nofp/libg.a(libc_a-calloc.o) (_calloc_r)
/usr/lib/gcc/arm-none-eabi/13.2.1/../../../arm-none-eabi/lib/thumb/v6-m/nofp/libg.a(libc_a-realloc.o)
                              CMakeFiles/pico_enclosure_system.dir/home/nout/pico-sdk/src/rp2_common/pico_malloc/malloc.c.o (realloc)
/usr/lib/gcc/arm-none-eabi/13.2.1/../../../arm-none-eabi/lib/thumb/v6-m/nofp/libg.a(libc_a-mallocr.o)
                              /usr/lib/gcc/arm-none-eabi/13.2.1/../../../arm-none-eabi/lib/thumb/v6-m/nofp/libg.a(libc_a-callocr.o) (_malloc_r)
/usr/lib/gcc/arm-none-eabi/13.2.1/../../../arm-none-eabi/lib/thumb/v6-m/nofp/libg.a(libc_a-freer.o)
                              /usr/lib/gcc/arm-none-eabi/13.2.1/../../../arm-none-eabi/lib/thumb/v6-m/nofp/libg.a(libc_a-mallocr.o) (_free_r)
/usr/lib/gcc/arm-none-eabi/13.2.1/../../../arm-none-eabi/lib/thumb/v6-m/nofp/libg.a(libc_a-memcmp.o)
                              CMakeFiles/pico_enclosure_system.dir/home/nout/pico-sdk/src/rp2_common/pico_atomic/atomic.c.o (memcmp)
/usr/lib/gcc/arm-none-eabi/13.2.1/../../../arm-none-eabi/lib/thumb/v6-m/nofp/libg.a(libc_a-malloc.o)
                              CMakeFiles/pico_enclosure_system.dir/home/nout/pico-sdk/src/rp2_common/pico_malloc/malloc.c.o (malloc)
/usr/lib/gcc/arm-none-eabi/13.2.1/../../../arm-none-eabi/lib/thumb/v6-m/nofp/libg.a(libc_a-sysconf.o)
                              /usr/lib/gcc/arm-none-eabi/13.2.1/../../../arm-none-eabi/lib/thumb/v6-m/nofp/libg.a(libc_a-mallocr.o) (sysconf)
/usr/lib/gcc/arm-none-eabi/13.2.1/../../../arm-none-eabi/lib/thumb/v6-m/nofp/libg.a(libc_a-init.o)
                              /usr/lib/gcc/arm-none-eabi/13.2.1/../../../arm-none-eabi/lib/thumb/v6-m/nofp/crt0.o (__libc_init_array)
/usr/lib/gcc/arm-none-eabi/13.2.1/../../../arm-none-eabi/lib/thumb/v6-m/nofp/libg.a(libc_a-reallocr.o)
                              /usr/lib/gcc/arm-none-eabi/13.2.1/../../../arm-none-eabi/lib/thumb/v6-m/nofp/libg.a(libc_a-realloc.o) (_realloc_r)
/usr/lib/gcc/arm-none-eabi/13.2.1/../../../arm-none-eabi/lib/thumb/v6-m/nofp/libg.a(libc_a-mktime.o)
                              CMakeFiles/pico_enclosure_system.dir/home/nout/pico-sdk/src/common/pico_util/datetime.c.o (mktime)
/usr/lib/gcc/arm-none-eabi/13.2.1/../../../arm-none-eabi/lib/thumb/v6-m/nofp/libg.a(libc_a-mlock.o)
                              /usr/lib/gcc/arm-none-eabi/13.2.1/../../../arm-none-eabi/lib/thumb/v6-m/nofp/libg.a(libc_a-mallocr.o) (__malloc_lock)
/usr/lib/gcc/arm-none-eabi/13.2.1/../../../arm-none-eabi/lib/thumb/v6-m/nofp/libg.a(libc_a-findfp.o)
                              /usr/lib/gcc/arm-none-eabi/13.2.1/../../../arm-none-eabi/lib/thumb/v6-m/nofp/libg.a(libc_a-impure.o) (__sf)
/usr/lib/gcc/arm-none-eabi/13.2.1/../../../arm-none-eabi/lib/thumb/v6-m/nofp/libg.a(libc_a-tzlock.o)
                              /usr/lib/gcc/arm-none-eabi/13.2.1/../../../arm-none-eabi/lib/thumb/v6-m/nofp/libg.a(libc_a-mktime.o) (__tz_lock)
/usr/lib/gcc/arm-none-eabi/13.2.1/../../../arm-none-eabi/lib/thumb/v6-m/nofp/libg.a(libc_a-ctype_.o)
                              CMakeFiles/pico_enclosure_system.dir/home/nout/pico-sdk/lib/tinyusb/src/tusb.c.o (_ctype_)
/usr/lib/gcc/arm-none-eabi/13.2.1/../../../arm-none-eabi/lib/thumb/v6-m/nofp/libg.a(libc_a-atexit.o)
                              /usr/lib/gcc/arm-none-eabi/13.2.1/../../../arm-none-eabi/lib/thumb/v6-m/nofp/crt0.o (atexit)
/usr/lib/gcc/arm-none-eabi/13.2.1/../../../arm-none-eabi/lib/thumb/v6-m/nofp/libg.a(libc_a-lcltime_r.o)
                              CMakeFiles/pico_enclosure_system.dir/home/nout/pico-sdk/src/common/pico_util/datetime.c.o (localtime_r)
/usr/lib/gcc/arm-none-eabi/13.2.1/../../../arm-none-eabi/lib/thumb/v6-m/nofp/libg.a(libc_a-strlen-stub.o)
                              CMakeFiles/pico_enclosure_system.dir/home/nout/pico-sdk/src/rp2_common/pico_stdio/stdio.c.o (strlen)
/usr/lib/gcc/arm-none-eabi/13.2.1/../../../arm-none-eabi/lib/thumb/v6-m/nofp/libg.a(libc_a-sbrkr.o)
[...]
Memory Configuration

Name             Origin             Length             Attributes
FLASH            0x10000000         0x00200000         xr
RAM              0x20000000         0x00040000         xrw
SCRATCH_X        0x20040000         0x00001000         xrw
SCRATCH_Y        0x20041000         0x00001000         xrw
*default*        0x00000000         0xffffffff

Linker script and memory map

LOAD /usr/lib/gcc/arm-none-eabi/13.2.1/thumb/v6-m/nofp/crti.o
LOAD /usr/lib/gcc/arm-none-eabi/13.2.1/thumb/v6-m/nofp/crtbegin.o
LOAD /usr/lib/gcc/arm-none-eabi/13.2.1/../../../arm-none-eabi/lib/thumb/v6-m/nofp/crt0.o

.flash_begin    0x10000000        0x0
                0x10000000                        __flash_binary_start = .

.boot2          0x10000000      0x100
                0x10000000                        __boot2_start__ = .
 *(.boot2)
 .boot2         0x10000000      0x100 pico-sdk/src/rp2040/boot_stage2/CMakeFiles/bs2_default_library.dir/bs2_default_padded_checksummed.S.o
                0x10000100                        __boot2_end__ = .
                0x00000001                        ASSERT (((__boot2_end__ - __boot2_start__) == 0x100), ERROR: Pico second stage bootloader must be 256 bytes in size)

.text           0x10000100     0x7270
                0x10000100                        __logical_binary_start = .
 *(.vectors)
 .vectors       0x10000100       0xd4 CMakeFiles/pico_enclosure_system.dir/home/nout/pico-sdk/src/rp2_common/pico_crt0/crt0.S.o
                0x10000100                __vectors
                0x10000100                __VECTOR_TABLE
                0x100001c0                isr_invalid
                0x100001c0                __default_isrs_start
                0x100001c2                isr_nmi
                0x100001c4                isr_hardfault
                0x100001c6                isr_svcall
                0x100001c8                isr_pendsv
                0x100001ca                isr_systick
                0x100001cc                isr_irq30
                0x100001cc                __unhandled_user_irq
                0x100001cc                isr_irq13
                0x100001cc                isr_irq27
                0x100001cc                isr_irq31
                0x100001cc                isr_irq5
                0x100001cc                isr_irq11
                0x100001cc                isr_irq23
                0x100001cc                isr_irq18
                0x100001cc                isr_irq28
                0x100001cc                isr_irq19
                0x100001cc                isr_irq0
                0x100001cc                isr_irq6
                0x100001cc                isr_irq22
                0x100001cc                isr_irq17
                0x100001cc                isr_irq14
                0x100001cc                isr_irq2
                0x100001cc                isr_irq10
                0x100001cc                isr_irq8
                0x100001cc                isr_irq24
                0x100001cc                isr_irq1
                0x100001cc                isr_irq7
                0x100001cc                isr_irq21
                0x100001cc                isr_irq20
                0x100001cc                isr_irq15
                0x100001cc                isr_irq25
                0x100001cc                isr_irq4
                0x100001cc                isr_irq16
                0x100001cc                isr_irq29
                0x100001cc                isr_irq26
                0x100001cc                __default_isrs_end
                0x100001cc                isr_irq3
                0x100001cc                isr_irq12
                0x100001cc                isr_irq9
                0x100001d2                unhandled_user_irq_num_in_r0
 *(.binary_info_header)
 .binary_info_header
                0x100001d4       0x14 CMakeFiles/pico_enclosure_system.dir/home/nout/pico-sdk/src/rp2_common/pico_crt0/crt0.S.o
                0x100001e8                        __binary_info_header_end = .
 *(.embedded_block)
                0x100001e8                        __embedded_block_end = .
 *(.reset)
 .reset         0x100001e8       0x9c CMakeFiles/pico_enclosure_system.dir/home/nout/pico-sdk/src/rp2_common/pico_crt0/crt0.S.o
                0x100001e8                _entry_point
 *(.init)
 .init          0x10000284        0x4 /usr/lib/gcc/arm-none-eabi/13.2.1/thumb/v6-m/nofp/crti.o
                0x10000284                _init
 *(EXCLUDE_FILE(*libm.a: *libc.a:*lib_a-mem*.o *libgcc.a:) .text*)
 .text          0x10000288       0x98 /usr/lib/gcc/arm-none-eabi/13.2.1/thumb/v6-m/nofp/crtbegin.o
 .text.protothread1
                0x10000320       0xac CMakeFiles/pico_enclosure_system.dir/src/main.c.o
 .text.init_pmod
                0x100003cc       0x16 CMakeFiles/pico_enclosure_system.dir/src/main.c.o
                0x100003cc                init_pmod
 *fill*         0x100003e2        0x2 
 .text.main     0x100003e4       0x54 CMakeFiles/pico_enclosure_system.dir/src/main.c.o
                0x100003e4                main
 .text.encoder_isr
                0x10000438       0x60 CMakeFiles/pico_enclosure_system.dir/src/rotary_encoder_module.c.o
                0x10000438                encoder_isr
 .text.rotary_encoder_init
                0x10000498       0x44 CMakeFiles/pico_enclosure_system.dir/src/rotary_encoder_module.c.o
                0x10000498                rotary_encoder_init
 .text.get_encoder_pos
                0x100004dc        0xc CMakeFiles/pico_enclosure_system.dir/src/rotary_encoder_module.c.o
                0x100004dc                get_encoder_pos
 .text.mijn_spi_init
                0x100004e8       0x62 CMakeFiles/pico_enclosure_system.dir/src/spi_lib.c.o
                0x100004e8                mijn_spi_init
 .text.mijn_spi_send
                0x1000054a       0x7e CMakeFiles/pico_enclosure_system.dir/src/spi_lib.c.o
                0x1000054a                mijn_spi_send
 .text.spi_send_command
                0x100005c8       0x12 CMakeFiles/pico_enclosure_system.dir/src/spi_lib.c.o
                0x100005c8                spi_send_command
 .text.spi_send_data
                0x100005da       0x12 CMakeFiles/pico_enclosure_system.dir/src/spi_lib.c.o
                0x100005da                spi_send_data
 .text.oled_init
                0x100005ec       0x44 CMakeFiles/pico_enclosure_system.dir/src/oled_lib.c.o
                0x100005ec                oled_init
 .text.oled_clear
                0x10000630       0x46 CMakeFiles/pico_enclosure_system.dir/src/oled_lib.c.o
                0x10000630                oled_clear
 *fill*         0x10000676        0x2 
 .text.oled_draw_char
                0x10000678       0x60 CMakeFiles/pico_enclosure_system.dir/src/oled_lib.c.o
                0x10000678                oled_draw_char
 .text.oled_draw_text
                0x100006d8       0x3e CMakeFiles/pico_enclosure_system.dir/src/oled_lib.c.o
                0x100006d8                oled_draw_text
 .text.fan_init
                0x10000716       0x16 CMakeFiles/pico_enclosure_system.dir/src/fan.c.o
                0x10000716                fan_init
 .text.fan_on   0x1000072c        0xc CMakeFiles/pico_enclosure_system.dir/src/fan.c.o
                0x1000072c                fan_on
 .text.fan_off  0x10000738        0xc CMakeFiles/pico_enclosure_system.dir/src/fan.c.o
                0x10000738                fan_off
 .text.gpio_set_function
                0x10000744       0x34 CMakeFiles/pico_enclosure_system.dir/home/nout/pico-sdk/src/rp2_common/hardware_gpio/gpio.c.o
                0x10000744                gpio_set_function
 .text.gpio_set_pulls
                0x10000778       0x38 CMakeFiles/pico_enclosure_system.dir/home/nout/pico-sdk/src/rp2_common/hardware_gpio/gpio.c.o
                0x10000778                gpio_set_pulls
 .text.gpio_set_irq_callback
                0x100007b0       0x48 CMakeFiles/pico_enclosure_system.dir/home/nout/pico-sdk/src/rp2_common/hardware_gpio/gpio.c.o
                0x100007b0                gpio_set_irq_callback
 .text.gpio_acknowledge_irq
                0x100007f8       0x18 CMakeFiles/pico_enclosure_system.dir/home/nout/pico-sdk/src/rp2_common/hardware_gpio/gpio.c.o
                0x100007f8                gpio_acknowledge_irq
 .text._gpio_set_irq_enabled
                0x10000810       0x38 CMakeFiles/pico_enclosure_system.dir/home/nout/pico-sdk/src/rp2_common/hardware_gpio/gpio.c.o
 .text.gpio_set_irq_enabled
                0x10000848       0x50 CMakeFiles/pico_enclosure_system.dir/home/nout/pico-sdk/src/rp2_common/hardware_gpio/gpio.c.o
                0x10000848                gpio_set_irq_enabled
 .text.gpio_set_irq_enabled_with_callback
                0x10000898       0x28 CMakeFiles/pico_enclosure_system.dir/home/nout/pico-sdk/src/rp2_common/hardware_gpio/gpio.c.o
                0x10000898                gpio_set_irq_enabled_with_callback
 .text.gpio_default_irq_handler
                0x100008c0       0xa0 CMakeFiles/pico_enclosure_system.dir/home/nout/pico-sdk/src/rp2_common/hardware_gpio/gpio.c.o
 .text.gpio_init
                0x10000960       0x16 CMakeFiles/pico_enclosure_system.dir/home/nout/pico-sdk/src/rp2_common/hardware_gpio/gpio.c.o
                0x10000960                gpio_init
 *fill*         0x10000976        0x2 
 .text.rp2040_chip_version
                0x10000978       0x54 CMakeFiles/pico_enclosure_system.dir/home/nout/pico-sdk/src/rp2040/pico_platform/platform.c.o
                0x10000978                rp2040_chip_version
 .text.panic    0x100009cc       0x30 CMakeFiles/pico_enclosure_system.dir/home/nout/pico-sdk/src/rp2_common/pico_platform_panic/panic.c.o
                0x100009cc                panic
 .text.hw_claim_lock
                0x100009fc       0x18 CMakeFiles/pico_enclosure_system.dir/home/nout/pico-sdk/src/common/hardware_claim/claim.c.o
                0x100009fc                hw_claim_lock
 .text.hw_claim_unlock
                0x10000a14       0x14 CMakeFiles/pico_enclosure_system.dir/home/nout/pico-sdk/src/common/hardware_claim/claim.c.o
                0x10000a14                hw_claim_unlock
 .text.hw_claim_or_assert
                0x10000a28       0x32 CMakeFiles/pico_enclosure_system.dir/home/nout/pico-sdk/src/common/hardware_claim/claim.c.o
                0x10000a28                hw_claim_or_assert
 .text.hw_claim_unused_from_range
                0x10000a5a       0x50 CMakeFiles/pico_enclosure_system.dir/home/nout/pico-sdk/src/common/hardware_claim/claim.c.o
                0x10000a5a                hw_claim_unused_from_range
 *fill*         0x10000aaa        0x2 
 .text.next_striped_spin_lock_num
                0x10000aac       0x1c CMakeFiles/pico_enclosure_system.dir/home/nout/pico-sdk/src/rp2_common/hardware_sync/sync.c.o
                0x10000aac                next_striped_spin_lock_num
 .text.spin_lock_claim_unused
                0x10000ac8       0x24 CMakeFiles/pico_enclosure_system.dir/home/nout/pico-sdk/src/rp2_common/hardware_sync/sync.c.o
                0x10000ac8                spin_lock_claim_unused
 .text.spin_locks_reset
                0x10000aec       0x20 CMakeFiles/pico_enclosure_system.dir/home/nout/pico-sdk/src/rp2_common/hardware_sync_spin_lock/sync_spin_lock.c.o
                0x10000aec                spin_locks_reset
 .text.set_raw_irq_handler_and_unlock
                0x10000b0c       0x28 CMakeFiles/pico_enclosure_system.dir/home/nout/pico-sdk/src/rp2_common/hardware_irq/irq.c.o
 .text.nvic_ipr0
                0x10000b34        0x8 CMakeFiles/pico_enclosure_system.dir/home/nout/pico-sdk/src/rp2_common/hardware_irq/irq.c.o
 .text.runtime_init_per_core_irq_priorities
                0x10000b3c       0x1c CMakeFiles/pico_enclosure_system.dir/home/nout/pico-sdk/src/rp2_common/hardware_irq/irq.c.o
                0x10000b3c                runtime_init_per_core_irq_priorities
 .text.resolve_j_16
                0x10000b58       0x30 CMakeFiles/pico_enclosure_system.dir/home/nout/pico-sdk/src/rp2_common/hardware_irq/irq.c.o
 .text.make_j_16
                0x10000b88       0x48 CMakeFiles/pico_enclosure_system.dir/home/nout/pico-sdk/src/rp2_common/hardware_irq/irq.c.o
 .text.insert_bl_32
                0x10000bd0       0x40 CMakeFiles/pico_enclosure_system.dir/home/nout/pico-sdk/src/rp2_common/hardware_irq/irq.c.o
 .text.irq_is_enabled
                0x10000c10       0x18 CMakeFiles/pico_enclosure_system.dir/home/nout/pico-sdk/src/rp2_common/hardware_irq/irq.c.o
                0x10000c10                irq_is_enabled
 .text.irq_set_mask_n_enabled
                0x10000c28       0x1c CMakeFiles/pico_enclosure_system.dir/home/nout/pico-sdk/src/rp2_common/hardware_irq/irq.c.o
                0x10000c28                irq_set_mask_n_enabled
 .text.irq_set_enabled
                0x10000c44       0x14 CMakeFiles/pico_enclosure_system.dir/home/nout/pico-sdk/src/rp2_common/hardware_irq/irq.c.o
                0x10000c44                irq_set_enabled
 .text.irq_set_pending
                0x10000c58       0x10 CMakeFiles/pico_enclosure_system.dir/home/nout/pico-sdk/src/rp2_common/hardware_irq/irq.c.o
                0x10000c58                irq_set_pending
 .text.irq_get_vtable_handler
                0x10000c68       0x10 CMakeFiles/pico_enclosure_system.dir/home/nout/pico-sdk/src/rp2_common/hardware_irq/irq.c.o
                0x10000c68                irq_get_vtable_handler
 .text.irq_has_handler
                0x10000c78       0x20 CMakeFiles/pico_enclosure_system.dir/home/nout/pico-sdk/src/rp2_common/hardware_irq/irq.c.o
                0x10000c78                irq_has_handler
 .text.irq_has_shared_handler
                0x10000c98       0x1c CMakeFiles/pico_enclosure_system.dir/home/nout/pico-sdk/src/rp2_common/hardware_irq/irq.c.o
                0x10000c98                irq_has_shared_handler
 .text.irq_set_exclusive_handler
                0x10000cb4       0x54 CMakeFiles/pico_enclosure_system.dir/home/nout/pico-sdk/src/rp2_common/hardware_irq/irq.c.o
                0x10000cb4                irq_set_exclusive_handler
 .text.irq_add_shared_handler
                0x10000d08      0x218 CMakeFiles/pico_enclosure_system.dir/home/nout/pico-sdk/src/rp2_common/hardware_irq/irq.c.o
                0x10000d08                irq_add_shared_handler
 .text.irq_remove_handler
                0x10000f20      0x18c CMakeFiles/pico_enclosure_system.dir/home/nout/pico-sdk/src/rp2_common/hardware_irq/irq.c.o
                0x10000f20                irq_remove_handler
 .text.irq_add_tail_to_free_list
                0x100010ac       0xf0 CMakeFiles/pico_enclosure_system.dir/home/nout/pico-sdk/src/rp2_common/hardware_irq/irq.c.o
                0x100010ac                irq_add_tail_to_free_list
 .text.user_irq_claim_unused
                0x1000119c       0x2c CMakeFiles/pico_enclosure_system.dir/home/nout/pico-sdk/src/rp2_common/hardware_irq/irq.c.o
                0x1000119c                user_irq_claim_unused
 .text.lock_init
                0x100011c8       0x10 CMakeFiles/pico_enclosure_system.dir/home/nout/pico-sdk/src/common/pico_sync/lock_core.c.o
                0x100011c8                lock_init
 .text.mutex_init
                0x100011d8       0x1a CMakeFiles/pico_enclosure_system.dir/home/nout/pico-sdk/src/common/pico_sync/mutex.c.o
                0x100011d8                mutex_init
 .text.recursive_mutex_init
                0x100011f2       0x1e CMakeFiles/pico_enclosure_system.dir/home/nout/pico-sdk/src/common/pico_sync/mutex.c.o
                0x100011f2                recursive_mutex_init
 .text.runtime_init_mutex
                0x10001210       0x4c CMakeFiles/pico_enclosure_system.dir/home/nout/pico-sdk/src/common/pico_sync/mutex.c.o
                0x10001210                runtime_init_mutex
 .text.critical_section_init_with_lock_num
                0x1000125c       0x14 CMakeFiles/pico_enclosure_system.dir/home/nout/pico-sdk/src/common/pico_sync/critical_section.c.o
                0x1000125c                critical_section_init_with_lock_num
 .text.critical_section_init
                0x10001270       0x14 CMakeFiles/pico_enclosure_system.dir/home/nout/pico-sdk/src/common/pico_sync/critical_section.c.o
                0x10001270                critical_section_init
 .text.ta_set_timeout
                0x10001284       0x24 CMakeFiles/pico_enclosure_system.dir/home/nout/pico-sdk/src/common/pico_time/time.c.o
 .text.make_alarm_id
                0x100012a8        0x6 CMakeFiles/pico_enclosure_system.dir/home/nout/pico-sdk/src/common/pico_time/time.c.o
 *fill*         0x100012ae        0x2 
 .text.sleep_until_callback
                0x100012b0       0x30 CMakeFiles/pico_enclosure_system.dir/home/nout/pico-sdk/src/common/pico_time/time.c.o
 .text.alarm_pool_irq_handler
                0x100012e0      0x2e8 CMakeFiles/pico_enclosure_system.dir/home/nout/pico-sdk/src/common/pico_time/time.c.o
 .text.ta_enable_irq_handler
                0x100015c8       0x2c CMakeFiles/pico_enclosure_system.dir/home/nout/pico-sdk/src/common/pico_time/time.c.o
 .text.alarm_pool_post_alloc_init
                0x100015f4       0x78 CMakeFiles/pico_enclosure_system.dir/home/nout/pico-sdk/src/common/pico_time/time.c.o
 .text.alarm_pool_get_default
                0x1000166c       0x2c CMakeFiles/pico_enclosure_system.dir/home/nout/pico-sdk/src/common/pico_time/time.c.o
                0x1000166c                alarm_pool_get_default
 .text.alarm_pool_add_alarm_at_force_in_context
                0x10001698       0xa4 CMakeFiles/pico_enclosure_system.dir/home/nout/pico-sdk/src/common/pico_time/time.c.o
                0x10001698                alarm_pool_add_alarm_at_force_in_context
 .text.alarm_pool_add_alarm_at
                0x1000173c       0x3c CMakeFiles/pico_enclosure_system.dir/home/nout/pico-sdk/src/common/pico_time/time.c.o
                0x1000173c                alarm_pool_add_alarm_at
 .text.add_alarm_at
                0x10001778       0x2e CMakeFiles/pico_enclosure_system.dir/home/nout/pico-sdk/src/common/pico_time/time.c.o
 *fill*         0x100017a6        0x2 
 .text.alarm_pool_cancel_alarm
                0x100017a8       0x78 CMakeFiles/pico_enclosure_system.dir/home/nout/pico-sdk/src/common/pico_time/time.c.o
                0x100017a8                alarm_pool_cancel_alarm
 .text.cancel_alarm
                0x10001820       0x10 CMakeFiles/pico_enclosure_system.dir/home/nout/pico-sdk/src/common/pico_time/time.c.o
 .text.alarm_pool_core_num
                0x10001830        0x4 CMakeFiles/pico_enclosure_system.dir/home/nout/pico-sdk/src/common/pico_time/time.c.o
                0x10001830                alarm_pool_core_num
 .text.sleep_until
                0x10001834       0xc0 CMakeFiles/pico_enclosure_system.dir/home/nout/pico-sdk/src/common/pico_time/time.c.o
                0x10001834                sleep_until
 .text.sleep_us
                0x100018f4       0x24 CMakeFiles/pico_enclosure_system.dir/home/nout/pico-sdk/src/common/pico_time/time.c.o
                0x100018f4                sleep_us
 .text.sleep_ms
                0x10001918       0x14 CMakeFiles/pico_enclosure_system.dir/home/nout/pico-sdk/src/common/pico_time/time.c.o
                0x10001918                sleep_ms
 .text.best_effort_wfe_or_timeout
                0x1000192c      0x12c CMakeFiles/pico_enclosure_system.dir/home/nout/pico-sdk/src/common/pico_time/time.c.o
                0x1000192c                best_effort_wfe_or_timeout
 .text.alarm_pool_get_default_timer
                0x10001a58        0x8 CMakeFiles/pico_enclosure_system.dir/home/nout/pico-sdk/src/common/pico_time/time.c.o
                0x10001a58                alarm_pool_get_default_timer
 .text.runtime_init_default_alarm_pool
                0x10001a60       0x38 CMakeFiles/pico_enclosure_system.dir/home/nout/pico-sdk/src/common/pico_time/time.c.o
                0x10001a60                runtime_init_default_alarm_pool
 .text.timer_hardware_alarm_claim
                0x10001a98       0x14 CMakeFiles/pico_enclosure_system.dir/home/nout/pico-sdk/src/rp2_common/hardware_timer/timer.c.o
                0x10001a98                timer_hardware_alarm_claim
 .text.timer_time_us_64
                0x10001aac       0x10 CMakeFiles/pico_enclosure_system.dir/home/nout/pico-sdk/src/rp2_common/hardware_timer/timer.c.o
                0x10001aac                timer_time_us_64
 .text.timer_busy_wait_until
                0x10001abc       0x1a CMakeFiles/pico_enclosure_system.dir/home/nout/pico-sdk/src/rp2_common/hardware_timer/timer.c.o
                0x10001abc                timer_busy_wait_until
 *fill*         0x10001ad6        0x2 
 .text.time_us_64
                0x10001ad8       0x10 CMakeFiles/pico_enclosure_system.dir/home/nout/pico-sdk/src/rp2_common/hardware_timer/timer.c.o
                0x10001ad8                time_us_64
 .text.busy_wait_until
                0x10001ae8       0x14 CMakeFiles/pico_enclosure_system.dir/home/nout/pico-sdk/src/rp2_common/hardware_timer/timer.c.o
                0x10001ae8                busy_wait_until
 .text.clock_configure_internal
                0x10001afc       0xc4 CMakeFiles/pico_enclosure_system.dir/home/nout/pico-sdk/src/rp2_common/hardware_clocks/clocks.c.o
 .text.clock_configure_int_divider
                0x10001bc0       0x28 CMakeFiles/pico_enclosure_system.dir/home/nout/pico-sdk/src/rp2_common/hardware_clocks/clocks.c.o
                0x10001bc0                clock_configure_int_divider
 .text.clock_configure_undivided
                0x10001be8       0x12 CMakeFiles/pico_enclosure_system.dir/home/nout/pico-sdk/src/rp2_common/hardware_clocks/clocks.c.o
                0x10001be8                clock_configure_undivided
 *fill*         0x10001bfa        0x2 
 .text.clock_get_hz
                0x10001bfc        0xc CMakeFiles/pico_enclosure_system.dir/home/nout/pico-sdk/src/rp2_common/hardware_clocks/clocks.c.o
                0x10001bfc                clock_get_hz
 .text.pll_init
                0x10001c08      0x124 CMakeFiles/pico_enclosure_system.dir/home/nout/pico-sdk/src/rp2_common/hardware_pll/pll.c.o
                0x10001c08                pll_init
 .text.watchdog_update
                0x10001d2c       0x14 CMakeFiles/pico_enclosure_system.dir/home/nout/pico-sdk/src/rp2_common/hardware_watchdog/watchdog.c.o
                0x10001d2c                watchdog_update
 .text._watchdog_enable
                0x10001d40       0x7c CMakeFiles/pico_enclosure_system.dir/home/nout/pico-sdk/src/rp2_common/hardware_watchdog/watchdog.c.o
                0x10001d40                _watchdog_enable
 .text.watchdog_reboot
                0x10001dbc       0x48 CMakeFiles/pico_enclosure_system.dir/home/nout/pico-sdk/src/rp2_common/hardware_watchdog/watchdog.c.o
                0x10001dbc                watchdog_reboot
 .text.tick_start
                0x10001e04       0x10 CMakeFiles/pico_enclosure_system.dir/home/nout/pico-sdk/src/rp2_common/hardware_ticks/ticks.c.o
                0x10001e04                tick_start
 .text.rom_func_lookup
                0x10001e14       0x10 CMakeFiles/pico_enclosure_system.dir/home/nout/pico-sdk/src/rp2_common/pico_bootrom/bootrom.c.o
                0x10001e14                rom_func_lookup
 .text.rom_data_lookup
                0x10001e24       0x10 CMakeFiles/pico_enclosure_system.dir/home/nout/pico-sdk/src/rp2_common/pico_bootrom/bootrom.c.o
                0x10001e24                rom_data_lookup
 .text.rom_funcs_lookup
                0x10001e34       0x36 CMakeFiles/pico_enclosure_system.dir/home/nout/pico-sdk/src/rp2_common/pico_bootrom/bootrom.c.o
                0x10001e34                rom_funcs_lookup
 *fill*         0x10001e6a        0x2 
 .text.rom_reset_usb_boot_extra
                0x10001e6c       0x24 CMakeFiles/pico_enclosure_system.dir/home/nout/pico-sdk/src/rp2_common/pico_bootrom/bootrom.c.o
                0x10001e6c                rom_reset_usb_boot_extra
 .text.xosc_init
                0x10001e90       0x2c CMakeFiles/pico_enclosure_system.dir/home/nout/pico-sdk/src/rp2_common/hardware_xosc/xosc.c.o
                0x10001e90                xosc_init
 .text.runtime_run_initializers_from
                0x10001ebc       0x18 CMakeFiles/pico_enclosure_system.dir/home/nout/pico-sdk/src/rp2_common/pico_runtime/runtime.c.o
 .text.first_per_core_initializer
                0x10001ed4        0x2 CMakeFiles/pico_enclosure_system.dir/home/nout/pico-sdk/src/rp2_common/pico_runtime/runtime.c.o
 *fill*         0x10001ed6        0x2 
 .text.runtime_run_initializers
                0x10001ed8       0x10 CMakeFiles/pico_enclosure_system.dir/home/nout/pico-sdk/src/rp2_common/pico_runtime/runtime.c.o
                0x10001ed8                runtime_run_initializers
 .text.runtime_init_early_resets
                0x10001ee8       0x2c CMakeFiles/pico_enclosure_system.dir/home/nout/pico-sdk/src/rp2_common/pico_runtime_init/runtime_init.c.o
                0x10001ee8                runtime_init_early_resets
 .text.runtime_init_usb_power_down
                0x10001f14       0x1c CMakeFiles/pico_enclosure_system.dir/home/nout/pico-sdk/src/rp2_common/pico_runtime_init/runtime_init.c.o
                0x10001f14                runtime_init_usb_power_down
 .text.runtime_init_post_clock_resets
                0x10001f30       0x20 CMakeFiles/pico_enclosure_system.dir/home/nout/pico-sdk/src/rp2_common/pico_runtime_init/runtime_init.c.o
                0x10001f30                runtime_init_post_clock_resets
 .text.runtime_init_rp2040_gpio_ie_disable
                0x10001f50       0x14 CMakeFiles/pico_enclosure_system.dir/home/nout/pico-sdk/src/rp2_common/pico_runtime_init/runtime_init.c.o
                0x10001f50                runtime_init_rp2040_gpio_ie_disable
 .text.runtime_init_spin_locks_reset
                0x10001f64        0x8 CMakeFiles/pico_enclosure_system.dir/home/nout/pico-sdk/src/rp2_common/pico_runtime_init/runtime_init.c.o
                0x10001f64                runtime_init_spin_locks_reset
 .text.runtime_init_install_ram_vector_table
                0x10001f6c       0x1c CMakeFiles/pico_enclosure_system.dir/home/nout/pico-sdk/src/rp2_common/pico_runtime_init/runtime_init.c.o
                0x10001f6c                runtime_init_install_ram_vector_table
 .text.start_all_ticks
                0x10001f88       0x28 CMakeFiles/pico_enclosure_system.dir/home/nout/pico-sdk/src/rp2_common/pico_runtime_init/runtime_init_clocks.c.o
 .text.runtime_init_clocks
                0x10001fb0       0xcc CMakeFiles/pico_enclosure_system.dir/home/nout/pico-sdk/src/rp2_common/pico_runtime_init/runtime_init_clocks.c.o
                0x10001fb0                runtime_init_clocks
 .text          0x1000207c       0x10 CMakeFiles/pico_enclosure_system.dir/home/nout/pico-sdk/src/rp2_common/pico_bit_ops/bit_ops_aeabi.S.o
 .text.__wrap___aeabi_idiv
                0x1000208c       0x50 CMakeFiles/pico_enclosure_system.dir/home/nout/pico-sdk/src/rp2_common/pico_divider/divider_hardware.S.o
                0x1000208c                __wrap___aeabi_idivmod
                0x1000208c                divmod_s32s32
                0x1000208c                div_s32s32
                0x1000208c                __wrap___aeabi_idiv
                0x10002094                divmod_s32s32_unsafe
                0x100020c0                divmod_s32s32_savestate
 .text.__wrap___aeabi_uidiv
                0x100020dc       0x4c CMakeFiles/pico_enclosure_system.dir/home/nout/pico-sdk/src/rp2_common/pico_divider/divider_hardware.S.o
                0x100020dc                __wrap___aeabi_uidiv
                0x100020dc                __wrap___aeabi_uidivmod
                0x100020dc                div_u32u32
                0x100020dc                divmod_u32u32
                0x100020e4                divmod_u32u32_unsafe
                0x1000210c                divmod_u32u32_savestate
 .text.__wrap___aeabi_ldiv
                0x10002128      0x424 CMakeFiles/pico_enclosure_system.dir/home/nout/pico-sdk/src/rp2_common/pico_divider/divider_hardware.S.o
                0x10002128                div_s64s64
                0x10002128                divmod_s64s64
                0x10002128                __wrap___aeabi_ldivmod
                0x10002158                div_u64u64
                0x10002158                divmod_u64u64
                0x10002158                __wrap___aeabi_uldivmod
                0x10002168                divmod_u64u64_savestate
                0x10002188                divmod_s64s64_unsafe
                0x10002210                divmod_u64u64_unsafe
 .text.__wrap___aeabi_darithmetic
                0x1000254c       0x80 CMakeFiles/pico_enclosure_system.dir/home/nout/pico-sdk/src/rp2_common/pico_double/double_aeabi_rp2040.S.o
                0x1000254c                __wrap___aeabi_drsub
                0x10002552                __wrap___aeabi_dsub
                0x10002564                __wrap___aeabi_dadd
                0x10002576                __wrap___aeabi_ddiv
                0x100025b2                __wrap___aeabi_dmul
 .text.__wrap___aeabi_cdcmple
                0x100025cc       0x6c CMakeFiles/pico_enclosure_system.dir/home/nout/pico-sdk/src/rp2_common/pico_double/double_aeabi_rp2040.S.o
                0x100025cc                __wrap___aeabi_cdrcmple
                0x100025dc                __wrap___aeabi_cdcmple
                0x100025dc                __wrap___aeabi_cdcmpeq
 .text.__wrap___aeabi_dcmplt
                0x10002638        0xc CMakeFiles/pico_enclosure_system.dir/home/nout/pico-sdk/src/rp2_common/pico_double/double_aeabi_rp2040.S.o
                0x10002638                __wrap___aeabi_dcmplt
 .text.__wrap___aeabi_dcmple
                0x10002644       0x10 CMakeFiles/pico_enclosure_system.dir/home/nout/pico-sdk/src/rp2_common/pico_double/double_aeabi_rp2040.S.o
                0x10002644                __wrap___aeabi_dcmple
 .text.__wrap___aeabi_dcmpge
                0x10002654       0x10 CMakeFiles/pico_enclosure_system.dir/home/nout/pico-sdk/src/rp2_common/pico_double/double_aeabi_rp2040.S.o
                0x10002654                __wrap___aeabi_dcmpge
 .text.__wrap___aeabi_dcmpgt
                0x10002664        0xa CMakeFiles/pico_enclosure_system.dir/home/nout/pico-sdk/src/rp2_common/pico_double/double_aeabi_rp2040.S.o
                0x10002664                __wrap___aeabi_dcmpgt
 .text.__wrap___aeabi_dcmpun
                0x1000266e       0x18 CMakeFiles/pico_enclosure_system.dir/home/nout/pico-sdk/src/rp2_common/pico_double/double_aeabi_rp2040.S.o
                0x1000266e                __wrap___aeabi_dcmpun
 *fill*         0x10002686        0x2 
 .text.__wrap___aeabi_i2d
                0x10002688       0x38 CMakeFiles/pico_enclosure_system.dir/home/nout/pico-sdk/src/rp2_common/pico_double/double_aeabi_rp2040.S.o
                0x10002688                __wrap___aeabi_ui2d
                0x10002688                uint2double
                0x10002690                __wrap___aeabi_i2d
                0x10002690                int2double
 .text.__wrap___aeabi_d2iz
                0x100026c0       0x48 CMakeFiles/pico_enclosure_system.dir/home/nout/pico-sdk/src/rp2_common/pico_double/double_aeabi_rp2040.S.o
                0x100026c0                __wrap___aeabi_d2iz
                0x100026c0                double2int_z
 .text.__wrap___aeabi_d2uiz
                0x10002708       0x18 CMakeFiles/pico_enclosure_system.dir/home/nout/pico-sdk/src/rp2_common/pico_double/double_aeabi_rp2040.S.o
                0x10002708                double2uint_z
                0x10002708                double2uint
                0x10002708                __wrap___aeabi_d2uiz
 .text.__aeabi_double_init
                0x10002720       0xcc CMakeFiles/pico_enclosure_system.dir/home/nout/pico-sdk/src/rp2_common/pico_double/double_init_rom_rp2040.c.o
                0x10002720                __aeabi_double_init
 .text.double_table_shim_on_use_helper
                0x100027ec       0x34 CMakeFiles/pico_enclosure_system.dir/home/nout/pico-sdk/src/rp2_common/pico_double/double_v1_rom_shim_rp2040.S.o
                0x100027ec                double_table_shim_on_use_helper
 .text.__wrap___aeabi_dsub
                0x10002820       0x10 CMakeFiles/pico_enclosure_system.dir/home/nout/pico-sdk/src/rp2_common/pico_double/double_v1_rom_shim_rp2040.S.o
                0x10002820                drsub_shim
                0x10002826                dsub_shim
 .text.dadd_shim
                0x10002830      0x15c CMakeFiles/pico_enclosure_system.dir/home/nout/pico-sdk/src/rp2_common/pico_double/double_v1_rom_shim_rp2040.S.o
                0x10002830                dadd_shim
 .text.dmul_shim
                0x1000298c      0x15c CMakeFiles/pico_enclosure_system.dir/home/nout/pico-sdk/src/rp2_common/pico_double/double_v1_rom_shim_rp2040.S.o
                0x1000298c                dmul_shim
 .text.ddiv_shim
                0x10002ae8      0x1b0 CMakeFiles/pico_enclosure_system.dir/home/nout/pico-sdk/src/rp2_common/pico_double/double_v1_rom_shim_rp2040.S.o
                0x10002ae8                ddiv_shim
 .text.double2uint_shim
                0x10002c98        0xe CMakeFiles/pico_enclosure_system.dir/home/nout/pico-sdk/src/rp2_common/pico_double/double_v1_rom_shim_rp2040.S.o
                0x10002c98                double2uint_shim
                0x10002c9a                double2ufix_shim
 *fill*         0x10002ca6        0x2 
 .text.double2uint64_shim
                0x10002ca8       0x70 CMakeFiles/pico_enclosure_system.dir/home/nout/pico-sdk/src/rp2_common/pico_double/double_v1_rom_shim_rp2040.S.o
                0x10002ca8                double2uint64_shim
                0x10002caa                double2ufix64_shim
                0x10002cca                d2fix_a
 .text.dunpacks
                0x10002d18       0x3c CMakeFiles/pico_enclosure_system.dir/home/nout/pico-sdk/src/rp2_common/pico_double/double_v1_rom_shim_rp2040.S.o
                0x10002d18                dunpacks
 .text.__aeabi_lmul
                0x10002d54       0x32 CMakeFiles/pico_enclosure_system.dir/home/nout/pico-sdk/src/rp2_common/pico_int64_ops/pico_int64_ops_aeabi.S.o
                0x10002d54                __wrap___aeabi_lmul
 *fill*         0x10002d86        0x2 
 .text.__aeabi_float_init
                0x10002d88       0xfc CMakeFiles/pico_enclosure_system.dir/home/nout/pico-sdk/src/rp2_common/pico_float/float_init_rom_rp2040.c.o
                0x10002d88                __aeabi_float_init
 .text.float_table_shim_on_use_helper
                0x10002e84       0x34 CMakeFiles/pico_enclosure_system.dir/home/nout/pico-sdk/src/rp2_common/pico_float/float_v1_rom_shim_rp2040.S.o
                0x10002e84                float_table_shim_on_use_helper
 .text          0x10002eb8       0x10 CMakeFiles/pico_enclosure_system.dir/home/nout/pico-sdk/src/rp2_common/pico_mem_ops/mem_ops_aeabi.S.o
                0x10002eb8                __aeabi_mem_init
 .text.memset   0x10002ec8        0xc CMakeFiles/pico_enclosure_system.dir/home/nout/pico-sdk/src/rp2_common/pico_mem_ops/mem_ops_aeabi.S.o
                0x10002ec8                __wrap_memset
 .text.memcpy   0x10002ed4        0xc CMakeFiles/pico_enclosure_system.dir/home/nout/pico-sdk/src/rp2_common/pico_mem_ops/mem_ops_aeabi.S.o
                0x10002ed4                __wrap___aeabi_memcpy
                0x10002ed4                __wrap_memcpy
 .text._out_buffer
                0x10002ee0        0x8 CMakeFiles/pico_enclosure_system.dir/home/nout/pico-sdk/src/rp2_common/pico_printf/printf.c.o
 .text._out_null
                0x10002ee8        0x2 CMakeFiles/pico_enclosure_system.dir/home/nout/pico-sdk/src/rp2_common/pico_printf/printf.c.o
 .text._out_fct
                0x10002eea        0xe CMakeFiles/pico_enclosure_system.dir/home/nout/pico-sdk/src/rp2_common/pico_printf/printf.c.o
 .text._atoi    0x10002ef8       0x24 CMakeFiles/pico_enclosure_system.dir/home/nout/pico-sdk/src/rp2_common/pico_printf/printf.c.o
 .text._out_rev
                0x10002f1c       0xae CMakeFiles/pico_enclosure_system.dir/home/nout/pico-sdk/src/rp2_common/pico_printf/printf.c.o
 .text._ntoa_format
                0x10002fca      0x110 CMakeFiles/pico_enclosure_system.dir/home/nout/pico-sdk/src/rp2_common/pico_printf/printf.c.o
 .text._ntoa_long
                0x100030da       0xbc CMakeFiles/pico_enclosure_system.dir/home/nout/pico-sdk/src/rp2_common/pico_printf/printf.c.o
 .text._ntoa_long_long
                0x10003196      0x10e CMakeFiles/pico_enclosure_system.dir/home/nout/pico-sdk/src/rp2_common/pico_printf/printf.c.o
 .text._etoa    0x100032a4      0x420 CMakeFiles/pico_enclosure_system.dir/home/nout/pico-sdk/src/rp2_common/pico_printf/printf.c.o
 .text._ftoa    0x100036c4      0x354 CMakeFiles/pico_enclosure_system.dir/home/nout/pico-sdk/src/rp2_common/pico_printf/printf.c.o
 .text._vsnprintf
                0x10003a18      0x668 CMakeFiles/pico_enclosure_system.dir/home/nout/pico-sdk/src/rp2_common/pico_printf/printf.c.o
 .text.__wrap_snprintf
                0x10004080       0x28 CMakeFiles/pico_enclosure_system.dir/home/nout/pico-sdk/src/rp2_common/pico_printf/printf.c.o
                0x10004080                __wrap_snprintf
 .text.vfctprintf
                0x100040a8       0x20 CMakeFiles/pico_enclosure_system.dir/home/nout/pico-sdk/src/rp2_common/pico_printf/printf.c.o
                0x100040a8                vfctprintf
 .text._exit    0x100040c8        0x4 CMakeFiles/pico_enclosure_system.dir/home/nout/pico-sdk/src/rp2_common/pico_clib_interface/newlib_interface.c.o
                0x100040c8                _exit
 .text.exit     0x100040cc        0x6 CMakeFiles/pico_enclosure_system.dir/home/nout/pico-sdk/src/rp2_common/pico_clib_interface/newlib_interface.c.o
                0x100040cc                exit
 *fill*         0x100040d2        0x2 
 .text.__assert_func
                0x100040d4       0x38 CMakeFiles/pico_enclosure_system.dir/home/nout/pico-sdk/src/rp2_common/pico_clib_interface/newlib_interface.c.o
                0x100040d4                __assert_func
 .text.runtime_init
                0x1000410c       0x28 CMakeFiles/pico_enclosure_system.dir/home/nout/pico-sdk/src/rp2_common/pico_clib_interface/newlib_interface.c.o
                0x1000410c                runtime_init
 .text.stdio_out_chars_no_crlf
                0x10004134        0xe CMakeFiles/pico_enclosure_system.dir/home/nout/pico-sdk/src/rp2_common/pico_stdio/stdio.c.o
 *fill*         0x10004142        0x2 
 .text.stdio_out_chars_crlf
                0x10004144       0x80 CMakeFiles/pico_enclosure_system.dir/home/nout/pico-sdk/src/rp2_common/pico_stdio/stdio.c.o
 .text.stdio_stack_buffer_flush
                0x100041c4       0x44 CMakeFiles/pico_enclosure_system.dir/home/nout/pico-sdk/src/rp2_common/pico_stdio/stdio.c.o
 .text.stdio_buffered_printer
                0x10004208       0x20 CMakeFiles/pico_enclosure_system.dir/home/nout/pico-sdk/src/rp2_common/pico_stdio/stdio.c.o
 .text.stdout_serialize_begin
                0x10004228       0x30 CMakeFiles/pico_enclosure_system.dir/home/nout/pico-sdk/src/rp2_common/pico_stdio/stdio.c.o
                0x10004228                stdout_serialize_begin
 .text.stdout_serialize_end
                0x10004258       0x10 CMakeFiles/pico_enclosure_system.dir/home/nout/pico-sdk/src/rp2_common/pico_stdio/stdio.c.o
                0x10004258                stdout_serialize_end
 .text.stdio_put_string
                0x10004268       0x94 CMakeFiles/pico_enclosure_system.dir/home/nout/pico-sdk/src/rp2_common/pico_stdio/stdio.c.o
                0x10004268                stdio_put_string
 .text.stdio_set_driver_enabled
                0x100042fc       0x2c CMakeFiles/pico_enclosure_system.dir/home/nout/pico-sdk/src/rp2_common/pico_stdio/stdio.c.o
                0x100042fc                stdio_set_driver_enabled
 .text.stdio_flush
                0x10004328       0x20 CMakeFiles/pico_enclosure_system.dir/home/nout/pico-sdk/src/rp2_common/pico_stdio/stdio.c.o
                0x10004328                stdio_flush
 .text.stdio_init_all
                0x10004348        0x8 CMakeFiles/pico_enclosure_system.dir/home/nout/pico-sdk/src/rp2_common/pico_stdio/stdio.c.o
                0x10004348                stdio_init_all
 .text.__wrap_puts
                0x10004350       0x1e CMakeFiles/pico_enclosure_system.dir/home/nout/pico-sdk/src/rp2_common/pico_stdio/stdio.c.o
                0x10004350                __wrap_puts
                0x10004350                stdio_puts
 *fill*         0x1000436e        0x2 
 .text.__wrap_vprintf
                0x10004370       0x40 CMakeFiles/pico_enclosure_system.dir/home/nout/pico-sdk/src/rp2_common/pico_stdio/stdio.c.o
                0x10004370                __wrap_vprintf
                0x10004370                stdio_vprintf
 .text.__wrap_printf
                0x100043b0       0x18 CMakeFiles/pico_enclosure_system.dir/home/nout/pico-sdk/src/rp2_common/pico_stdio/stdio.c.o
                0x100043b0                stdio_printf
                0x100043b0                __wrap_printf
 .text.resetd_init
                0x100043c8        0x2 CMakeFiles/pico_enclosure_system.dir/home/nout/pico-sdk/src/rp2_common/pico_stdio_usb/reset_interface.c.o
 *fill*         0x100043ca        0x2 
 .text.resetd_reset
                0x100043cc        0xc CMakeFiles/pico_enclosure_system.dir/home/nout/pico-sdk/src/rp2_common/pico_stdio_usb/reset_interface.c.o
 .text.resetd_open
                0x100043d8       0x34 CMakeFiles/pico_enclosure_system.dir/home/nout/pico-sdk/src/rp2_common/pico_stdio_usb/reset_interface.c.o
 .text.resetd_xfer_cb
                0x1000440c        0x4 CMakeFiles/pico_enclosure_system.dir/home/nout/pico-sdk/src/rp2_common/pico_stdio_usb/reset_interface.c.o
 .text.resetd_control_xfer_cb
                0x10004410       0x60 CMakeFiles/pico_enclosure_system.dir/home/nout/pico-sdk/src/rp2_common/pico_stdio_usb/reset_interface.c.o
 .text.tud_descriptor_bos_cb
                0x10004470        0x8 CMakeFiles/pico_enclosure_system.dir/home/nout/pico-sdk/src/rp2_common/pico_stdio_usb/reset_interface.c.o
                0x10004470                tud_descriptor_bos_cb
 .text.tud_vendor_control_xfer_cb
                0x10004478       0x38 CMakeFiles/pico_enclosure_system.dir/home/nout/pico-sdk/src/rp2_common/pico_stdio_usb/reset_interface.c.o
                0x10004478                tud_vendor_control_xfer_cb
 .text.usbd_app_driver_get_cb
                0x100044b0        0xc CMakeFiles/pico_enclosure_system.dir/home/nout/pico-sdk/src/rp2_common/pico_stdio_usb/reset_interface.c.o
                0x100044b0                usbd_app_driver_get_cb
 .text.tud_cdc_line_coding_cb
                0x100044bc       0x2c CMakeFiles/pico_enclosure_system.dir/home/nout/pico-sdk/src/rp2_common/pico_stdio_usb/reset_interface.c.o
                0x100044bc                tud_cdc_line_coding_cb
 .text.stdio_usb_set_chars_available_callback
                0x100044e8       0x14 CMakeFiles/pico_enclosure_system.dir/home/nout/pico-sdk/src/rp2_common/pico_stdio_usb/stdio_usb.c.o
                0x100044e8                stdio_usb_set_chars_available_callback
 .text.stdio_usb_out_flush
                0x100044fc       0x4c CMakeFiles/pico_enclosure_system.dir/home/nout/pico-sdk/src/rp2_common/pico_stdio_usb/stdio_usb.c.o
 .text.usb_irq  0x10004548       0x10 CMakeFiles/pico_enclosure_system.dir/home/nout/pico-sdk/src/rp2_common/pico_stdio_usb/stdio_usb.c.o
 .text.critical_section_enter_blocking
                0x10004558       0x16 CMakeFiles/pico_enclosure_system.dir/home/nout/pico-sdk/src/rp2_common/pico_stdio_usb/stdio_usb.c.o
 *fill*         0x1000456e        0x2 
 .text.timer_task
                0x10004570       0x60 CMakeFiles/pico_enclosure_system.dir/home/nout/pico-sdk/src/rp2_common/pico_stdio_usb/stdio_usb.c.o
 .text.alarm_pool_add_alarm_in_us
                0x100045d0       0x40 CMakeFiles/pico_enclosure_system.dir/home/nout/pico-sdk/src/rp2_common/pico_stdio_usb/stdio_usb.c.o
 .text.add_alarm_in_us
                0x10004610       0x2e CMakeFiles/pico_enclosure_system.dir/home/nout/pico-sdk/src/rp2_common/pico_stdio_usb/stdio_usb.c.o
 *fill*         0x1000463e        0x2 
 .text.low_priority_worker_irq
                0x10004640       0xa0 CMakeFiles/pico_enclosure_system.dir/home/nout/pico-sdk/src/rp2_common/pico_stdio_usb/stdio_usb.c.o
 .text.stdio_usb_init
                0x100046e0       0xe0 CMakeFiles/pico_enclosure_system.dir/home/nout/pico-sdk/src/rp2_common/pico_stdio_usb/stdio_usb.c.o
                0x100046e0                stdio_usb_init
 .text.stdio_usb_connected
                0x100047c0        0xa CMakeFiles/pico_enclosure_system.dir/home/nout/pico-sdk/src/rp2_common/pico_stdio_usb/stdio_usb.c.o
                0x100047c0                stdio_usb_connected
 *fill*         0x100047ca        0x2 
 .text.stdio_usb_in_chars
                0x100047cc       0x98 CMakeFiles/pico_enclosure_system.dir/home/nout/pico-sdk/src/rp2_common/pico_stdio_usb/stdio_usb.c.o
                0x100047cc                stdio_usb_in_chars
 .text.stdio_usb_out_chars
                0x10004864       0xe8 CMakeFiles/pico_enclosure_system.dir/home/nout/pico-sdk/src/rp2_common/pico_stdio_usb/stdio_usb.c.o
 .text.tud_descriptor_device_cb
                0x1000494c        0x8 CMakeFiles/pico_enclosure_system.dir/home/nout/pico-sdk/src/rp2_common/pico_stdio_usb/stdio_usb_descriptors.c.o
                0x1000494c                tud_descriptor_device_cb
 .text.tud_descriptor_configuration_cb
                0x10004954        0x8 CMakeFiles/pico_enclosure_system.dir/home/nout/pico-sdk/src/rp2_common/pico_stdio_usb/stdio_usb_descriptors.c.o
                0x10004954                tud_descriptor_configuration_cb
 .text.tud_descriptor_string_cb
                0x1000495c       0x6c CMakeFiles/pico_enclosure_system.dir/home/nout/pico-sdk/src/rp2_common/pico_stdio_usb/stdio_usb_descriptors.c.o
                0x1000495c                tud_descriptor_string_cb
 .text._retrieve_unique_id_on_boot
                0x100049c8       0x10 CMakeFiles/pico_enclosure_system.dir/home/nout/pico-sdk/src/rp2_common/pico_unique_id/unique_id.c.o
 .text.pico_get_unique_board_id_string
                0x100049d8       0x5c CMakeFiles/pico_enclosure_system.dir/home/nout/pico-sdk/src/rp2_common/pico_unique_id/unique_id.c.o
                0x100049d8                pico_get_unique_board_id_string
 .text.flash_get_unique_id
                0x10004a34       0x40 CMakeFiles/pico_enclosure_system.dir/home/nout/pico-sdk/src/rp2_common/hardware_flash/flash.c.o
                0x10004a34                flash_get_unique_id
 .text.hw_endpoint_init
                0x10004a74       0xbc CMakeFiles/pico_enclosure_system.dir/home/nout/pico-sdk/lib/tinyusb/src/portable/raspberrypi/rp2040/dcd_rp2040.c.o
 .text.hw_endpoint_alloc
                0x10004b30       0x48 CMakeFiles/pico_enclosure_system.dir/home/nout/pico-sdk/lib/tinyusb/src/portable/raspberrypi/rp2040/dcd_rp2040.c.o
 .text.hw_endpoint_open
                0x10004b78       0x50 CMakeFiles/pico_enclosure_system.dir/home/nout/pico-sdk/lib/tinyusb/src/portable/raspberrypi/rp2040/dcd_rp2040.c.o
 .text.hw_endpoint_xfer
                0x10004bc8       0x20 CMakeFiles/pico_enclosure_system.dir/home/nout/pico-sdk/lib/tinyusb/src/portable/raspberrypi/rp2040/dcd_rp2040.c.o
 .text.dcd_int_enable
                0x10004be8       0x2c CMakeFiles/pico_enclosure_system.dir/home/nout/pico-sdk/lib/tinyusb/src/portable/raspberrypi/rp2040/dcd_rp2040.c.o
                0x10004be8                dcd_int_enable
 .text.dcd_set_address
                0x10004c14       0x2c CMakeFiles/pico_enclosure_system.dir/home/nout/pico-sdk/lib/tinyusb/src/portable/raspberrypi/rp2040/dcd_rp2040.c.o
                0x10004c14                dcd_set_address
 .text.dcd_connect
                0x10004c40       0x10 CMakeFiles/pico_enclosure_system.dir/home/nout/pico-sdk/lib/tinyusb/src/portable/raspberrypi/rp2040/dcd_rp2040.c.o
                0x10004c40                dcd_connect
 .text.dcd_init
                0x10004c50       0x80 CMakeFiles/pico_enclosure_system.dir/home/nout/pico-sdk/lib/tinyusb/src/portable/raspberrypi/rp2040/dcd_rp2040.c.o
                0x10004c50                dcd_init
 .text.dcd_sof_enable
                0x10004cd0       0x1c CMakeFiles/pico_enclosure_system.dir/home/nout/pico-sdk/lib/tinyusb/src/portable/raspberrypi/rp2040/dcd_rp2040.c.o
                0x10004cd0                dcd_sof_enable
 .text.dcd_edpt0_status_complete
                0x10004cec       0x1c CMakeFiles/pico_enclosure_system.dir/home/nout/pico-sdk/lib/tinyusb/src/portable/raspberrypi/rp2040/dcd_rp2040.c.o
                0x10004cec                dcd_edpt0_status_complete
 .text.dcd_edpt_open
                0x10004d08       0x26 CMakeFiles/pico_enclosure_system.dir/home/nout/pico-sdk/lib/tinyusb/src/portable/raspberrypi/rp2040/dcd_rp2040.c.o
                0x10004d08                dcd_edpt_open
 .text.dcd_edpt_close_all
                0x10004d2e        0x8 CMakeFiles/pico_enclosure_system.dir/home/nout/pico-sdk/lib/tinyusb/src/portable/raspberrypi/rp2040/dcd_rp2040.c.o
                0x10004d2e                dcd_edpt_close_all
 *fill*         0x10004d36        0x2 
 .text.dcd_edpt_xfer
                0x10004d38       0x30 CMakeFiles/pico_enclosure_system.dir/home/nout/pico-sdk/lib/tinyusb/src/portable/raspberrypi/rp2040/dcd_rp2040.c.o
                0x10004d38                dcd_edpt_xfer
 .text.dcd_edpt_stall
                0x10004d68       0x3c CMakeFiles/pico_enclosure_system.dir/home/nout/pico-sdk/lib/tinyusb/src/portable/raspberrypi/rp2040/dcd_rp2040.c.o
                0x10004d68                dcd_edpt_stall
 .text.dcd_edpt_clear_stall
                0x10004da4       0x30 CMakeFiles/pico_enclosure_system.dir/home/nout/pico-sdk/lib/tinyusb/src/portable/raspberrypi/rp2040/dcd_rp2040.c.o
                0x10004da4                dcd_edpt_clear_stall
 .text.unaligned_memcpy
                0x10004dd4       0x14 CMakeFiles/pico_enclosure_system.dir/home/nout/pico-sdk/lib/tinyusb/src/portable/raspberrypi/rp2040/rp2040_usb.c.o
 .text.rp2040_usb_init
                0x10004de8       0x44 CMakeFiles/pico_enclosure_system.dir/home/nout/pico-sdk/lib/tinyusb/src/portable/raspberrypi/rp2040/rp2040_usb.c.o
                0x10004de8                rp2040_usb_init
 .text.hw_endpoint_xfer_start
                0x10004e2c       0x60 CMakeFiles/pico_enclosure_system.dir/home/nout/pico-sdk/lib/tinyusb/src/portable/raspberrypi/rp2040/rp2040_usb.c.o
                0x10004e2c                hw_endpoint_xfer_start
 .text.configuration_reset
                0x10004e8c       0x84 CMakeFiles/pico_enclosure_system.dir/home/nout/pico-sdk/lib/tinyusb/src/device/usbd.c.o
 .text.critical_section_enter_blocking
                0x10004f10       0x16 CMakeFiles/pico_enclosure_system.dir/home/nout/pico-sdk/lib/tinyusb/src/device/usbd.c.o
 .text.usbd_reset
                0x10004f26        0xc CMakeFiles/pico_enclosure_system.dir/home/nout/pico-sdk/lib/tinyusb/src/device/usbd.c.o
 .text.invoke_class_control
                0x10004f32       0x1a CMakeFiles/pico_enclosure_system.dir/home/nout/pico-sdk/lib/tinyusb/src/device/usbd.c.o
 .text.process_set_config
                0x10004f4c      0x1b0 CMakeFiles/pico_enclosure_system.dir/home/nout/pico-sdk/lib/tinyusb/src/device/usbd.c.o
 .text.tud_event_hook_cb
                0x100050fc        0x2 CMakeFiles/pico_enclosure_system.dir/home/nout/pico-sdk/lib/tinyusb/src/device/usbd.c.o
                0x100050fc                tud_event_hook_cb
 .text.tud_sof_cb
                0x100050fe        0x2 CMakeFiles/pico_enclosure_system.dir/home/nout/pico-sdk/lib/tinyusb/src/device/usbd.c.o
                0x100050fe                tud_sof_cb
 .text.tud_descriptor_device_qualifier_cb
                0x10005100        0x4 CMakeFiles/pico_enclosure_system.dir/home/nout/pico-sdk/lib/tinyusb/src/device/usbd.c.o
                0x10005100                tud_descriptor_device_qualifier_cb
 .text.tud_descriptor_other_speed_configuration_cb
                0x10005104        0x4 CMakeFiles/pico_enclosure_system.dir/home/nout/pico-sdk/lib/tinyusb/src/device/usbd.c.o
                0x10005104                tud_descriptor_other_speed_configuration_cb
 .text.process_get_descriptor
                0x10005108       0xe0 CMakeFiles/pico_enclosure_system.dir/home/nout/pico-sdk/lib/tinyusb/src/device/usbd.c.o
 .text.tud_mount_cb
                0x100051e8        0x2 CMakeFiles/pico_enclosure_system.dir/home/nout/pico-sdk/lib/tinyusb/src/device/usbd.c.o
                0x100051e8                tud_mount_cb
 .text.tud_umount_cb
                0x100051ea        0x2 CMakeFiles/pico_enclosure_system.dir/home/nout/pico-sdk/lib/tinyusb/src/device/usbd.c.o
                0x100051ea                tud_umount_cb
 .text.tud_suspend_cb
                0x100051ec        0x2 CMakeFiles/pico_enclosure_system.dir/home/nout/pico-sdk/lib/tinyusb/src/device/usbd.c.o
                0x100051ec                tud_suspend_cb
 .text.tud_resume_cb
                0x100051ee        0x2 CMakeFiles/pico_enclosure_system.dir/home/nout/pico-sdk/lib/tinyusb/src/device/usbd.c.o
                0x100051ee                tud_resume_cb
 .text.tud_mounted
                0x100051f0       0x10 CMakeFiles/pico_enclosure_system.dir/home/nout/pico-sdk/lib/tinyusb/src/device/usbd.c.o
                0x100051f0                tud_mounted
 .text.tud_suspended
                0x10005200       0x10 CMakeFiles/pico_enclosure_system.dir/home/nout/pico-sdk/lib/tinyusb/src/device/usbd.c.o
                0x10005200                tud_suspended
 .text.tud_inited
                0x10005210       0x14 CMakeFiles/pico_enclosure_system.dir/home/nout/pico-sdk/lib/tinyusb/src/device/usbd.c.o
                0x10005210                tud_inited
 .text.tud_rhport_init
                0x10005224      0x100 CMakeFiles/pico_enclosure_system.dir/home/nout/pico-sdk/lib/tinyusb/src/device/usbd.c.o
                0x10005224                tud_rhport_init
 .text.usbd_edpt_open
                0x10005324       0x60 CMakeFiles/pico_enclosure_system.dir/home/nout/pico-sdk/lib/tinyusb/src/device/usbd.c.o
                0x10005324                usbd_edpt_open
 .text.usbd_open_edpt_pair
                0x10005384       0x88 CMakeFiles/pico_enclosure_system.dir/home/nout/pico-sdk/lib/tinyusb/src/device/usbd.c.o
                0x10005384                usbd_open_edpt_pair
 .text.usbd_edpt_claim
                0x1000540c       0x28 CMakeFiles/pico_enclosure_system.dir/home/nout/pico-sdk/lib/tinyusb/src/device/usbd.c.o
                0x1000540c                usbd_edpt_claim
 .text.usbd_edpt_release
                0x10005434       0x28 CMakeFiles/pico_enclosure_system.dir/home/nout/pico-sdk/lib/tinyusb/src/device/usbd.c.o
                0x10005434                usbd_edpt_release
 .text.usbd_edpt_xfer
                0x1000545c       0x88 CMakeFiles/pico_enclosure_system.dir/home/nout/pico-sdk/lib/tinyusb/src/device/usbd.c.o
                0x1000545c                usbd_edpt_xfer
 .text.usbd_edpt_stall
                0x100054e4       0x34 CMakeFiles/pico_enclosure_system.dir/home/nout/pico-sdk/lib/tinyusb/src/device/usbd.c.o
                0x100054e4                usbd_edpt_stall
 .text.usbd_edpt_clear_stall
                0x10005518       0x34 CMakeFiles/pico_enclosure_system.dir/home/nout/pico-sdk/lib/tinyusb/src/device/usbd.c.o
                0x10005518                usbd_edpt_clear_stall
 .text.usbd_edpt_stalled
                0x1000554c       0x1c CMakeFiles/pico_enclosure_system.dir/home/nout/pico-sdk/lib/tinyusb/src/device/usbd.c.o
                0x1000554c                usbd_edpt_stalled
 .text.process_control_request
                0x10005568      0x38c CMakeFiles/pico_enclosure_system.dir/home/nout/pico-sdk/lib/tinyusb/src/device/usbd.c.o
 .text.tud_task_ext
                0x100058f4      0x1c4 CMakeFiles/pico_enclosure_system.dir/home/nout/pico-sdk/lib/tinyusb/src/device/usbd.c.o
                0x100058f4                tud_task_ext
 .text.status_stage_xact
                0x10005ab8       0x1a CMakeFiles/pico_enclosure_system.dir/home/nout/pico-sdk/lib/tinyusb/src/device/usbd_control.c.o
 *fill*         0x10005ad2        0x2 
 .text.data_stage_xact
                0x10005ad4       0x60 CMakeFiles/pico_enclosure_system.dir/home/nout/pico-sdk/lib/tinyusb/src/device/usbd_control.c.o
 .text.tud_control_status
                0x10005b34       0x28 CMakeFiles/pico_enclosure_system.dir/home/nout/pico-sdk/lib/tinyusb/src/device/usbd_control.c.o
                0x10005b34                tud_control_status
 .text.tud_control_xfer
                0x10005b5c       0x98 CMakeFiles/pico_enclosure_system.dir/home/nout/pico-sdk/lib/tinyusb/src/device/usbd_control.c.o
                0x10005b5c                tud_control_xfer
 .text.usbd_control_reset
                0x10005bf4       0x14 CMakeFiles/pico_enclosure_system.dir/home/nout/pico-sdk/lib/tinyusb/src/device/usbd_control.c.o
                0x10005bf4                usbd_control_reset
 .text.usbd_control_set_complete_callback
                0x10005c08        0xc CMakeFiles/pico_enclosure_system.dir/home/nout/pico-sdk/lib/tinyusb/src/device/usbd_control.c.o
                0x10005c08                usbd_control_set_complete_callback
 .text.usbd_control_set_request
                0x10005c14       0x1c CMakeFiles/pico_enclosure_system.dir/home/nout/pico-sdk/lib/tinyusb/src/device/usbd_control.c.o
                0x10005c14                usbd_control_set_request
 .text.usbd_control_xfer_cb
                0x10005c30       0xe0 CMakeFiles/pico_enclosure_system.dir/home/nout/pico-sdk/lib/tinyusb/src/device/usbd_control.c.o
                0x10005c30                usbd_control_xfer_cb
 .text._prep_out_transaction
                0x10005d10       0xa0 CMakeFiles/pico_enclosure_system.dir/home/nout/pico-sdk/lib/tinyusb/src/class/cdc/cdc_device.c.o
 .text.tud_cdc_n_connected
                0x10005db0       0x38 CMakeFiles/pico_enclosure_system.dir/home/nout/pico-sdk/lib/tinyusb/src/class/cdc/cdc_device.c.o
                0x10005db0                tud_cdc_n_connected
 .text.tud_cdc_n_available
                0x10005de8       0x18 CMakeFiles/pico_enclosure_system.dir/home/nout/pico-sdk/lib/tinyusb/src/class/cdc/cdc_device.c.o
                0x10005de8                tud_cdc_n_available
 .text.tud_cdc_n_read
                0x10005e00       0x38 CMakeFiles/pico_enclosure_system.dir/home/nout/pico-sdk/lib/tinyusb/src/class/cdc/cdc_device.c.o
                0x10005e00                tud_cdc_n_read
 .text.tud_cdc_n_write_flush
                0x10005e38       0xbc CMakeFiles/pico_enclosure_system.dir/home/nout/pico-sdk/lib/tinyusb/src/class/cdc/cdc_device.c.o
                0x10005e38                tud_cdc_n_write_flush
 .text.tud_cdc_n_write
                0x10005ef4       0x48 CMakeFiles/pico_enclosure_system.dir/home/nout/pico-sdk/lib/tinyusb/src/class/cdc/cdc_device.c.o
                0x10005ef4                tud_cdc_n_write
 .text.tud_cdc_n_write_available
                0x10005f3c       0x18 CMakeFiles/pico_enclosure_system.dir/home/nout/pico-sdk/lib/tinyusb/src/class/cdc/cdc_device.c.o
                0x10005f3c                tud_cdc_n_write_available
 .text.cdcd_init
                0x10005f54       0xac CMakeFiles/pico_enclosure_system.dir/home/nout/pico-sdk/lib/tinyusb/src/class/cdc/cdc_device.c.o
                0x10005f54                cdcd_init
 .text.cdcd_deinit
                0x10006000       0x48 CMakeFiles/pico_enclosure_system.dir/home/nout/pico-sdk/lib/tinyusb/src/class/cdc/cdc_device.c.o
                0x10006000                cdcd_deinit
 .text.cdcd_reset
                0x10006048       0x70 CMakeFiles/pico_enclosure_system.dir/home/nout/pico-sdk/lib/tinyusb/src/class/cdc/cdc_device.c.o
                0x10006048                cdcd_reset
 .text.cdcd_open
                0x100060b8       0xec CMakeFiles/pico_enclosure_system.dir/home/nout/pico-sdk/lib/tinyusb/src/class/cdc/cdc_device.c.o
                0x100060b8                cdcd_open
 .text.cdcd_control_xfer_cb
                0x100061a4      0x140 CMakeFiles/pico_enclosure_system.dir/home/nout/pico-sdk/lib/tinyusb/src/class/cdc/cdc_device.c.o
                0x100061a4                cdcd_control_xfer_cb
 .text.cdcd_xfer_cb
                0x100062e4      0x148 CMakeFiles/pico_enclosure_system.dir/home/nout/pico-sdk/lib/tinyusb/src/class/cdc/cdc_device.c.o
                0x100062e4                cdcd_xfer_cb
 .text.tud_vendor_n_mounted
                0x1000642c       0x3c CMakeFiles/pico_enclosure_system.dir/home/nout/pico-sdk/lib/tinyusb/src/class/vendor/vendor_device.c.o
                0x1000642c                tud_vendor_n_mounted
 .text.tud_vendor_n_write_flush
                0x10006468       0x20 CMakeFiles/pico_enclosure_system.dir/home/nout/pico-sdk/lib/tinyusb/src/class/vendor/vendor_device.c.o
                0x10006468                tud_vendor_n_write_flush
 .text.vendord_init
                0x10006488       0x9c CMakeFiles/pico_enclosure_system.dir/home/nout/pico-sdk/lib/tinyusb/src/class/vendor/vendor_device.c.o
                0x10006488                vendord_init
 .text.vendord_deinit
                0x10006524       0x34 CMakeFiles/pico_enclosure_system.dir/home/nout/pico-sdk/lib/tinyusb/src/class/vendor/vendor_device.c.o
                0x10006524                vendord_deinit
 .text.vendord_reset
                0x10006558       0x50 CMakeFiles/pico_enclosure_system.dir/home/nout/pico-sdk/lib/tinyusb/src/class/vendor/vendor_device.c.o
                0x10006558                vendord_reset
 .text.vendord_open
                0x100065a8      0x14c CMakeFiles/pico_enclosure_system.dir/home/nout/pico-sdk/lib/tinyusb/src/class/vendor/vendor_device.c.o
                0x100065a8                vendord_open
 .text.vendord_xfer_cb
                0x100066f4       0xd8 CMakeFiles/pico_enclosure_system.dir/home/nout/pico-sdk/lib/tinyusb/src/class/vendor/vendor_device.c.o
                0x100066f4                vendord_xfer_cb
 .text.tusb_rhport_init
                0x100067cc       0x7c CMakeFiles/pico_enclosure_system.dir/home/nout/pico-sdk/lib/tinyusb/src/tusb.c.o
                0x100067cc                tusb_rhport_init
 .text.tu_edpt_claim
                0x10006848       0x50 CMakeFiles/pico_enclosure_system.dir/home/nout/pico-sdk/lib/tinyusb/src/tusb.c.o
                0x10006848                tu_edpt_claim
 .text.tu_edpt_release
                0x10006898       0x38 CMakeFiles/pico_enclosure_system.dir/home/nout/pico-sdk/lib/tinyusb/src/tusb.c.o
                0x10006898                tu_edpt_release
 .text.tu_edpt_validate
                0x100068d0       0xac CMakeFiles/pico_enclosure_system.dir/home/nout/pico-sdk/lib/tinyusb/src/tusb.c.o
                0x100068d0                tu_edpt_validate
 .text.tu_edpt_bind_driver
                0x1000697c       0x26 CMakeFiles/pico_enclosure_system.dir/home/nout/pico-sdk/lib/tinyusb/src/tusb.c.o
                0x1000697c                tu_edpt_bind_driver
 .text.tu_edpt_stream_init
                0x100069a2       0x62 CMakeFiles/pico_enclosure_system.dir/home/nout/pico-sdk/lib/tinyusb/src/tusb.c.o
                0x100069a2                tu_edpt_stream_init
 .text.tu_edpt_stream_deinit
                0x10006a04        0x4 CMakeFiles/pico_enclosure_system.dir/home/nout/pico-sdk/lib/tinyusb/src/tusb.c.o
                0x10006a04                tu_edpt_stream_deinit
 .text.tu_edpt_stream_write_zlp_if_needed
                0x10006a08       0x80 CMakeFiles/pico_enclosure_system.dir/home/nout/pico-sdk/lib/tinyusb/src/tusb.c.o
                0x10006a08                tu_edpt_stream_write_zlp_if_needed
 .text.tu_edpt_stream_write_xfer
                0x10006a88       0x84 CMakeFiles/pico_enclosure_system.dir/home/nout/pico-sdk/lib/tinyusb/src/tusb.c.o
                0x10006a88                tu_edpt_stream_write_xfer
 .text.tu_edpt_stream_read_xfer
                0x10006b0c       0xf4 CMakeFiles/pico_enclosure_system.dir/home/nout/pico-sdk/lib/tinyusb/src/tusb.c.o
                0x10006b0c                tu_edpt_stream_read_xfer
 .text.advance_index
                0x10006c00       0x1a CMakeFiles/pico_enclosure_system.dir/home/nout/pico-sdk/lib/tinyusb/src/common/tusb_fifo.c.o
 .text._tu_fifo_peek
                0x10006c1a       0x56 CMakeFiles/pico_enclosure_system.dir/home/nout/pico-sdk/lib/tinyusb/src/common/tusb_fifo.c.o
 .text._ff_pull_n
                0x10006c70       0x68 CMakeFiles/pico_enclosure_system.dir/home/nout/pico-sdk/lib/tinyusb/src/common/tusb_fifo.c.o
 .text._tu_fifo_peek_n
                0x10006cd8       0x6a CMakeFiles/pico_enclosure_system.dir/home/nout/pico-sdk/lib/tinyusb/src/common/tusb_fifo.c.o
 .text._tu_fifo_read_n
                0x10006d42       0x4e CMakeFiles/pico_enclosure_system.dir/home/nout/pico-sdk/lib/tinyusb/src/common/tusb_fifo.c.o
 .text._ff_push_n
                0x10006d90       0x68 CMakeFiles/pico_enclosure_system.dir/home/nout/pico-sdk/lib/tinyusb/src/common/tusb_fifo.c.o
 .text._tu_fifo_write_n
                0x10006df8       0xf0 CMakeFiles/pico_enclosure_system.dir/home/nout/pico-sdk/lib/tinyusb/src/common/tusb_fifo.c.o
 .text.tu_fifo_config
                0x10006ee8       0x7c CMakeFiles/pico_enclosure_system.dir/home/nout/pico-sdk/lib/tinyusb/src/common/tusb_fifo.c.o
                0x10006ee8                tu_fifo_config
 .text.tu_fifo_count
                0x10006f64       0x2a CMakeFiles/pico_enclosure_system.dir/home/nout/pico-sdk/lib/tinyusb/src/common/tusb_fifo.c.o
                0x10006f64                tu_fifo_count
 .text.tu_fifo_empty
                0x10006f8e        0xe CMakeFiles/pico_enclosure_system.dir/home/nout/pico-sdk/lib/tinyusb/src/common/tusb_fifo.c.o
                0x10006f8e                tu_fifo_empty
 .text.tu_fifo_full
                0x10006f9c       0x28 CMakeFiles/pico_enclosure_system.dir/home/nout/pico-sdk/lib/tinyusb/src/common/tusb_fifo.c.o
                0x10006f9c                tu_fifo_full
 .text.tu_fifo_remaining
                0x10006fc4       0x2c CMakeFiles/pico_enclosure_system.dir/home/nout/pico-sdk/lib/tinyusb/src/common/tusb_fifo.c.o
                0x10006fc4                tu_fifo_remaining
 .text.tu_fifo_read
                0x10006ff0       0x42 CMakeFiles/pico_enclosure_system.dir/home/nout/pico-sdk/lib/tinyusb/src/common/tusb_fifo.c.o
                0x10006ff0                tu_fifo_read
 .text.tu_fifo_read_n
                0x10007032        0xa CMakeFiles/pico_enclosure_system.dir/home/nout/pico-sdk/lib/tinyusb/src/common/tusb_fifo.c.o
                0x10007032                tu_fifo_read_n
 .text.tu_fifo_write
                0x1000703c       0x64 CMakeFiles/pico_enclosure_system.dir/home/nout/pico-sdk/lib/tinyusb/src/common/tusb_fifo.c.o
                0x1000703c                tu_fifo_write
 .text.tu_fifo_write_n
                0x100070a0        0xa CMakeFiles/pico_enclosure_system.dir/home/nout/pico-sdk/lib/tinyusb/src/common/tusb_fifo.c.o
                0x100070a0                tu_fifo_write_n
 .text.tu_fifo_clear
                0x100070aa       0x3e CMakeFiles/pico_enclosure_system.dir/home/nout/pico-sdk/lib/tinyusb/src/common/tusb_fifo.c.o
                0x100070aa                tu_fifo_clear
 .text.tu_fifo_set_overwritable
                0x100070e8       0x46 CMakeFiles/pico_enclosure_system.dir/home/nout/pico-sdk/lib/tinyusb/src/common/tusb_fifo.c.o
                0x100070e8                tu_fifo_set_overwritable
 *fill*         0x1000712e        0x2 
 .text          0x10007130       0x10 /usr/lib/gcc/arm-none-eabi/13.2.1/../../../arm-none-eabi/lib/thumb/v6-m/nofp/libg.a(libc_a-atexit.o)
                0x10007130                atexit
 .text          0x10007140       0x5c /usr/lib/gcc/arm-none-eabi/13.2.1/../../../arm-none-eabi/lib/thumb/v6-m/nofp/libg.a(libc_a-strlen-stub.o)
                0x10007140                strlen
 .text          0x1000719c       0x28 /usr/lib/gcc/arm-none-eabi/13.2.1/../../../arm-none-eabi/lib/thumb/v6-m/nofp/libg.a(libc_a-fini.o)
                0x1000719c                __libc_fini_array
 .text          0x100071c4       0x78 /usr/lib/gcc/arm-none-eabi/13.2.1/../../../arm-none-eabi/lib/thumb/v6-m/nofp/libg.a(libc_a-__atexit.o)
                0x100071c4                __register_exitproc
 .text.startup  0x1000723c       0x18 /usr/lib/gcc/arm-none-eabi/13.2.1/../../../arm-none-eabi/lib/thumb/v6-m/nofp/libg.a(libc_a-__call_atexit.o)
 *(.fini)
 .fini          0x10007254        0x4 /usr/lib/gcc/arm-none-eabi/13.2.1/thumb/v6-m/nofp/crti.o
                0x10007254                _fini
 .fini.__stub   0x10007258       0xd0 linker stubs
 *crtbegin.o(.ctors)
 *crtbegin?.o(.ctors)
 *(EXCLUDE_FILE(*crtend.o *crtend?.o) .ctors)
 *(SORT_BY_NAME(.ctors.*))
 *(.ctors)
 *crtbegin.o(.dtors)
 *crtbegin?.o(.dtors)
 *(EXCLUDE_FILE(*crtend.o *crtend?.o) .dtors)
 *(SORT_BY_NAME(.dtors.*))
 *(.dtors)
                0x10007328                        . = ALIGN (0x4)
                0x10007328                        PROVIDE (__preinit_array_start = .)
 *(SORT_BY_NAME(.preinit_array.*))
 .preinit_array.00100
                0x10007328        0x4 CMakeFiles/pico_enclosure_system.dir/home/nout/pico-sdk/src/rp2_common/pico_runtime_init/runtime_init.c.o
                0x10007328                __pre_init_runtime_init_early_resets
 .preinit_array.00101
                0x1000732c        0x4 CMakeFiles/pico_enclosure_system.dir/home/nout/pico-sdk/src/rp2_common/pico_runtime_init/runtime_init.c.o
                0x1000732c                __pre_init_runtime_init_usb_power_down
 .preinit_array.00275
                0x10007330        0x4 CMakeFiles/pico_enclosure_system.dir/home/nout/pico-sdk/src/rp2_common/pico_bit_ops/bit_ops_aeabi.S.o
 .preinit_array.00300
                0x10007334        0x4 CMakeFiles/pico_enclosure_system.dir/home/nout/pico-sdk/src/rp2_common/pico_mem_ops/mem_ops_aeabi.S.o
 .preinit_array.00350
                0x10007338        0x4 CMakeFiles/pico_enclosure_system.dir/home/nout/pico-sdk/src/rp2_common/pico_double/double_aeabi_rp2040.S.o
 .preinit_array.00350
                0x1000733c        0x4 CMakeFiles/pico_enclosure_system.dir/home/nout/pico-sdk/src/rp2_common/pico_float/float_aeabi_rp2040.S.o
 .preinit_array.00500
                0x10007340        0x4 CMakeFiles/pico_enclosure_system.dir/home/nout/pico-sdk/src/rp2_common/pico_runtime_init/runtime_init.c.o
                0x10007340                __pre_init_runtime_init_clocks
 .preinit_array.00600
                0x10007344        0x4 CMakeFiles/pico_enclosure_system.dir/home/nout/pico-sdk/src/rp2_common/pico_runtime_init/runtime_init.c.o
                0x10007344                __pre_init_runtime_init_post_clock_resets
 .preinit_array.00700
                0x10007348        0x4 CMakeFiles/pico_enclosure_system.dir/home/nout/pico-sdk/src/rp2_common/pico_runtime_init/runtime_init.c.o
                0x10007348                __pre_init_runtime_init_rp2040_gpio_ie_disable
 .preinit_array.01000
                0x1000734c        0x4 CMakeFiles/pico_enclosure_system.dir/home/nout/pico-sdk/src/rp2_common/pico_runtime_init/runtime_init.c.o
                0x1000734c                __pre_init_runtime_init_spin_locks_reset
 .preinit_array.01100
                0x10007350        0x4 CMakeFiles/pico_enclosure_system.dir/home/nout/pico-sdk/src/common/pico_sync/mutex.c.o
                0x10007350                __pre_init_runtime_init_mutex
 .preinit_array.10080
                0x10007354        0x4 CMakeFiles/pico_enclosure_system.dir/home/nout/pico-sdk/src/rp2_common/pico_runtime_init/runtime_init.c.o
                0x10007354                __pre_init_runtime_init_install_ram_vector_table
 .preinit_array.11000
                0x10007358        0x4 CMakeFiles/pico_enclosure_system.dir/home/nout/pico-sdk/src/common/pico_time/time.c.o
                0x10007358                __pre_init_runtime_init_default_alarm_pool
 .preinit_array.YYYYY
                0x1000735c        0x4 CMakeFiles/pico_enclosure_system.dir/home/nout/pico-sdk/src/rp2_common/pico_runtime/runtime.c.o
                0x1000735c                __pre_init_first_per_core_initializer
 .preinit_array.ZZZZZ.01200
                0x10007360        0x4 CMakeFiles/pico_enclosure_system.dir/home/nout/pico-sdk/src/rp2_common/hardware_irq/irq.c.o
                0x10007360                __pre_init_runtime_init_per_core_irq_priorities
 *(.preinit_array)
                0x10007364                        PROVIDE (__preinit_array_end = .)
                0x10007364                        . = ALIGN (0x4)
                0x10007364                        PROVIDE (__init_array_start = .)
 *(SORT_BY_NAME(.init_array.*))
 .init_array.00000
                0x10007364        0x4 /usr/lib/gcc/arm-none-eabi/13.2.1/../../../arm-none-eabi/lib/thumb/v6-m/nofp/libg.a(libc_a-__call_atexit.o)
 *(.init_array)
 .init_array    0x10007368        0x4 /usr/lib/gcc/arm-none-eabi/13.2.1/thumb/v6-m/nofp/crtbegin.o
 .init_array    0x1000736c        0x4 CMakeFiles/pico_enclosure_system.dir/home/nout/pico-sdk/src/rp2_common/pico_unique_id/unique_id.c.o
                0x10007370                        PROVIDE (__init_array_end = .)
                0x10007370                        . = ALIGN (0x4)
                0x10007370                        PROVIDE (__fini_array_start = .)
 *(SORT_BY_NAME(.fini_array.*))
 *(.fini_array)
                0x10007370                        PROVIDE (__fini_array_end = .)
 *(.eh_frame*)
 .eh_frame      0x10007370        0x0 /usr/lib/gcc/arm-none-eabi/13.2.1/thumb/v6-m/nofp/crtbegin.o
                0x10007370                        . = ALIGN (0x4)

.glue_7         0x10007370        0x0
 .glue_7        0x10007370        0x0 linker stubs

.glue_7t        0x10007370        0x0
 .glue_7t       0x10007370        0x0 linker stubs

.vfp11_veneer   0x10007370        0x0
 .vfp11_veneer  0x10007370        0x0 linker stubs

.v4_bx          0x10007370        0x0
 .v4_bx         0x10007370        0x0 linker stubs

.iplt           0x10007370        0x0
 .iplt          0x10007370        0x0 /usr/lib/gcc/arm-none-eabi/13.2.1/thumb/v6-m/nofp/crtbegin.o

.rodata         0x10007370     0x16a0
 *(EXCLUDE_FILE(*libm.a: *libc.a:*lib_a-mem*.o *libgcc.a:) .rodata*)
 .rodata.protothread1.str1.4
                0x10007370      0xc57 CMakeFiles/pico_enclosure_system.dir/src/main.c.o
                                 0x51 (size before relaxing)
 .rodata.main.str1.4
                0x10007fc7       0x20 CMakeFiles/pico_enclosure_system.dir/src/main.c.o
 *fill*         0x10007fc7        0x1 
 .rodata.font5x7
                0x10007fc8      0x1e0 CMakeFiles/pico_enclosure_system.dir/src/font5x7.c.o
                0x10007fc8                font5x7
 .rodata        0x100081a8       0x1a CMakeFiles/pico_enclosure_system.dir/src/oled_lib.c.o
 .rodata.gpio_add_raw_irq_handler_with_order_priority_masked.str1.4
                0x100081c2       0x64 CMakeFiles/pico_enclosure_system.dir/home/nout/pico-sdk/src/rp2_common/hardware_gpio/gpio.c.o
 .rodata.gpio_set_irq_enabled.str1.4
                0x100081c2       0x2a CMakeFiles/pico_enclosure_system.dir/home/nout/pico-sdk/src/rp2_common/hardware_gpio/gpio.c.o
 *fill*         0x100081c2        0x2 
 .rodata.__func__.4
                0x100081c4       0x15 CMakeFiles/pico_enclosure_system.dir/home/nout/pico-sdk/src/rp2_common/hardware_gpio/gpio.c.o
 .rodata.rp2040_chip_version.str1.4
                0x100081d9       0x6d CMakeFiles/pico_enclosure_system.dir/home/nout/pico-sdk/src/rp2040/pico_platform/platform.c.o
 *fill*         0x100081d9        0x3 
 .rodata.__func__.0
                0x100081dc       0x14 CMakeFiles/pico_enclosure_system.dir/home/nout/pico-sdk/src/rp2040/pico_platform/platform.c.o
 .rodata.panic.str1.4
                0x100081f0       0x12 CMakeFiles/pico_enclosure_system.dir/home/nout/pico-sdk/src/rp2_common/pico_platform_panic/panic.c.o
 .rodata.spin_lock_claim_unused.str1.4
                0x100081f0       0x1b CMakeFiles/pico_enclosure_system.dir/home/nout/pico-sdk/src/rp2_common/hardware_sync/sync.c.o
 .rodata.resolve_j_16.str1.4
                0x100081f0       0x4e CMakeFiles/pico_enclosure_system.dir/home/nout/pico-sdk/src/rp2_common/hardware_irq/irq.c.o
 .rodata.make_j_16.str1.4
                0x100081f0       0x30 CMakeFiles/pico_enclosure_system.dir/home/nout/pico-sdk/src/rp2_common/hardware_irq/irq.c.o
 .rodata.insert_bl_32.str1.4
                0x100081f0       0x10 CMakeFiles/pico_enclosure_system.dir/home/nout/pico-sdk/src/rp2_common/hardware_irq/irq.c.o
 .rodata.irq_set_exclusive_handler.str1.4
                0x100081f0       0x36 CMakeFiles/pico_enclosure_system.dir/home/nout/pico-sdk/src/rp2_common/hardware_irq/irq.c.o
 .rodata.irq_add_shared_handler.str1.4
                0x100081f0       0xd2 CMakeFiles/pico_enclosure_system.dir/home/nout/pico-sdk/src/rp2_common/hardware_irq/irq.c.o
 .rodata.irq_remove_handler.str1.4
                0x100081f0       0x3a CMakeFiles/pico_enclosure_system.dir/home/nout/pico-sdk/src/rp2_common/hardware_irq/irq.c.o
 .rodata.irq_add_tail_to_free_list.str1.4
                0x100081f0       0x3a CMakeFiles/pico_enclosure_system.dir/home/nout/pico-sdk/src/rp2_common/hardware_irq/irq.c.o
 .rodata.user_irq_claim_unused.str1.4
                0x100081f0       0x1b CMakeFiles/pico_enclosure_system.dir/home/nout/pico-sdk/src/rp2_common/hardware_irq/irq.c.o
 .rodata.__func__.0
                0x100081f0       0x1a CMakeFiles/pico_enclosure_system.dir/home/nout/pico-sdk/src/rp2_common/hardware_irq/irq.c.o
 *fill*         0x1000820a        0x2 
 .rodata.__func__.1
                0x1000820c        0xd CMakeFiles/pico_enclosure_system.dir/home/nout/pico-sdk/src/rp2_common/hardware_irq/irq.c.o
 *fill*         0x10008219        0x3 
 .rodata.__func__.2
                0x1000821c       0x13 CMakeFiles/pico_enclosure_system.dir/home/nout/pico-sdk/src/rp2_common/hardware_irq/irq.c.o
 *fill*         0x1000822f        0x1 
 .rodata.__func__.3
                0x10008230        0xa CMakeFiles/pico_enclosure_system.dir/home/nout/pico-sdk/src/rp2_common/hardware_irq/irq.c.o
 *fill*         0x1000823a        0x2 
 .rodata.__func__.4
                0x1000823c        0xd CMakeFiles/pico_enclosure_system.dir/home/nout/pico-sdk/src/rp2_common/hardware_irq/irq.c.o
 *fill*         0x10008249        0x3 
 .rodata.__func__.5
                0x1000824c       0x17 CMakeFiles/pico_enclosure_system.dir/home/nout/pico-sdk/src/rp2_common/hardware_irq/irq.c.o
 *fill*         0x10008263        0x1 
 .rodata.__func__.6
                0x10008264       0x1a CMakeFiles/pico_enclosure_system.dir/home/nout/pico-sdk/src/rp2_common/hardware_irq/irq.c.o
 .rodata.runtime_init_mutex.str1.4
                0x1000827e       0x51 CMakeFiles/pico_enclosure_system.dir/home/nout/pico-sdk/src/common/pico_sync/mutex.c.o
 .rodata.str1.4
                0x1000827e       0x51 CMakeFiles/pico_enclosure_system.dir/home/nout/pico-sdk/src/common/pico_sync/mutex.c.o
 *fill*         0x1000827e        0x2 
 .rodata.__func__.1
                0x10008280        0xb CMakeFiles/pico_enclosure_system.dir/home/nout/pico-sdk/src/common/pico_sync/mutex.c.o
 *fill*         0x1000828b        0x1 
 .rodata.__func__.3
                0x1000828c       0x18 CMakeFiles/pico_enclosure_system.dir/home/nout/pico-sdk/src/common/pico_sync/mutex.c.o
 .rodata.__func__.6
                0x100082a4       0x13 CMakeFiles/pico_enclosure_system.dir/home/nout/pico-sdk/src/common/pico_sync/mutex.c.o
 .rodata.alarm_pool_irq_handler.str1.4
                0x100082b7       0x5c CMakeFiles/pico_enclosure_system.dir/home/nout/pico-sdk/src/common/pico_time/time.c.o
 .rodata.alarm_pool_get_default.str1.4
                0x100082b7       0x21 CMakeFiles/pico_enclosure_system.dir/home/nout/pico-sdk/src/common/pico_time/time.c.o
 .rodata.sleep_until.str1.4
                0x100082b7       0x4d CMakeFiles/pico_enclosure_system.dir/home/nout/pico-sdk/src/common/pico_time/time.c.o
 *fill*         0x100082b7        0x1 
 .rodata.__func__.1
                0x100082b8       0x17 CMakeFiles/pico_enclosure_system.dir/home/nout/pico-sdk/src/common/pico_time/time.c.o
 *fill*         0x100082cf        0x1 
 .rodata.__func__.2
                0x100082d0       0x17 CMakeFiles/pico_enclosure_system.dir/home/nout/pico-sdk/src/common/pico_time/time.c.o
 .rodata.timer_hardware_alarm_claim.str1.4
                0x100082e7       0x22 CMakeFiles/pico_enclosure_system.dir/home/nout/pico-sdk/src/rp2_common/hardware_timer/timer.c.o
 .rodata.pll_init.str1.4
                0x100082e7      0x10c CMakeFiles/pico_enclosure_system.dir/home/nout/pico-sdk/src/rp2_common/hardware_pll/pll.c.o
 *fill*         0x100082e7        0x1 
 .rodata.__func__.0
                0x100082e8        0x9 CMakeFiles/pico_enclosure_system.dir/home/nout/pico-sdk/src/rp2_common/hardware_pll/pll.c.o
 .rodata.__aeabi_double_init.str1.4
                0x100082f1       0x8c CMakeFiles/pico_enclosure_system.dir/home/nout/pico-sdk/src/rp2_common/pico_double/double_init_rom_rp2040.c.o
 *fill*         0x100082f1        0x3 
 .rodata.__func__.0
                0x100082f4       0x14 CMakeFiles/pico_enclosure_system.dir/home/nout/pico-sdk/src/rp2_common/pico_double/double_init_rom_rp2040.c.o
 .rodata.__aeabi_float_init.str1.4
                0x10008308       0x7e CMakeFiles/pico_enclosure_system.dir/home/nout/pico-sdk/src/rp2_common/pico_float/float_init_rom_rp2040.c.o
 .rodata.__func__.0
                0x10008308       0x13 CMakeFiles/pico_enclosure_system.dir/home/nout/pico-sdk/src/rp2_common/pico_float/float_init_rom_rp2040.c.o
 .rodata.str1.4
                0x1000831b       0x4c CMakeFiles/pico_enclosure_system.dir/home/nout/pico-sdk/src/rp2_common/pico_standard_binary_info/standard_binary_info.c.o
 *fill*         0x1000831b        0x1 
 .rodata.__bi_84
                0x1000831c        0xc CMakeFiles/pico_enclosure_system.dir/home/nout/pico-sdk/src/rp2_common/pico_standard_binary_info/standard_binary_info.c.o
 .rodata.__bi_78
                0x10008328        0xc CMakeFiles/pico_enclosure_system.dir/home/nout/pico-sdk/src/rp2_common/pico_standard_binary_info/standard_binary_info.c.o
 .rodata.__bi_54
                0x10008334        0xc CMakeFiles/pico_enclosure_system.dir/home/nout/pico-sdk/src/rp2_common/pico_standard_binary_info/standard_binary_info.c.o
 .rodata.__bi_48
                0x10008340        0xc CMakeFiles/pico_enclosure_system.dir/home/nout/pico-sdk/src/rp2_common/pico_standard_binary_info/standard_binary_info.c.o
 .rodata.__bi_42
                0x1000834c        0xc CMakeFiles/pico_enclosure_system.dir/home/nout/pico-sdk/src/rp2_common/pico_standard_binary_info/standard_binary_info.c.o
 .rodata.__bi_34
                0x10008358        0xc CMakeFiles/pico_enclosure_system.dir/home/nout/pico-sdk/src/rp2_common/pico_standard_binary_info/standard_binary_info.c.o
 .rodata.__bi_26
                0x10008364        0xc CMakeFiles/pico_enclosure_system.dir/home/nout/pico-sdk/src/rp2_common/pico_standard_binary_info/standard_binary_info.c.o
 .rodata._ftoa.str1.4
                0x10008370       0x15 CMakeFiles/pico_enclosure_system.dir/home/nout/pico-sdk/src/rp2_common/pico_printf/printf.c.o
 .rodata._vsnprintf
                0x10008370      0x19c CMakeFiles/pico_enclosure_system.dir/home/nout/pico-sdk/src/rp2_common/pico_printf/printf.c.o
 *fill*         0x1000850c        0x4 
 .rodata.pow10.0
                0x10008510       0x50 CMakeFiles/pico_enclosure_system.dir/home/nout/pico-sdk/src/rp2_common/pico_printf/printf.c.o
 .rodata.__assert_func.str1.4
                0x10008560       0x43 CMakeFiles/pico_enclosure_system.dir/home/nout/pico-sdk/src/rp2_common/pico_clib_interface/newlib_interface.c.o
 .rodata.crlf_str.0
                0x10008560        0x2 CMakeFiles/pico_enclosure_system.dir/home/nout/pico-sdk/src/rp2_common/pico_stdio/stdio.c.o
 *fill*         0x10008562        0x2 
 .rodata._resetd_driver
                0x10008564       0x20 CMakeFiles/pico_enclosure_system.dir/home/nout/pico-sdk/src/rp2_common/pico_stdio_usb/reset_interface.c.o
 .rodata.desc_ms_os_20
                0x10008584       0xa6 CMakeFiles/pico_enclosure_system.dir/home/nout/pico-sdk/src/rp2_common/pico_stdio_usb/reset_interface.c.o
 *fill*         0x1000862a        0x2 
 .rodata.desc_bos
                0x1000862c       0x21 CMakeFiles/pico_enclosure_system.dir/home/nout/pico-sdk/src/rp2_common/pico_stdio_usb/reset_interface.c.o
                0x1000862c                desc_bos
 .rodata.stdio_usb_init.str1.4
                0x1000864d       0x46 CMakeFiles/pico_enclosure_system.dir/home/nout/pico-sdk/src/rp2_common/pico_stdio_usb/stdio_usb.c.o
 .rodata.str1.4
                0x1000864d       0x13 CMakeFiles/pico_enclosure_system.dir/home/nout/pico-sdk/src/rp2_common/pico_stdio_usb/stdio_usb.c.o
 *fill*         0x1000864d        0x3 
 .rodata.__bi_197.1
                0x10008650        0xc CMakeFiles/pico_enclosure_system.dir/home/nout/pico-sdk/src/rp2_common/pico_stdio_usb/stdio_usb.c.o
 .rodata.__func__.2
                0x1000865c        0xf CMakeFiles/pico_enclosure_system.dir/home/nout/pico-sdk/src/rp2_common/pico_stdio_usb/stdio_usb.c.o
 .rodata.str1.4
                0x1000866b       0x2a CMakeFiles/pico_enclosure_system.dir/home/nout/pico-sdk/src/rp2_common/pico_stdio_usb/stdio_usb_descriptors.c.o
 *fill*         0x1000866b        0x1 
 .rodata.usbd_desc_str
                0x1000866c       0x18 CMakeFiles/pico_enclosure_system.dir/home/nout/pico-sdk/src/rp2_common/pico_stdio_usb/stdio_usb_descriptors.c.o
 .rodata.usbd_desc_cfg
                0x10008684       0x54 CMakeFiles/pico_enclosure_system.dir/home/nout/pico-sdk/src/rp2_common/pico_stdio_usb/stdio_usb_descriptors.c.o
 .rodata.usbd_desc_device
                0x100086d8       0x12 CMakeFiles/pico_enclosure_system.dir/home/nout/pico-sdk/src/rp2_common/pico_stdio_usb/stdio_usb_descriptors.c.o
 .rodata.pico_get_unique_board_id_string.str1.4
                0x100086ea       0x46 CMakeFiles/pico_enclosure_system.dir/home/nout/pico-sdk/src/rp2_common/pico_unique_id/unique_id.c.o
 *fill*         0x100086ea        0x2 
 .rodata.__func__.0
                0x100086ec       0x20 CMakeFiles/pico_enclosure_system.dir/home/nout/pico-sdk/src/rp2_common/pico_unique_id/unique_id.c.o
 .rodata.str1.4
                0x1000870c      0x189 CMakeFiles/pico_enclosure_system.dir/home/nout/pico-sdk/src/rp2_common/hardware_flash/flash.c.o
 .rodata.__func__.0
                0x1000870c        0xd CMakeFiles/pico_enclosure_system.dir/home/nout/pico-sdk/src/rp2_common/hardware_flash/flash.c.o
 .rodata.hw_endpoint_alloc.str1.4
                0x10008719       0x91 CMakeFiles/pico_enclosure_system.dir/home/nout/pico-sdk/lib/tinyusb/src/portable/raspberrypi/rp2040/dcd_rp2040.c.o
 .rodata.str1.4
                0x10008719       0x14 CMakeFiles/pico_enclosure_system.dir/home/nout/pico-sdk/lib/tinyusb/src/portable/raspberrypi/rp2040/dcd_rp2040.c.o
 .rodata.dcd_int_enable.str1.4
                0x10008719        0xc CMakeFiles/pico_enclosure_system.dir/home/nout/pico-sdk/lib/tinyusb/src/portable/raspberrypi/rp2040/dcd_rp2040.c.o
 *fill*         0x10008719        0x3 
 .rodata.__func__.0
                0x1000871c        0xe CMakeFiles/pico_enclosure_system.dir/home/nout/pico-sdk/lib/tinyusb/src/portable/raspberrypi/rp2040/dcd_rp2040.c.o
 *fill*         0x1000872a        0x2 
 .rodata.__func__.3
                0x1000872c       0x10 CMakeFiles/pico_enclosure_system.dir/home/nout/pico-sdk/lib/tinyusb/src/portable/raspberrypi/rp2040/dcd_rp2040.c.o
 .rodata.__func__.5
                0x1000873c        0xf CMakeFiles/pico_enclosure_system.dir/home/nout/pico-sdk/lib/tinyusb/src/portable/raspberrypi/rp2040/dcd_rp2040.c.o
 *fill*         0x1000874b        0x1 
 .rodata.__func__.6
                0x1000874c       0x12 CMakeFiles/pico_enclosure_system.dir/home/nout/pico-sdk/lib/tinyusb/src/portable/raspberrypi/rp2040/dcd_rp2040.c.o
 *fill*         0x1000875e        0x2 
 .rodata.__func__.7
                0x10008760        0x9 CMakeFiles/pico_enclosure_system.dir/home/nout/pico-sdk/lib/tinyusb/src/portable/raspberrypi/rp2040/dcd_rp2040.c.o
 .rodata.str1.4
                0x10008769       0xd8 CMakeFiles/pico_enclosure_system.dir/home/nout/pico-sdk/lib/tinyusb/src/portable/raspberrypi/rp2040/rp2040_usb.c.o
 .rodata.hw_endpoint_xfer_start.str1.4
                0x10008769       0x38 CMakeFiles/pico_enclosure_system.dir/home/nout/pico-sdk/lib/tinyusb/src/portable/raspberrypi/rp2040/rp2040_usb.c.o
 *fill*         0x10008769        0x3 
 .rodata.__func__.0
                0x1000876c        0xf CMakeFiles/pico_enclosure_system.dir/home/nout/pico-sdk/lib/tinyusb/src/portable/raspberrypi/rp2040/rp2040_usb.c.o
 .rodata.configuration_reset.str1.4
                0x1000877b       0x17 CMakeFiles/pico_enclosure_system.dir/home/nout/pico-sdk/lib/tinyusb/src/device/usbd.c.o
 *fill*         0x1000877b        0x1 
 .rodata.process_get_descriptor
                0x1000877c       0x40 CMakeFiles/pico_enclosure_system.dir/home/nout/pico-sdk/lib/tinyusb/src/device/usbd.c.o
 .rodata        0x100087bc       0x1c CMakeFiles/pico_enclosure_system.dir/home/nout/pico-sdk/lib/tinyusb/src/device/usbd.c.o
 .rodata.process_control_request
                0x100087d8       0x28 CMakeFiles/pico_enclosure_system.dir/home/nout/pico-sdk/lib/tinyusb/src/device/usbd.c.o
 .rodata.tud_task_ext
                0x10008800       0x24 CMakeFiles/pico_enclosure_system.dir/home/nout/pico-sdk/lib/tinyusb/src/device/usbd.c.o
 .rodata.__func__.3
                0x10008824        0xf CMakeFiles/pico_enclosure_system.dir/home/nout/pico-sdk/lib/tinyusb/src/device/usbd.c.o
 *fill*         0x10008833        0x1 
 .rodata.__func__.4
                0x10008834        0xf CMakeFiles/pico_enclosure_system.dir/home/nout/pico-sdk/lib/tinyusb/src/device/usbd.c.o
 *fill*         0x10008843        0x1 
 .rodata.__func__.5
                0x10008844       0x14 CMakeFiles/pico_enclosure_system.dir/home/nout/pico-sdk/lib/tinyusb/src/device/usbd.c.o
 .rodata.__func__.6
                0x10008858        0xc CMakeFiles/pico_enclosure_system.dir/home/nout/pico-sdk/lib/tinyusb/src/device/usbd.c.o
 .rodata.__func__.7
                0x10008864       0x17 CMakeFiles/pico_enclosure_system.dir/home/nout/pico-sdk/lib/tinyusb/src/device/usbd.c.o
 *fill*         0x1000887b        0x1 
 .rodata.__func__.8
                0x1000887c       0x13 CMakeFiles/pico_enclosure_system.dir/home/nout/pico-sdk/lib/tinyusb/src/device/usbd.c.o
 *fill*         0x1000888f        0x1 
 .rodata.__func__.9
                0x10008890       0x18 CMakeFiles/pico_enclosure_system.dir/home/nout/pico-sdk/lib/tinyusb/src/device/usbd.c.o
 .rodata.__func__.10
                0x100088a8       0x14 CMakeFiles/pico_enclosure_system.dir/home/nout/pico-sdk/lib/tinyusb/src/device/usbd.c.o
 .rodata.__func__.11
                0x100088bc        0xd CMakeFiles/pico_enclosure_system.dir/home/nout/pico-sdk/lib/tinyusb/src/device/usbd.c.o
 *fill*         0x100088c9        0x3 
 .rodata.__func__.12
                0x100088cc       0x10 CMakeFiles/pico_enclosure_system.dir/home/nout/pico-sdk/lib/tinyusb/src/device/usbd.c.o
 .rodata._usbd_driver
                0x100088dc       0x40 CMakeFiles/pico_enclosure_system.dir/home/nout/pico-sdk/lib/tinyusb/src/device/usbd.c.o
 .rodata.tud_control_xfer.str1.4
                0x1000891c       0x17 CMakeFiles/pico_enclosure_system.dir/home/nout/pico-sdk/lib/tinyusb/src/device/usbd_control.c.o
 .rodata.__func__.0
                0x1000891c       0x15 CMakeFiles/pico_enclosure_system.dir/home/nout/pico-sdk/lib/tinyusb/src/device/usbd_control.c.o
 *fill*         0x10008931        0x3 
 .rodata.__func__.1
                0x10008934       0x11 CMakeFiles/pico_enclosure_system.dir/home/nout/pico-sdk/lib/tinyusb/src/device/usbd_control.c.o
 .rodata.tud_cdc_n_write_flush.str1.4
                0x10008945       0x17 CMakeFiles/pico_enclosure_system.dir/home/nout/pico-sdk/lib/tinyusb/src/class/cdc/cdc_device.c.o
 *fill*         0x10008945        0x3 
 .rodata.__func__.0
                0x10008948        0xd CMakeFiles/pico_enclosure_system.dir/home/nout/pico-sdk/lib/tinyusb/src/class/cdc/cdc_device.c.o
 *fill*         0x10008955        0x3 
 .rodata.__func__.1
                0x10008958        0xa CMakeFiles/pico_enclosure_system.dir/home/nout/pico-sdk/lib/tinyusb/src/class/cdc/cdc_device.c.o
 *fill*         0x10008962        0x2 
 .rodata.__func__.3
                0x10008964       0x16 CMakeFiles/pico_enclosure_system.dir/home/nout/pico-sdk/lib/tinyusb/src/class/cdc/cdc_device.c.o
 .rodata.vendord_open.str1.4
                0x1000897a       0x17 CMakeFiles/pico_enclosure_system.dir/home/nout/pico-sdk/lib/tinyusb/src/class/vendor/vendor_device.c.o
 *fill*         0x1000897a        0x2 
 .rodata.__func__.0
                0x1000897c        0xd CMakeFiles/pico_enclosure_system.dir/home/nout/pico-sdk/lib/tinyusb/src/class/vendor/vendor_device.c.o
 .rodata.tusb_rhport_init.str1.4
                0x10008989       0x17 CMakeFiles/pico_enclosure_system.dir/home/nout/pico-sdk/lib/tinyusb/src/tusb.c.o
 *fill*         0x10008989        0x3 
 .rodata.__func__.0
                0x1000898c       0x19 CMakeFiles/pico_enclosure_system.dir/home/nout/pico-sdk/lib/tinyusb/src/tusb.c.o
 *fill*         0x100089a5        0x3 
 .rodata.__func__.2
                0x100089a8       0x1a CMakeFiles/pico_enclosure_system.dir/home/nout/pico-sdk/lib/tinyusb/src/tusb.c.o
 *fill*         0x100089c2        0x2 
 .rodata.__func__.3
                0x100089c4       0x23 CMakeFiles/pico_enclosure_system.dir/home/nout/pico-sdk/lib/tinyusb/src/tusb.c.o
 *fill*         0x100089e7        0x1 
 .rodata.__func__.4
                0x100089e8       0x11 CMakeFiles/pico_enclosure_system.dir/home/nout/pico-sdk/lib/tinyusb/src/tusb.c.o
 *fill*         0x100089f9        0x3 
 .rodata.__func__.5
                0x100089fc       0x11 CMakeFiles/pico_enclosure_system.dir/home/nout/pico-sdk/lib/tinyusb/src/tusb.c.o
                0x10008a10                        . = ALIGN (0x4)
 *fill*         0x10008a0d        0x3 
 *(SORT_BY_ALIGNMENT(SORT_BY_NAME(.flashdata*)))
                0x10008a10                        . = ALIGN (0x4)

.ARM.extab
 *(.ARM.extab* .gnu.linkonce.armextab.*)
                0x10008a10                        __exidx_start = .

.ARM.exidx
 *(.ARM.exidx* .gnu.linkonce.armexidx.*)
                0x10008a10                        __exidx_end = .